[      0.00s] Arguments: epochs=50, batch_size=64, learning_rate=0.1
[      0.05s] Using device: cuda
[      9.24s] Epoch 01/50 | train loss: 1.8953, train acc: 0.3195 | validation loss: 1.5742, validation acc: 0.4310
[     16.57s] Epoch 02/50 | train loss: 1.4597, train acc: 0.4630 | validation loss: 1.4395, validation acc: 0.4882
[     23.88s] Epoch 03/50 | train loss: 1.2105, train acc: 0.5675 | validation loss: 1.1449, validation acc: 0.5900
[     31.19s] Epoch 04/50 | train loss: 0.9956, train acc: 0.6488 | validation loss: 0.9324, validation acc: 0.6783
[     38.51s] Epoch 05/50 | train loss: 0.8349, train acc: 0.7096 | validation loss: 0.8168, validation acc: 0.7226
[     45.82s] Epoch 06/50 | train loss: 0.7350, train acc: 0.7454 | validation loss: 0.8148, validation acc: 0.7280
[     53.14s] Epoch 07/50 | train loss: 0.6772, train acc: 0.7671 | validation loss: 0.7444, validation acc: 0.7516
[     60.46s] Epoch 08/50 | train loss: 0.6353, train acc: 0.7802 | validation loss: 0.9285, validation acc: 0.7012
[     67.78s] Epoch 09/50 | train loss: 0.6106, train acc: 0.7924 | validation loss: 0.6531, validation acc: 0.7760
[     75.09s] Epoch 10/50 | train loss: 0.5972, train acc: 0.7960 | validation loss: 0.7777, validation acc: 0.7454
[     82.41s] Epoch 11/50 | train loss: 0.5694, train acc: 0.8045 | validation loss: 0.7935, validation acc: 0.7489
[     89.72s] Epoch 12/50 | train loss: 0.5490, train acc: 0.8119 | validation loss: 0.7526, validation acc: 0.7523
[     97.03s] Epoch 13/50 | train loss: 0.5391, train acc: 0.8160 | validation loss: 0.8037, validation acc: 0.7446
[    104.35s] Epoch 14/50 | train loss: 0.5243, train acc: 0.8194 | validation loss: 0.6186, validation acc: 0.7962
[    111.68s] Epoch 15/50 | train loss: 0.5106, train acc: 0.8245 | validation loss: 0.6080, validation acc: 0.7950
[    119.00s] Epoch 16/50 | train loss: 0.4956, train acc: 0.8305 | validation loss: 0.6660, validation acc: 0.7809
[    126.32s] Epoch 17/50 | train loss: 0.4849, train acc: 0.8338 | validation loss: 0.4879, validation acc: 0.8351
[    133.63s] Epoch 18/50 | train loss: 0.4727, train acc: 0.8388 | validation loss: 0.5998, validation acc: 0.8016
[    140.94s] Epoch 19/50 | train loss: 0.4597, train acc: 0.8420 | validation loss: 0.5507, validation acc: 0.8143
[    148.28s] Epoch 20/50 | train loss: 0.4404, train acc: 0.8495 | validation loss: 0.5154, validation acc: 0.8328
[    155.60s] Epoch 21/50 | train loss: 0.4362, train acc: 0.8508 | validation loss: 0.6381, validation acc: 0.7858
[    162.92s] Epoch 22/50 | train loss: 0.4226, train acc: 0.8579 | validation loss: 0.5000, validation acc: 0.8272
[    170.23s] Epoch 23/50 | train loss: 0.4099, train acc: 0.8601 | validation loss: 0.4941, validation acc: 0.8353
[    177.54s] Epoch 24/50 | train loss: 0.3900, train acc: 0.8655 | validation loss: 0.5964, validation acc: 0.7992
[    184.85s] Epoch 25/50 | train loss: 0.3842, train acc: 0.8689 | validation loss: 0.6616, validation acc: 0.7850
[    192.17s] Epoch 26/50 | train loss: 0.3706, train acc: 0.8747 | validation loss: 0.4822, validation acc: 0.8392
[    199.49s] Epoch 27/50 | train loss: 0.3568, train acc: 0.8776 | validation loss: 0.4542, validation acc: 0.8491
[    206.79s] Epoch 28/50 | train loss: 0.3403, train acc: 0.8839 | validation loss: 0.4569, validation acc: 0.8432
[    214.12s] Epoch 29/50 | train loss: 0.3222, train acc: 0.8894 | validation loss: 0.4603, validation acc: 0.8478
[    221.43s] Epoch 30/50 | train loss: 0.3096, train acc: 0.8944 | validation loss: 0.4564, validation acc: 0.8530
[    228.75s] Epoch 31/50 | train loss: 0.2948, train acc: 0.8993 | validation loss: 0.3854, validation acc: 0.8744
[    236.05s] Epoch 32/50 | train loss: 0.2757, train acc: 0.9059 | validation loss: 0.4681, validation acc: 0.8420
[    243.35s] Epoch 33/50 | train loss: 0.2615, train acc: 0.9104 | validation loss: 0.5226, validation acc: 0.8334
[    250.67s] Epoch 34/50 | train loss: 0.2435, train acc: 0.9157 | validation loss: 0.3458, validation acc: 0.8891
[    257.99s] Epoch 35/50 | train loss: 0.2187, train acc: 0.9265 | validation loss: 0.3656, validation acc: 0.8850
[    265.31s] Epoch 36/50 | train loss: 0.2067, train acc: 0.9285 | validation loss: 0.3565, validation acc: 0.8867
[    272.61s] Epoch 37/50 | train loss: 0.1830, train acc: 0.9369 | validation loss: 0.3544, validation acc: 0.8846
[    279.92s] Epoch 38/50 | train loss: 0.1640, train acc: 0.9435 | validation loss: 0.3321, validation acc: 0.8953
[    287.23s] Epoch 39/50 | train loss: 0.1434, train acc: 0.9521 | validation loss: 0.2867, validation acc: 0.9091
[    294.55s] Epoch 40/50 | train loss: 0.1206, train acc: 0.9593 | validation loss: 0.2794, validation acc: 0.9147
[    301.86s] Epoch 41/50 | train loss: 0.1007, train acc: 0.9654 | validation loss: 0.2606, validation acc: 0.9202
[    309.17s] Epoch 42/50 | train loss: 0.0837, train acc: 0.9714 | validation loss: 0.2601, validation acc: 0.9214
[    316.50s] Epoch 43/50 | train loss: 0.0624, train acc: 0.9791 | validation loss: 0.2595, validation acc: 0.9228
[    323.82s] Epoch 44/50 | train loss: 0.0480, train acc: 0.9842 | validation loss: 0.2534, validation acc: 0.9278
[    331.14s] Epoch 45/50 | train loss: 0.0370, train acc: 0.9886 | validation loss: 0.2289, validation acc: 0.9338
[    338.47s] Epoch 46/50 | train loss: 0.0261, train acc: 0.9930 | validation loss: 0.2310, validation acc: 0.9322
[    345.80s] Epoch 47/50 | train loss: 0.0219, train acc: 0.9939 | validation loss: 0.2227, validation acc: 0.9371
[    353.12s] Epoch 48/50 | train loss: 0.0163, train acc: 0.9963 | validation loss: 0.2200, validation acc: 0.9383
[    360.45s] Epoch 49/50 | train loss: 0.0145, train acc: 0.9964 | validation loss: 0.2187, validation acc: 0.9377
[    367.76s] Epoch 50/50 | train loss: 0.0140, train acc: 0.9965 | validation loss: 0.2221, validation acc: 0.9377
