[      0.00s] Arguments: epochs=50, batch_size=64, learning_rate=0.01
[      0.05s] Using device: cuda
[      9.23s] Epoch 01/50 | train loss: 1.5478, train acc: 0.4353 | validation loss: 1.2815, validation acc: 0.5461
[     16.54s] Epoch 02/50 | train loss: 1.0584, train acc: 0.6247 | validation loss: 1.0074, validation acc: 0.6491
[     23.86s] Epoch 03/50 | train loss: 0.8048, train acc: 0.7198 | validation loss: 0.8010, validation acc: 0.7186
[     31.18s] Epoch 04/50 | train loss: 0.6784, train acc: 0.7660 | validation loss: 0.6855, validation acc: 0.7689
[     38.51s] Epoch 05/50 | train loss: 0.5921, train acc: 0.7939 | validation loss: 0.6014, validation acc: 0.8010
[     45.85s] Epoch 06/50 | train loss: 0.5283, train acc: 0.8154 | validation loss: 0.6086, validation acc: 0.7996
[     53.18s] Epoch 07/50 | train loss: 0.4832, train acc: 0.8351 | validation loss: 0.5848, validation acc: 0.8022
[     60.50s] Epoch 08/50 | train loss: 0.4414, train acc: 0.8482 | validation loss: 0.5070, validation acc: 0.8324
[     67.82s] Epoch 09/50 | train loss: 0.4041, train acc: 0.8604 | validation loss: 0.5112, validation acc: 0.8350
[     75.14s] Epoch 10/50 | train loss: 0.3744, train acc: 0.8710 | validation loss: 0.4535, validation acc: 0.8473
[     82.47s] Epoch 11/50 | train loss: 0.3478, train acc: 0.8801 | validation loss: 0.4247, validation acc: 0.8624
[     89.79s] Epoch 12/50 | train loss: 0.3261, train acc: 0.8871 | validation loss: 0.4019, validation acc: 0.8691
[     97.11s] Epoch 13/50 | train loss: 0.3024, train acc: 0.8945 | validation loss: 0.3786, validation acc: 0.8787
[    104.43s] Epoch 14/50 | train loss: 0.2807, train acc: 0.9024 | validation loss: 0.4450, validation acc: 0.8602
[    111.77s] Epoch 15/50 | train loss: 0.2614, train acc: 0.9097 | validation loss: 0.3601, validation acc: 0.8864
[    119.10s] Epoch 16/50 | train loss: 0.2543, train acc: 0.9105 | validation loss: 0.4153, validation acc: 0.8708
[    126.43s] Epoch 17/50 | train loss: 0.2340, train acc: 0.9197 | validation loss: 0.3833, validation acc: 0.8790
[    133.76s] Epoch 18/50 | train loss: 0.2232, train acc: 0.9233 | validation loss: 0.3683, validation acc: 0.8833
[    141.08s] Epoch 19/50 | train loss: 0.2053, train acc: 0.9291 | validation loss: 0.3732, validation acc: 0.8879
[    148.37s] Epoch 20/50 | train loss: 0.1885, train acc: 0.9340 | validation loss: 0.3344, validation acc: 0.8961
[    155.67s] Epoch 21/50 | train loss: 0.1771, train acc: 0.9381 | validation loss: 0.3321, validation acc: 0.8976
[    162.97s] Epoch 22/50 | train loss: 0.1623, train acc: 0.9430 | validation loss: 0.3453, validation acc: 0.8957
[    170.28s] Epoch 23/50 | train loss: 0.1513, train acc: 0.9475 | validation loss: 0.3110, validation acc: 0.9068
[    177.56s] Epoch 24/50 | train loss: 0.1420, train acc: 0.9492 | validation loss: 0.3347, validation acc: 0.9009
[    184.86s] Epoch 25/50 | train loss: 0.1250, train acc: 0.9563 | validation loss: 0.3685, validation acc: 0.8883
[    192.17s] Epoch 26/50 | train loss: 0.1148, train acc: 0.9609 | validation loss: 0.3134, validation acc: 0.9079
[    199.47s] Epoch 27/50 | train loss: 0.1054, train acc: 0.9643 | validation loss: 0.3307, validation acc: 0.9044
[    206.77s] Epoch 28/50 | train loss: 0.0940, train acc: 0.9676 | validation loss: 0.3402, validation acc: 0.9021
[    214.08s] Epoch 29/50 | train loss: 0.0829, train acc: 0.9717 | validation loss: 0.3090, validation acc: 0.9112
[    221.39s] Epoch 30/50 | train loss: 0.0764, train acc: 0.9738 | validation loss: 0.3129, validation acc: 0.9128
[    228.68s] Epoch 31/50 | train loss: 0.0638, train acc: 0.9789 | validation loss: 0.3155, validation acc: 0.9146
[    235.98s] Epoch 32/50 | train loss: 0.0568, train acc: 0.9815 | validation loss: 0.3041, validation acc: 0.9189
[    243.27s] Epoch 33/50 | train loss: 0.0493, train acc: 0.9838 | validation loss: 0.3046, validation acc: 0.9202
[    250.58s] Epoch 34/50 | train loss: 0.0421, train acc: 0.9863 | validation loss: 0.3085, validation acc: 0.9198
[    257.87s] Epoch 35/50 | train loss: 0.0335, train acc: 0.9897 | validation loss: 0.2886, validation acc: 0.9240
[    265.17s] Epoch 36/50 | train loss: 0.0278, train acc: 0.9920 | validation loss: 0.2955, validation acc: 0.9223
[    272.45s] Epoch 37/50 | train loss: 0.0229, train acc: 0.9938 | validation loss: 0.2783, validation acc: 0.9263
[    279.74s] Epoch 38/50 | train loss: 0.0184, train acc: 0.9953 | validation loss: 0.2894, validation acc: 0.9268
[    287.03s] Epoch 39/50 | train loss: 0.0162, train acc: 0.9960 | validation loss: 0.2847, validation acc: 0.9270
[    294.35s] Epoch 40/50 | train loss: 0.0151, train acc: 0.9961 | validation loss: 0.2804, validation acc: 0.9280
[    301.65s] Epoch 41/50 | train loss: 0.0125, train acc: 0.9973 | validation loss: 0.2785, validation acc: 0.9278
[    308.96s] Epoch 42/50 | train loss: 0.0118, train acc: 0.9974 | validation loss: 0.2780, validation acc: 0.9309
[    316.26s] Epoch 43/50 | train loss: 0.0096, train acc: 0.9980 | validation loss: 0.2767, validation acc: 0.9299
[    323.55s] Epoch 44/50 | train loss: 0.0098, train acc: 0.9981 | validation loss: 0.2772, validation acc: 0.9310
[    330.86s] Epoch 45/50 | train loss: 0.0080, train acc: 0.9987 | validation loss: 0.2750, validation acc: 0.9306
[    338.17s] Epoch 46/50 | train loss: 0.0081, train acc: 0.9985 | validation loss: 0.2746, validation acc: 0.9316
[    345.47s] Epoch 47/50 | train loss: 0.0077, train acc: 0.9987 | validation loss: 0.2757, validation acc: 0.9306
[    352.78s] Epoch 48/50 | train loss: 0.0075, train acc: 0.9987 | validation loss: 0.2768, validation acc: 0.9318
[    360.09s] Epoch 49/50 | train loss: 0.0075, train acc: 0.9989 | validation loss: 0.2768, validation acc: 0.9307
[    367.40s] Epoch 50/50 | train loss: 0.0079, train acc: 0.9985 | validation loss: 0.2743, validation acc: 0.9316
