[      0.00s] Arguments: epochs=50, batch_size=128, learning_rate=0.5
[      0.05s] Using device: cuda
[      8.41s] Epoch 01/50 | train loss: 2.6363, train acc: 0.1240 | validation loss: 2.1539, validation acc: 0.1940
[     14.89s] Epoch 02/50 | train loss: 1.9221, train acc: 0.2660 | validation loss: 1.7788, validation acc: 0.3311
[     21.37s] Epoch 03/50 | train loss: 1.6800, train acc: 0.3669 | validation loss: 1.6331, validation acc: 0.3930
[     27.86s] Epoch 04/50 | train loss: 1.5686, train acc: 0.4178 | validation loss: 1.6162, validation acc: 0.4142
[     34.33s] Epoch 05/50 | train loss: 1.4056, train acc: 0.4859 | validation loss: 2.1259, validation acc: 0.3411
[     40.82s] Epoch 06/50 | train loss: 1.1958, train acc: 0.5739 | validation loss: 1.5095, validation acc: 0.4786
[     47.29s] Epoch 07/50 | train loss: 1.0700, train acc: 0.6240 | validation loss: 1.2642, validation acc: 0.5810
[     53.77s] Epoch 08/50 | train loss: 0.9635, train acc: 0.6644 | validation loss: 1.4533, validation acc: 0.5344
[     60.25s] Epoch 09/50 | train loss: 0.9198, train acc: 0.6815 | validation loss: 1.4345, validation acc: 0.5563
[     66.74s] Epoch 10/50 | train loss: 0.8745, train acc: 0.6978 | validation loss: 1.2346, validation acc: 0.6067
[     73.22s] Epoch 11/50 | train loss: 0.8630, train acc: 0.7024 | validation loss: 2.0136, validation acc: 0.4926
[     79.70s] Epoch 12/50 | train loss: 0.8318, train acc: 0.7136 | validation loss: 1.2077, validation acc: 0.6070
[     86.19s] Epoch 13/50 | train loss: 0.8164, train acc: 0.7186 | validation loss: 1.1544, validation acc: 0.6239
[     92.67s] Epoch 14/50 | train loss: 0.8058, train acc: 0.7223 | validation loss: 1.1259, validation acc: 0.6269
[     99.15s] Epoch 15/50 | train loss: 0.7805, train acc: 0.7321 | validation loss: 2.8139, validation acc: 0.4232
[    105.62s] Epoch 16/50 | train loss: 0.7775, train acc: 0.7328 | validation loss: 1.2592, validation acc: 0.6080
[    112.09s] Epoch 17/50 | train loss: 0.7546, train acc: 0.7399 | validation loss: 1.3016, validation acc: 0.5969
[    118.57s] Epoch 18/50 | train loss: 0.7437, train acc: 0.7454 | validation loss: 0.8487, validation acc: 0.7210
[    125.05s] Epoch 19/50 | train loss: 0.7388, train acc: 0.7480 | validation loss: 1.1640, validation acc: 0.6193
[    131.54s] Epoch 20/50 | train loss: 0.7183, train acc: 0.7527 | validation loss: 0.8057, validation acc: 0.7323
[    138.01s] Epoch 21/50 | train loss: 0.7049, train acc: 0.7591 | validation loss: 1.1600, validation acc: 0.6176
[    144.49s] Epoch 22/50 | train loss: 0.6983, train acc: 0.7608 | validation loss: 0.9131, validation acc: 0.6923
[    150.97s] Epoch 23/50 | train loss: 0.6696, train acc: 0.7708 | validation loss: 2.2649, validation acc: 0.4950
[    157.45s] Epoch 24/50 | train loss: 0.6624, train acc: 0.7722 | validation loss: 0.8661, validation acc: 0.7116
[    163.93s] Epoch 25/50 | train loss: 0.6454, train acc: 0.7789 | validation loss: 0.9981, validation acc: 0.6784
[    170.41s] Epoch 26/50 | train loss: 0.6250, train acc: 0.7841 | validation loss: 2.1372, validation acc: 0.5504
[    176.89s] Epoch 27/50 | train loss: 0.6112, train acc: 0.7909 | validation loss: 1.3154, validation acc: 0.6380
[    183.37s] Epoch 28/50 | train loss: 0.5940, train acc: 0.7965 | validation loss: 0.8764, validation acc: 0.7107
[    189.84s] Epoch 29/50 | train loss: 0.5801, train acc: 0.8001 | validation loss: 0.9313, validation acc: 0.7067
[    196.32s] Epoch 30/50 | train loss: 0.5503, train acc: 0.8115 | validation loss: 0.6691, validation acc: 0.7759
[    202.81s] Epoch 31/50 | train loss: 0.5358, train acc: 0.8153 | validation loss: 0.8350, validation acc: 0.7167
[    209.28s] Epoch 32/50 | train loss: 0.5204, train acc: 0.8198 | validation loss: 0.6591, validation acc: 0.7831
[    215.77s] Epoch 33/50 | train loss: 0.4929, train acc: 0.8296 | validation loss: 0.6209, validation acc: 0.7971
[    222.25s] Epoch 34/50 | train loss: 0.4728, train acc: 0.8374 | validation loss: 0.6470, validation acc: 0.7858
[    228.74s] Epoch 35/50 | train loss: 0.4517, train acc: 0.8452 | validation loss: 0.8059, validation acc: 0.7323
[    235.22s] Epoch 36/50 | train loss: 0.4273, train acc: 0.8531 | validation loss: 0.5400, validation acc: 0.8170
[    241.70s] Epoch 37/50 | train loss: 0.4011, train acc: 0.8614 | validation loss: 0.5702, validation acc: 0.8103
[    248.19s] Epoch 38/50 | train loss: 0.3752, train acc: 0.8724 | validation loss: 0.4668, validation acc: 0.8424
[    254.67s] Epoch 39/50 | train loss: 0.3514, train acc: 0.8785 | validation loss: 0.4330, validation acc: 0.8508
[    261.15s] Epoch 40/50 | train loss: 0.3247, train acc: 0.8885 | validation loss: 0.4237, validation acc: 0.8597
[    267.63s] Epoch 41/50 | train loss: 0.2941, train acc: 0.8986 | validation loss: 0.4719, validation acc: 0.8500
[    274.12s] Epoch 42/50 | train loss: 0.2651, train acc: 0.9082 | validation loss: 0.3812, validation acc: 0.8763
[    280.60s] Epoch 43/50 | train loss: 0.2322, train acc: 0.9212 | validation loss: 0.3629, validation acc: 0.8839
[    287.08s] Epoch 44/50 | train loss: 0.2034, train acc: 0.9297 | validation loss: 0.3301, validation acc: 0.8899
[    293.56s] Epoch 45/50 | train loss: 0.1706, train acc: 0.9413 | validation loss: 0.3086, validation acc: 0.8999
[    300.03s] Epoch 46/50 | train loss: 0.1412, train acc: 0.9518 | validation loss: 0.2950, validation acc: 0.9098
[    306.51s] Epoch 47/50 | train loss: 0.1149, train acc: 0.9612 | validation loss: 0.2776, validation acc: 0.9156
[    313.00s] Epoch 48/50 | train loss: 0.0939, train acc: 0.9692 | validation loss: 0.2684, validation acc: 0.9172
[    319.48s] Epoch 49/50 | train loss: 0.0792, train acc: 0.9742 | validation loss: 0.2662, validation acc: 0.9184
[    325.97s] Epoch 50/50 | train loss: 0.0756, train acc: 0.9760 | validation loss: 0.2627, validation acc: 0.9200
