[      0.00s] Arguments: epochs=50, batch_size=128, learning_rate=0.01
[      0.05s] Using device: cuda
[      8.41s] Epoch 01/50 | train loss: 1.5396, train acc: 0.4365 | validation loss: 1.4405, validation acc: 0.5022
[     14.89s] Epoch 02/50 | train loss: 1.0645, train acc: 0.6208 | validation loss: 1.1085, validation acc: 0.6214
[     21.37s] Epoch 03/50 | train loss: 0.8247, train acc: 0.7108 | validation loss: 0.8927, validation acc: 0.7011
[     27.86s] Epoch 04/50 | train loss: 0.6824, train acc: 0.7624 | validation loss: 0.7165, validation acc: 0.7571
[     34.34s] Epoch 05/50 | train loss: 0.6038, train acc: 0.7905 | validation loss: 0.8091, validation acc: 0.7380
[     40.82s] Epoch 06/50 | train loss: 0.5337, train acc: 0.8155 | validation loss: 0.5789, validation acc: 0.8044
[     47.29s] Epoch 07/50 | train loss: 0.4821, train acc: 0.8334 | validation loss: 0.5858, validation acc: 0.8087
[     53.76s] Epoch 08/50 | train loss: 0.4391, train acc: 0.8493 | validation loss: 0.6129, validation acc: 0.7987
[     60.24s] Epoch 09/50 | train loss: 0.4048, train acc: 0.8591 | validation loss: 0.5082, validation acc: 0.8363
[     66.72s] Epoch 10/50 | train loss: 0.3754, train acc: 0.8689 | validation loss: 0.4487, validation acc: 0.8483
[     73.20s] Epoch 11/50 | train loss: 0.3472, train acc: 0.8781 | validation loss: 0.4714, validation acc: 0.8494
[     79.68s] Epoch 12/50 | train loss: 0.3222, train acc: 0.8864 | validation loss: 0.4097, validation acc: 0.8664
[     86.16s] Epoch 13/50 | train loss: 0.3063, train acc: 0.8938 | validation loss: 0.4414, validation acc: 0.8581
[     92.64s] Epoch 14/50 | train loss: 0.2773, train acc: 0.9021 | validation loss: 0.4858, validation acc: 0.8460
[     99.13s] Epoch 15/50 | train loss: 0.2587, train acc: 0.9102 | validation loss: 0.4464, validation acc: 0.8584
[    105.61s] Epoch 16/50 | train loss: 0.2400, train acc: 0.9159 | validation loss: 0.4576, validation acc: 0.8578
[    112.09s] Epoch 17/50 | train loss: 0.2171, train acc: 0.9243 | validation loss: 0.4129, validation acc: 0.8718
[    118.57s] Epoch 18/50 | train loss: 0.2096, train acc: 0.9266 | validation loss: 0.4252, validation acc: 0.8694
[    125.05s] Epoch 19/50 | train loss: 0.1949, train acc: 0.9318 | validation loss: 0.3618, validation acc: 0.8859
[    131.53s] Epoch 20/50 | train loss: 0.1825, train acc: 0.9352 | validation loss: 0.4010, validation acc: 0.8789
[    138.01s] Epoch 21/50 | train loss: 0.1671, train acc: 0.9421 | validation loss: 0.3505, validation acc: 0.8936
[    144.50s] Epoch 22/50 | train loss: 0.1525, train acc: 0.9461 | validation loss: 0.4026, validation acc: 0.8781
[    150.99s] Epoch 23/50 | train loss: 0.1430, train acc: 0.9496 | validation loss: 0.3904, validation acc: 0.8822
[    157.48s] Epoch 24/50 | train loss: 0.1293, train acc: 0.9550 | validation loss: 0.3568, validation acc: 0.8961
[    163.96s] Epoch 25/50 | train loss: 0.1219, train acc: 0.9574 | validation loss: 0.3955, validation acc: 0.8898
[    170.45s] Epoch 26/50 | train loss: 0.1029, train acc: 0.9646 | validation loss: 0.3620, validation acc: 0.8979
[    176.94s] Epoch 27/50 | train loss: 0.0950, train acc: 0.9664 | validation loss: 0.3437, validation acc: 0.9026
[    183.43s] Epoch 28/50 | train loss: 0.0861, train acc: 0.9700 | validation loss: 0.3745, validation acc: 0.8918
[    189.91s] Epoch 29/50 | train loss: 0.0742, train acc: 0.9739 | validation loss: 0.3519, validation acc: 0.9052
[    196.39s] Epoch 30/50 | train loss: 0.0687, train acc: 0.9759 | validation loss: 0.3443, validation acc: 0.9078
[    202.87s] Epoch 31/50 | train loss: 0.0564, train acc: 0.9812 | validation loss: 0.3519, validation acc: 0.9033
[    209.34s] Epoch 32/50 | train loss: 0.0483, train acc: 0.9841 | validation loss: 0.3371, validation acc: 0.9111
[    215.82s] Epoch 33/50 | train loss: 0.0445, train acc: 0.9861 | validation loss: 0.3480, validation acc: 0.9100
[    222.31s] Epoch 34/50 | train loss: 0.0363, train acc: 0.9889 | validation loss: 0.3286, validation acc: 0.9139
[    228.80s] Epoch 35/50 | train loss: 0.0315, train acc: 0.9906 | validation loss: 0.3295, validation acc: 0.9139
[    235.29s] Epoch 36/50 | train loss: 0.0267, train acc: 0.9926 | validation loss: 0.3332, validation acc: 0.9170
[    241.78s] Epoch 37/50 | train loss: 0.0236, train acc: 0.9934 | validation loss: 0.3339, validation acc: 0.9157
[    248.26s] Epoch 38/50 | train loss: 0.0206, train acc: 0.9945 | validation loss: 0.3142, validation acc: 0.9178
[    254.74s] Epoch 39/50 | train loss: 0.0172, train acc: 0.9954 | validation loss: 0.3193, validation acc: 0.9187
[    261.22s] Epoch 40/50 | train loss: 0.0153, train acc: 0.9964 | validation loss: 0.3190, validation acc: 0.9193
[    267.71s] Epoch 41/50 | train loss: 0.0140, train acc: 0.9968 | validation loss: 0.3251, validation acc: 0.9202
[    274.19s] Epoch 42/50 | train loss: 0.0132, train acc: 0.9971 | validation loss: 0.3173, validation acc: 0.9204
[    280.67s] Epoch 43/50 | train loss: 0.0123, train acc: 0.9974 | validation loss: 0.3157, validation acc: 0.9223
[    287.16s] Epoch 44/50 | train loss: 0.0108, train acc: 0.9980 | validation loss: 0.3179, validation acc: 0.9221
[    293.63s] Epoch 45/50 | train loss: 0.0111, train acc: 0.9979 | validation loss: 0.3149, validation acc: 0.9219
[    300.12s] Epoch 46/50 | train loss: 0.0101, train acc: 0.9981 | validation loss: 0.3159, validation acc: 0.9214
[    306.60s] Epoch 47/50 | train loss: 0.0100, train acc: 0.9983 | validation loss: 0.3176, validation acc: 0.9216
[    313.09s] Epoch 48/50 | train loss: 0.0093, train acc: 0.9985 | validation loss: 0.3158, validation acc: 0.9222
[    319.58s] Epoch 49/50 | train loss: 0.0092, train acc: 0.9988 | validation loss: 0.3148, validation acc: 0.9231
[    326.07s] Epoch 50/50 | train loss: 0.0101, train acc: 0.9982 | validation loss: 0.3154, validation acc: 0.9222
