[      0.00s] Arguments: epochs=50, batch_size=64, learning_rate=0.005
[      0.05s] Using device: cuda
[      9.29s] Epoch 01/50 | train loss: 1.5114, train acc: 0.4459 | validation loss: 1.2840, validation acc: 0.5411
[     16.66s] Epoch 02/50 | train loss: 1.0238, train acc: 0.6339 | validation loss: 1.0697, validation acc: 0.6250
[     24.03s] Epoch 03/50 | train loss: 0.7955, train acc: 0.7222 | validation loss: 0.7145, validation acc: 0.7518
[     31.42s] Epoch 04/50 | train loss: 0.6704, train acc: 0.7656 | validation loss: 0.7513, validation acc: 0.7546
[     38.78s] Epoch 05/50 | train loss: 0.5885, train acc: 0.7967 | validation loss: 0.7481, validation acc: 0.7469
[     46.11s] Epoch 06/50 | train loss: 0.5316, train acc: 0.8144 | validation loss: 0.5449, validation acc: 0.8156
[     53.46s] Epoch 07/50 | train loss: 0.4780, train acc: 0.8345 | validation loss: 0.5143, validation acc: 0.8266
[     60.83s] Epoch 08/50 | train loss: 0.4361, train acc: 0.8494 | validation loss: 0.5071, validation acc: 0.8328
[     68.19s] Epoch 09/50 | train loss: 0.3993, train acc: 0.8626 | validation loss: 0.4722, validation acc: 0.8440
[     75.56s] Epoch 10/50 | train loss: 0.3682, train acc: 0.8716 | validation loss: 0.6190, validation acc: 0.8044
[     82.91s] Epoch 11/50 | train loss: 0.3458, train acc: 0.8788 | validation loss: 0.4709, validation acc: 0.8507
[     90.29s] Epoch 12/50 | train loss: 0.3236, train acc: 0.8883 | validation loss: 0.3977, validation acc: 0.8672
[     97.68s] Epoch 13/50 | train loss: 0.2982, train acc: 0.8964 | validation loss: 0.4488, validation acc: 0.8571
[    105.04s] Epoch 14/50 | train loss: 0.2757, train acc: 0.9039 | validation loss: 0.4227, validation acc: 0.8678
[    112.41s] Epoch 15/50 | train loss: 0.2605, train acc: 0.9080 | validation loss: 0.3804, validation acc: 0.8771
[    119.75s] Epoch 16/50 | train loss: 0.2412, train acc: 0.9156 | validation loss: 0.3772, validation acc: 0.8804
[    127.11s] Epoch 17/50 | train loss: 0.2285, train acc: 0.9194 | validation loss: 0.3660, validation acc: 0.8859
[    134.48s] Epoch 18/50 | train loss: 0.2095, train acc: 0.9260 | validation loss: 0.4534, validation acc: 0.8633
[    141.86s] Epoch 19/50 | train loss: 0.1998, train acc: 0.9297 | validation loss: 0.3764, validation acc: 0.8828
[    149.20s] Epoch 20/50 | train loss: 0.1810, train acc: 0.9358 | validation loss: 0.3599, validation acc: 0.8891
[    156.57s] Epoch 21/50 | train loss: 0.1659, train acc: 0.9422 | validation loss: 0.3549, validation acc: 0.8936
[    163.92s] Epoch 22/50 | train loss: 0.1604, train acc: 0.9435 | validation loss: 0.3605, validation acc: 0.8901
[    171.28s] Epoch 23/50 | train loss: 0.1413, train acc: 0.9511 | validation loss: 0.3598, validation acc: 0.8972
[    178.65s] Epoch 24/50 | train loss: 0.1319, train acc: 0.9532 | validation loss: 0.3569, validation acc: 0.8962
[    186.00s] Epoch 25/50 | train loss: 0.1191, train acc: 0.9577 | validation loss: 0.3698, validation acc: 0.8956
[    193.39s] Epoch 26/50 | train loss: 0.1113, train acc: 0.9616 | validation loss: 0.3366, validation acc: 0.9043
[    200.72s] Epoch 27/50 | train loss: 0.0995, train acc: 0.9662 | validation loss: 0.3352, validation acc: 0.9040
[    208.07s] Epoch 28/50 | train loss: 0.0902, train acc: 0.9695 | validation loss: 0.3307, validation acc: 0.9064
[    215.42s] Epoch 29/50 | train loss: 0.0790, train acc: 0.9732 | validation loss: 0.3336, validation acc: 0.9082
[    222.79s] Epoch 30/50 | train loss: 0.0695, train acc: 0.9765 | validation loss: 0.3302, validation acc: 0.9084
[    230.15s] Epoch 31/50 | train loss: 0.0626, train acc: 0.9795 | validation loss: 0.3362, validation acc: 0.9081
[    237.53s] Epoch 32/50 | train loss: 0.0512, train acc: 0.9833 | validation loss: 0.3169, validation acc: 0.9128
[    244.88s] Epoch 33/50 | train loss: 0.0455, train acc: 0.9850 | validation loss: 0.3323, validation acc: 0.9129
[    252.26s] Epoch 34/50 | train loss: 0.0393, train acc: 0.9873 | validation loss: 0.3205, validation acc: 0.9139
[    259.62s] Epoch 35/50 | train loss: 0.0354, train acc: 0.9891 | validation loss: 0.3137, validation acc: 0.9147
[    266.97s] Epoch 36/50 | train loss: 0.0297, train acc: 0.9914 | validation loss: 0.3179, validation acc: 0.9138
[    274.28s] Epoch 37/50 | train loss: 0.0255, train acc: 0.9926 | validation loss: 0.3046, validation acc: 0.9167
[    281.60s] Epoch 38/50 | train loss: 0.0226, train acc: 0.9934 | validation loss: 0.3122, validation acc: 0.9178
[    288.95s] Epoch 39/50 | train loss: 0.0197, train acc: 0.9949 | validation loss: 0.3124, validation acc: 0.9193
[    296.33s] Epoch 40/50 | train loss: 0.0196, train acc: 0.9947 | validation loss: 0.3135, validation acc: 0.9194
[    303.69s] Epoch 41/50 | train loss: 0.0157, train acc: 0.9964 | validation loss: 0.3116, validation acc: 0.9203
[    311.06s] Epoch 42/50 | train loss: 0.0144, train acc: 0.9968 | validation loss: 0.3046, validation acc: 0.9223
[    318.39s] Epoch 43/50 | train loss: 0.0131, train acc: 0.9971 | validation loss: 0.3088, validation acc: 0.9198
[    325.71s] Epoch 44/50 | train loss: 0.0126, train acc: 0.9972 | validation loss: 0.3079, validation acc: 0.9213
[    333.01s] Epoch 45/50 | train loss: 0.0117, train acc: 0.9978 | validation loss: 0.3080, validation acc: 0.9213
[    340.32s] Epoch 46/50 | train loss: 0.0113, train acc: 0.9977 | validation loss: 0.3037, validation acc: 0.9210
[    347.62s] Epoch 47/50 | train loss: 0.0117, train acc: 0.9977 | validation loss: 0.3040, validation acc: 0.9213
[    354.92s] Epoch 48/50 | train loss: 0.0114, train acc: 0.9977 | validation loss: 0.3030, validation acc: 0.9230
[    362.21s] Epoch 49/50 | train loss: 0.0108, train acc: 0.9980 | validation loss: 0.3076, validation acc: 0.9201
[    369.52s] Epoch 50/50 | train loss: 0.0112, train acc: 0.9980 | validation loss: 0.3033, validation acc: 0.9228
