[      0.00s] Arguments: epochs=50, batch_size=1024, learning_rate=0.01
[      0.05s] Using device: cuda
[      8.86s] Epoch 01/50 | train loss: 1.8005, train acc: 0.3332 | validation loss: 1.5216, validation acc: 0.4314
[     15.80s] Epoch 02/50 | train loss: 1.3702, train acc: 0.4993 | validation loss: 1.3422, validation acc: 0.5177
[     22.75s] Epoch 03/50 | train loss: 1.1444, train acc: 0.5876 | validation loss: 1.1433, validation acc: 0.5932
[     29.70s] Epoch 04/50 | train loss: 0.9924, train acc: 0.6487 | validation loss: 1.0699, validation acc: 0.6343
[     36.65s] Epoch 05/50 | train loss: 0.8766, train acc: 0.6880 | validation loss: 1.1637, validation acc: 0.6237
[     43.61s] Epoch 06/50 | train loss: 0.7806, train acc: 0.7222 | validation loss: 0.9013, validation acc: 0.6939
[     50.56s] Epoch 07/50 | train loss: 0.7075, train acc: 0.7508 | validation loss: 0.7300, validation acc: 0.7482
[     57.51s] Epoch 08/50 | train loss: 0.6450, train acc: 0.7720 | validation loss: 0.8306, validation acc: 0.7354
[     64.46s] Epoch 09/50 | train loss: 0.5955, train acc: 0.7935 | validation loss: 0.7313, validation acc: 0.7514
[     71.41s] Epoch 10/50 | train loss: 0.5545, train acc: 0.8044 | validation loss: 0.6813, validation acc: 0.7730
[     78.36s] Epoch 11/50 | train loss: 0.5159, train acc: 0.8201 | validation loss: 0.6696, validation acc: 0.7771
[     85.31s] Epoch 12/50 | train loss: 0.4776, train acc: 0.8337 | validation loss: 0.7973, validation acc: 0.7452
[     92.26s] Epoch 13/50 | train loss: 0.4514, train acc: 0.8415 | validation loss: 0.6500, validation acc: 0.7832
[     99.21s] Epoch 14/50 | train loss: 0.4213, train acc: 0.8534 | validation loss: 0.8851, validation acc: 0.7410
[    106.16s] Epoch 15/50 | train loss: 0.4066, train acc: 0.8586 | validation loss: 0.5770, validation acc: 0.8128
[    113.11s] Epoch 16/50 | train loss: 0.3788, train acc: 0.8673 | validation loss: 0.6544, validation acc: 0.7894
[    120.06s] Epoch 17/50 | train loss: 0.3564, train acc: 0.8779 | validation loss: 0.5494, validation acc: 0.8271
[    127.01s] Epoch 18/50 | train loss: 0.3390, train acc: 0.8822 | validation loss: 0.6134, validation acc: 0.8096
[    133.96s] Epoch 19/50 | train loss: 0.3297, train acc: 0.8868 | validation loss: 0.5575, validation acc: 0.8250
[    140.91s] Epoch 20/50 | train loss: 0.2973, train acc: 0.8967 | validation loss: 0.5786, validation acc: 0.8251
[    147.86s] Epoch 21/50 | train loss: 0.2868, train acc: 0.8996 | validation loss: 0.6367, validation acc: 0.8102
[    154.81s] Epoch 22/50 | train loss: 0.2735, train acc: 0.9040 | validation loss: 0.5327, validation acc: 0.8366
[    161.76s] Epoch 23/50 | train loss: 0.2547, train acc: 0.9106 | validation loss: 0.4926, validation acc: 0.8487
[    168.71s] Epoch 24/50 | train loss: 0.2411, train acc: 0.9149 | validation loss: 0.4819, validation acc: 0.8509
[    175.66s] Epoch 25/50 | train loss: 0.2283, train acc: 0.9207 | validation loss: 0.4819, validation acc: 0.8509
[    182.61s] Epoch 26/50 | train loss: 0.2142, train acc: 0.9255 | validation loss: 0.4950, validation acc: 0.8536
[    189.56s] Epoch 27/50 | train loss: 0.2016, train acc: 0.9292 | validation loss: 0.5015, validation acc: 0.8460
[    196.51s] Epoch 28/50 | train loss: 0.1883, train acc: 0.9340 | validation loss: 0.5367, validation acc: 0.8410
[    203.47s] Epoch 29/50 | train loss: 0.1760, train acc: 0.9393 | validation loss: 0.4928, validation acc: 0.8579
[    210.41s] Epoch 30/50 | train loss: 0.1655, train acc: 0.9435 | validation loss: 0.5082, validation acc: 0.8561
[    217.37s] Epoch 31/50 | train loss: 0.1544, train acc: 0.9473 | validation loss: 0.4777, validation acc: 0.8640
[    224.32s] Epoch 32/50 | train loss: 0.1480, train acc: 0.9503 | validation loss: 0.4907, validation acc: 0.8619
[    231.27s] Epoch 33/50 | train loss: 0.1365, train acc: 0.9540 | validation loss: 0.4616, validation acc: 0.8678
[    238.22s] Epoch 34/50 | train loss: 0.1303, train acc: 0.9561 | validation loss: 0.4476, validation acc: 0.8721
[    245.17s] Epoch 35/50 | train loss: 0.1210, train acc: 0.9589 | validation loss: 0.4710, validation acc: 0.8720
[    252.12s] Epoch 36/50 | train loss: 0.1114, train acc: 0.9633 | validation loss: 0.4355, validation acc: 0.8743
[    259.07s] Epoch 37/50 | train loss: 0.1073, train acc: 0.9652 | validation loss: 0.4427, validation acc: 0.8779
[    266.03s] Epoch 38/50 | train loss: 0.1020, train acc: 0.9664 | validation loss: 0.4645, validation acc: 0.8737
[    272.98s] Epoch 39/50 | train loss: 0.0955, train acc: 0.9699 | validation loss: 0.4371, validation acc: 0.8774
[    279.93s] Epoch 40/50 | train loss: 0.0915, train acc: 0.9704 | validation loss: 0.4437, validation acc: 0.8761
[    286.88s] Epoch 41/50 | train loss: 0.0873, train acc: 0.9721 | validation loss: 0.4382, validation acc: 0.8797
[    293.83s] Epoch 42/50 | train loss: 0.0842, train acc: 0.9738 | validation loss: 0.4344, validation acc: 0.8812
[    300.79s] Epoch 43/50 | train loss: 0.0790, train acc: 0.9756 | validation loss: 0.4369, validation acc: 0.8809
[    307.73s] Epoch 44/50 | train loss: 0.0768, train acc: 0.9765 | validation loss: 0.4378, validation acc: 0.8781
[    314.69s] Epoch 45/50 | train loss: 0.0775, train acc: 0.9766 | validation loss: 0.4313, validation acc: 0.8823
[    321.65s] Epoch 46/50 | train loss: 0.0734, train acc: 0.9778 | validation loss: 0.4300, validation acc: 0.8814
[    328.61s] Epoch 47/50 | train loss: 0.0718, train acc: 0.9788 | validation loss: 0.4300, validation acc: 0.8808
[    335.56s] Epoch 48/50 | train loss: 0.0718, train acc: 0.9784 | validation loss: 0.4293, validation acc: 0.8816
[    342.51s] Epoch 49/50 | train loss: 0.0729, train acc: 0.9780 | validation loss: 0.4288, validation acc: 0.8812
[    349.48s] Epoch 50/50 | train loss: 0.0720, train acc: 0.9791 | validation loss: 0.4290, validation acc: 0.8813
