[      0.00s] Arguments: epochs=50, batch_size=128, learning_rate=0.001
[      0.06s] Using device: cuda
[      8.42s] Epoch 01/50 | train loss: 1.6806, train acc: 0.3763 | validation loss: 1.4248, validation acc: 0.4772
[     14.91s] Epoch 02/50 | train loss: 1.3007, train acc: 0.5291 | validation loss: 1.3342, validation acc: 0.5271
[     21.40s] Epoch 03/50 | train loss: 1.1037, train acc: 0.6059 | validation loss: 1.1206, validation acc: 0.6116
[     27.92s] Epoch 04/50 | train loss: 0.9719, train acc: 0.6512 | validation loss: 1.0206, validation acc: 0.6409
[     34.48s] Epoch 05/50 | train loss: 0.8722, train acc: 0.6894 | validation loss: 0.8892, validation acc: 0.6930
[     41.03s] Epoch 06/50 | train loss: 0.7822, train acc: 0.7261 | validation loss: 0.8799, validation acc: 0.7023
[     47.52s] Epoch 07/50 | train loss: 0.7140, train acc: 0.7489 | validation loss: 0.7705, validation acc: 0.7358
[     54.09s] Epoch 08/50 | train loss: 0.6559, train acc: 0.7680 | validation loss: 0.7619, validation acc: 0.7400
[     60.62s] Epoch 09/50 | train loss: 0.6112, train acc: 0.7857 | validation loss: 0.7001, validation acc: 0.7639
[     67.16s] Epoch 10/50 | train loss: 0.5677, train acc: 0.8019 | validation loss: 0.6939, validation acc: 0.7721
[     73.69s] Epoch 11/50 | train loss: 0.5367, train acc: 0.8121 | validation loss: 0.6352, validation acc: 0.7867
[     80.25s] Epoch 12/50 | train loss: 0.5041, train acc: 0.8255 | validation loss: 0.6240, validation acc: 0.7920
[     86.78s] Epoch 13/50 | train loss: 0.4777, train acc: 0.8336 | validation loss: 0.5920, validation acc: 0.8036
[     93.31s] Epoch 14/50 | train loss: 0.4481, train acc: 0.8448 | validation loss: 0.5798, validation acc: 0.8057
[     99.85s] Epoch 15/50 | train loss: 0.4274, train acc: 0.8506 | validation loss: 0.5653, validation acc: 0.8131
[    106.36s] Epoch 16/50 | train loss: 0.4064, train acc: 0.8582 | validation loss: 0.5448, validation acc: 0.8187
[    112.88s] Epoch 17/50 | train loss: 0.3838, train acc: 0.8675 | validation loss: 0.5113, validation acc: 0.8304
[    119.43s] Epoch 18/50 | train loss: 0.3635, train acc: 0.8734 | validation loss: 0.5048, validation acc: 0.8300
[    125.97s] Epoch 19/50 | train loss: 0.3503, train acc: 0.8776 | validation loss: 0.5124, validation acc: 0.8322
[    132.50s] Epoch 20/50 | train loss: 0.3305, train acc: 0.8851 | validation loss: 0.4953, validation acc: 0.8364
[    139.04s] Epoch 21/50 | train loss: 0.3123, train acc: 0.8923 | validation loss: 0.4897, validation acc: 0.8412
[    145.57s] Epoch 22/50 | train loss: 0.2994, train acc: 0.8959 | validation loss: 0.4619, validation acc: 0.8468
[    152.10s] Epoch 23/50 | train loss: 0.2853, train acc: 0.9003 | validation loss: 0.4677, validation acc: 0.8479
[    158.66s] Epoch 24/50 | train loss: 0.2713, train acc: 0.9066 | validation loss: 0.4555, validation acc: 0.8497
[    165.18s] Epoch 25/50 | train loss: 0.2585, train acc: 0.9094 | validation loss: 0.4764, validation acc: 0.8472
[    171.67s] Epoch 26/50 | train loss: 0.2476, train acc: 0.9142 | validation loss: 0.4654, validation acc: 0.8522
[    178.16s] Epoch 27/50 | train loss: 0.2313, train acc: 0.9211 | validation loss: 0.5003, validation acc: 0.8473
[    184.65s] Epoch 28/50 | train loss: 0.2248, train acc: 0.9210 | validation loss: 0.4464, validation acc: 0.8572
[    191.18s] Epoch 29/50 | train loss: 0.2082, train acc: 0.9277 | validation loss: 0.4621, validation acc: 0.8549
[    197.72s] Epoch 30/50 | train loss: 0.1995, train acc: 0.9316 | validation loss: 0.4388, validation acc: 0.8609
[    204.22s] Epoch 31/50 | train loss: 0.1859, train acc: 0.9369 | validation loss: 0.4675, validation acc: 0.8577
[    210.76s] Epoch 32/50 | train loss: 0.1779, train acc: 0.9397 | validation loss: 0.4563, validation acc: 0.8599
[    217.31s] Epoch 33/50 | train loss: 0.1706, train acc: 0.9413 | validation loss: 0.4347, validation acc: 0.8674
[    223.87s] Epoch 34/50 | train loss: 0.1589, train acc: 0.9468 | validation loss: 0.4249, validation acc: 0.8689
[    230.42s] Epoch 35/50 | train loss: 0.1543, train acc: 0.9481 | validation loss: 0.4390, validation acc: 0.8680
[    236.97s] Epoch 36/50 | train loss: 0.1469, train acc: 0.9515 | validation loss: 0.4227, validation acc: 0.8709
[    243.53s] Epoch 37/50 | train loss: 0.1418, train acc: 0.9520 | validation loss: 0.4259, validation acc: 0.8727
[    250.09s] Epoch 38/50 | train loss: 0.1324, train acc: 0.9557 | validation loss: 0.4335, validation acc: 0.8720
[    256.67s] Epoch 39/50 | train loss: 0.1287, train acc: 0.9566 | validation loss: 0.4239, validation acc: 0.8723
[    263.23s] Epoch 40/50 | train loss: 0.1249, train acc: 0.9585 | validation loss: 0.4272, validation acc: 0.8724
[    269.80s] Epoch 41/50 | train loss: 0.1177, train acc: 0.9621 | validation loss: 0.4305, validation acc: 0.8720
[    276.36s] Epoch 42/50 | train loss: 0.1156, train acc: 0.9615 | validation loss: 0.4241, validation acc: 0.8757
[    282.91s] Epoch 43/50 | train loss: 0.1134, train acc: 0.9628 | validation loss: 0.4222, validation acc: 0.8761
[    289.46s] Epoch 44/50 | train loss: 0.1097, train acc: 0.9638 | validation loss: 0.4191, validation acc: 0.8774
[    296.02s] Epoch 45/50 | train loss: 0.1072, train acc: 0.9658 | validation loss: 0.4189, validation acc: 0.8780
[    302.58s] Epoch 46/50 | train loss: 0.1052, train acc: 0.9666 | validation loss: 0.4151, validation acc: 0.8770
[    309.14s] Epoch 47/50 | train loss: 0.1027, train acc: 0.9669 | validation loss: 0.4164, validation acc: 0.8787
[    315.68s] Epoch 48/50 | train loss: 0.1042, train acc: 0.9666 | validation loss: 0.4163, validation acc: 0.8777
[    322.26s] Epoch 49/50 | train loss: 0.1016, train acc: 0.9681 | validation loss: 0.4149, validation acc: 0.8767
[    328.79s] Epoch 50/50 | train loss: 0.1019, train acc: 0.9680 | validation loss: 0.4189, validation acc: 0.8784
