[      0.00s] Arguments: epochs=50, batch_size=256, learning_rate=0.001
[      0.06s] Using device: cuda
[      8.59s] Epoch 01/50 | train loss: 1.8122, train acc: 0.3307 | validation loss: 1.6003, validation acc: 0.4036
[     15.21s] Epoch 02/50 | train loss: 1.4615, train acc: 0.4609 | validation loss: 1.4046, validation acc: 0.4832
[     21.91s] Epoch 03/50 | train loss: 1.2926, train acc: 0.5305 | validation loss: 1.2549, validation acc: 0.5484
[     28.50s] Epoch 04/50 | train loss: 1.1507, train acc: 0.5872 | validation loss: 1.1680, validation acc: 0.5861
[     35.12s] Epoch 05/50 | train loss: 1.0411, train acc: 0.6280 | validation loss: 1.0711, validation acc: 0.6188
[     41.72s] Epoch 06/50 | train loss: 0.9524, train acc: 0.6595 | validation loss: 1.1338, validation acc: 0.6137
[     48.33s] Epoch 07/50 | train loss: 0.8871, train acc: 0.6853 | validation loss: 0.9439, validation acc: 0.6681
[     54.93s] Epoch 08/50 | train loss: 0.8201, train acc: 0.7116 | validation loss: 0.9150, validation acc: 0.6827
[     61.59s] Epoch 09/50 | train loss: 0.7669, train acc: 0.7284 | validation loss: 0.8449, validation acc: 0.7037
[     68.23s] Epoch 10/50 | train loss: 0.7217, train acc: 0.7474 | validation loss: 0.7674, validation acc: 0.7327
[     74.86s] Epoch 11/50 | train loss: 0.6821, train acc: 0.7590 | validation loss: 0.7688, validation acc: 0.7342
[     81.47s] Epoch 12/50 | train loss: 0.6424, train acc: 0.7729 | validation loss: 0.6805, validation acc: 0.7619
[     88.07s] Epoch 13/50 | train loss: 0.6197, train acc: 0.7829 | validation loss: 0.7254, validation acc: 0.7494
[     94.68s] Epoch 14/50 | train loss: 0.5880, train acc: 0.7922 | validation loss: 0.6722, validation acc: 0.7738
[    101.28s] Epoch 15/50 | train loss: 0.5627, train acc: 0.8019 | validation loss: 0.7052, validation acc: 0.7609
[    107.89s] Epoch 16/50 | train loss: 0.5362, train acc: 0.8134 | validation loss: 0.6364, validation acc: 0.7848
[    114.51s] Epoch 17/50 | train loss: 0.5110, train acc: 0.8222 | validation loss: 0.6827, validation acc: 0.7756
[    121.11s] Epoch 18/50 | train loss: 0.4987, train acc: 0.8252 | validation loss: 0.6026, validation acc: 0.7923
[    127.71s] Epoch 19/50 | train loss: 0.4739, train acc: 0.8342 | validation loss: 0.6271, validation acc: 0.7916
[    134.31s] Epoch 20/50 | train loss: 0.4610, train acc: 0.8400 | validation loss: 0.6045, validation acc: 0.7991
[    140.92s] Epoch 21/50 | train loss: 0.4398, train acc: 0.8463 | validation loss: 0.5729, validation acc: 0.8092
[    147.56s] Epoch 22/50 | train loss: 0.4253, train acc: 0.8516 | validation loss: 0.5735, validation acc: 0.8082
[    154.25s] Epoch 23/50 | train loss: 0.4073, train acc: 0.8581 | validation loss: 0.5385, validation acc: 0.8200
[    160.88s] Epoch 24/50 | train loss: 0.3967, train acc: 0.8609 | validation loss: 0.5625, validation acc: 0.8107
[    167.50s] Epoch 25/50 | train loss: 0.3869, train acc: 0.8636 | validation loss: 0.5539, validation acc: 0.8153
[    174.14s] Epoch 26/50 | train loss: 0.3734, train acc: 0.8709 | validation loss: 0.5407, validation acc: 0.8214
[    180.78s] Epoch 27/50 | train loss: 0.3586, train acc: 0.8754 | validation loss: 0.5396, validation acc: 0.8208
[    187.44s] Epoch 28/50 | train loss: 0.3472, train acc: 0.8793 | validation loss: 0.5473, validation acc: 0.8210
[    194.06s] Epoch 29/50 | train loss: 0.3353, train acc: 0.8835 | validation loss: 0.5292, validation acc: 0.8282
[    200.70s] Epoch 30/50 | train loss: 0.3252, train acc: 0.8872 | validation loss: 0.5209, validation acc: 0.8308
[    207.31s] Epoch 31/50 | train loss: 0.3159, train acc: 0.8911 | validation loss: 0.5258, validation acc: 0.8290
[    213.92s] Epoch 32/50 | train loss: 0.3067, train acc: 0.8953 | validation loss: 0.5336, validation acc: 0.8289
[    220.52s] Epoch 33/50 | train loss: 0.2975, train acc: 0.8978 | validation loss: 0.5202, validation acc: 0.8350
[    227.16s] Epoch 34/50 | train loss: 0.2876, train acc: 0.9015 | validation loss: 0.5126, validation acc: 0.8362
[    233.80s] Epoch 35/50 | train loss: 0.2816, train acc: 0.9027 | validation loss: 0.5052, validation acc: 0.8377
[    240.41s] Epoch 36/50 | train loss: 0.2738, train acc: 0.9051 | validation loss: 0.5004, validation acc: 0.8400
[    247.02s] Epoch 37/50 | train loss: 0.2670, train acc: 0.9092 | validation loss: 0.5031, validation acc: 0.8400
[    253.61s] Epoch 38/50 | train loss: 0.2614, train acc: 0.9109 | validation loss: 0.5029, validation acc: 0.8393
[    260.20s] Epoch 39/50 | train loss: 0.2543, train acc: 0.9132 | validation loss: 0.4925, validation acc: 0.8444
[    266.83s] Epoch 40/50 | train loss: 0.2508, train acc: 0.9143 | validation loss: 0.4924, validation acc: 0.8468
[    273.45s] Epoch 41/50 | train loss: 0.2469, train acc: 0.9172 | validation loss: 0.4901, validation acc: 0.8443
[    280.07s] Epoch 42/50 | train loss: 0.2395, train acc: 0.9199 | validation loss: 0.4868, validation acc: 0.8467
[    286.69s] Epoch 43/50 | train loss: 0.2411, train acc: 0.9175 | validation loss: 0.4803, validation acc: 0.8462
[    293.29s] Epoch 44/50 | train loss: 0.2351, train acc: 0.9210 | validation loss: 0.4827, validation acc: 0.8461
[    299.89s] Epoch 45/50 | train loss: 0.2336, train acc: 0.9203 | validation loss: 0.4792, validation acc: 0.8493
[    306.48s] Epoch 46/50 | train loss: 0.2321, train acc: 0.9226 | validation loss: 0.4816, validation acc: 0.8472
[    313.09s] Epoch 47/50 | train loss: 0.2314, train acc: 0.9214 | validation loss: 0.4800, validation acc: 0.8480
[    319.73s] Epoch 48/50 | train loss: 0.2264, train acc: 0.9236 | validation loss: 0.4826, validation acc: 0.8478
[    326.49s] Epoch 49/50 | train loss: 0.2263, train acc: 0.9220 | validation loss: 0.4809, validation acc: 0.8486
[    333.11s] Epoch 50/50 | train loss: 0.2294, train acc: 0.9226 | validation loss: 0.4788, validation acc: 0.8490
