[      0.00s] Arguments: epochs=50, batch_size=64, learning_rate=0.001
[      0.06s] Using device: cuda
[      9.31s] Epoch 01/50 | train loss: 1.5592, train acc: 0.4242 | validation loss: 1.2664, validation acc: 0.5398
[     16.68s] Epoch 02/50 | train loss: 1.1555, train acc: 0.5855 | validation loss: 1.0314, validation acc: 0.6314
[     24.04s] Epoch 03/50 | train loss: 0.9530, train acc: 0.6621 | validation loss: 0.9354, validation acc: 0.6747
[     31.39s] Epoch 04/50 | train loss: 0.8087, train acc: 0.7139 | validation loss: 0.8361, validation acc: 0.7062
[     38.76s] Epoch 05/50 | train loss: 0.7196, train acc: 0.7482 | validation loss: 0.8522, validation acc: 0.7109
[     46.12s] Epoch 06/50 | train loss: 0.6367, train acc: 0.7795 | validation loss: 0.7072, validation acc: 0.7587
[     53.49s] Epoch 07/50 | train loss: 0.5814, train acc: 0.7981 | validation loss: 0.6489, validation acc: 0.7773
[     60.87s] Epoch 08/50 | train loss: 0.5314, train acc: 0.8150 | validation loss: 0.5698, validation acc: 0.8044
[     68.24s] Epoch 09/50 | train loss: 0.4997, train acc: 0.8293 | validation loss: 0.5834, validation acc: 0.8031
[     75.63s] Epoch 10/50 | train loss: 0.4619, train acc: 0.8378 | validation loss: 0.6263, validation acc: 0.7913
[     83.01s] Epoch 11/50 | train loss: 0.4315, train acc: 0.8497 | validation loss: 0.5153, validation acc: 0.8322
[     90.39s] Epoch 12/50 | train loss: 0.4035, train acc: 0.8595 | validation loss: 0.4917, validation acc: 0.8319
[     97.75s] Epoch 13/50 | train loss: 0.3798, train acc: 0.8669 | validation loss: 0.4744, validation acc: 0.8427
[    105.14s] Epoch 14/50 | train loss: 0.3587, train acc: 0.8763 | validation loss: 0.5454, validation acc: 0.8224
[    112.52s] Epoch 15/50 | train loss: 0.3344, train acc: 0.8847 | validation loss: 0.4691, validation acc: 0.8489
[    119.90s] Epoch 16/50 | train loss: 0.3113, train acc: 0.8909 | validation loss: 0.4503, validation acc: 0.8541
[    127.28s] Epoch 17/50 | train loss: 0.2966, train acc: 0.8966 | validation loss: 0.4640, validation acc: 0.8517
[    134.64s] Epoch 18/50 | train loss: 0.2791, train acc: 0.9042 | validation loss: 0.4725, validation acc: 0.8507
[    142.02s] Epoch 19/50 | train loss: 0.2621, train acc: 0.9085 | validation loss: 0.4351, validation acc: 0.8634
[    149.38s] Epoch 20/50 | train loss: 0.2451, train acc: 0.9146 | validation loss: 0.4157, validation acc: 0.8689
[    156.76s] Epoch 21/50 | train loss: 0.2286, train acc: 0.9210 | validation loss: 0.4386, validation acc: 0.8614
[    164.15s] Epoch 22/50 | train loss: 0.2195, train acc: 0.9235 | validation loss: 0.3940, validation acc: 0.8754
[    171.52s] Epoch 23/50 | train loss: 0.2052, train acc: 0.9284 | validation loss: 0.3866, validation acc: 0.8774
[    178.88s] Epoch 24/50 | train loss: 0.1912, train acc: 0.9338 | validation loss: 0.4234, validation acc: 0.8659
[    186.26s] Epoch 25/50 | train loss: 0.1788, train acc: 0.9387 | validation loss: 0.3902, validation acc: 0.8783
[    193.64s] Epoch 26/50 | train loss: 0.1680, train acc: 0.9424 | validation loss: 0.4089, validation acc: 0.8740
[    201.02s] Epoch 27/50 | train loss: 0.1557, train acc: 0.9446 | validation loss: 0.3845, validation acc: 0.8806
[    208.39s] Epoch 28/50 | train loss: 0.1424, train acc: 0.9503 | validation loss: 0.3897, validation acc: 0.8844
[    215.77s] Epoch 29/50 | train loss: 0.1331, train acc: 0.9548 | validation loss: 0.3884, validation acc: 0.8840
[    223.15s] Epoch 30/50 | train loss: 0.1214, train acc: 0.9588 | validation loss: 0.3899, validation acc: 0.8849
[    230.54s] Epoch 31/50 | train loss: 0.1149, train acc: 0.9610 | validation loss: 0.3886, validation acc: 0.8877
[    237.93s] Epoch 32/50 | train loss: 0.1070, train acc: 0.9639 | validation loss: 0.3778, validation acc: 0.8892
[    245.31s] Epoch 33/50 | train loss: 0.0975, train acc: 0.9673 | validation loss: 0.3863, validation acc: 0.8890
[    252.69s] Epoch 34/50 | train loss: 0.0892, train acc: 0.9703 | validation loss: 0.3816, validation acc: 0.8928
[    260.06s] Epoch 35/50 | train loss: 0.0819, train acc: 0.9728 | validation loss: 0.3762, validation acc: 0.8923
[    267.44s] Epoch 36/50 | train loss: 0.0769, train acc: 0.9748 | validation loss: 0.3799, validation acc: 0.8942
[    274.80s] Epoch 37/50 | train loss: 0.0694, train acc: 0.9776 | validation loss: 0.3689, validation acc: 0.8978
[    282.18s] Epoch 38/50 | train loss: 0.0667, train acc: 0.9788 | validation loss: 0.3767, validation acc: 0.8951
[    289.55s] Epoch 39/50 | train loss: 0.0607, train acc: 0.9810 | validation loss: 0.3685, validation acc: 0.8969
[    296.95s] Epoch 40/50 | train loss: 0.0573, train acc: 0.9822 | validation loss: 0.3710, validation acc: 0.8982
[    304.32s] Epoch 41/50 | train loss: 0.0555, train acc: 0.9834 | validation loss: 0.3693, validation acc: 0.8980
[    311.71s] Epoch 42/50 | train loss: 0.0526, train acc: 0.9845 | validation loss: 0.3718, validation acc: 0.9000
[    319.10s] Epoch 43/50 | train loss: 0.0497, train acc: 0.9849 | validation loss: 0.3732, validation acc: 0.8989
[    326.48s] Epoch 44/50 | train loss: 0.0460, train acc: 0.9868 | validation loss: 0.3735, validation acc: 0.9008
[    333.83s] Epoch 45/50 | train loss: 0.0477, train acc: 0.9861 | validation loss: 0.3730, validation acc: 0.9008
[    341.22s] Epoch 46/50 | train loss: 0.0459, train acc: 0.9866 | validation loss: 0.3673, validation acc: 0.9013
[    348.59s] Epoch 47/50 | train loss: 0.0439, train acc: 0.9874 | validation loss: 0.3693, validation acc: 0.9011
[    355.97s] Epoch 48/50 | train loss: 0.0433, train acc: 0.9880 | validation loss: 0.3653, validation acc: 0.9013
[    363.33s] Epoch 49/50 | train loss: 0.0434, train acc: 0.9874 | validation loss: 0.3706, validation acc: 0.9002
[    370.71s] Epoch 50/50 | train loss: 0.0449, train acc: 0.9873 | validation loss: 0.3688, validation acc: 0.8999
