[      0.00s] Arguments: epochs=50, batch_size=256, learning_rate=0.05
[      0.06s] Using device: cuda
[      8.52s] Epoch 01/50 | train loss: 1.6990, train acc: 0.3745 | validation loss: 1.5152, validation acc: 0.4518
[     15.12s] Epoch 02/50 | train loss: 1.2989, train acc: 0.5280 | validation loss: 1.2113, validation acc: 0.5808
[     21.71s] Epoch 03/50 | train loss: 1.0300, train acc: 0.6347 | validation loss: 1.0145, validation acc: 0.6509
[     28.30s] Epoch 04/50 | train loss: 0.8430, train acc: 0.7045 | validation loss: 0.9182, validation acc: 0.6871
[     34.88s] Epoch 05/50 | train loss: 0.7102, train acc: 0.7516 | validation loss: 0.8246, validation acc: 0.7236
[     41.47s] Epoch 06/50 | train loss: 0.6151, train acc: 0.7842 | validation loss: 0.6881, validation acc: 0.7616
[     48.07s] Epoch 07/50 | train loss: 0.5498, train acc: 0.8085 | validation loss: 0.6648, validation acc: 0.7768
[     54.66s] Epoch 08/50 | train loss: 0.5000, train acc: 0.8245 | validation loss: 0.7329, validation acc: 0.7772
[     61.25s] Epoch 09/50 | train loss: 0.4566, train acc: 0.8415 | validation loss: 0.5291, validation acc: 0.8237
[     67.84s] Epoch 10/50 | train loss: 0.4196, train acc: 0.8553 | validation loss: 0.5650, validation acc: 0.8101
[     74.43s] Epoch 11/50 | train loss: 0.3814, train acc: 0.8684 | validation loss: 0.4915, validation acc: 0.8368
[     81.02s] Epoch 12/50 | train loss: 0.3536, train acc: 0.8765 | validation loss: 0.4936, validation acc: 0.8368
[     87.62s] Epoch 13/50 | train loss: 0.3296, train acc: 0.8864 | validation loss: 0.4612, validation acc: 0.8466
[     94.21s] Epoch 14/50 | train loss: 0.3099, train acc: 0.8923 | validation loss: 0.4281, validation acc: 0.8611
[    100.79s] Epoch 15/50 | train loss: 0.2807, train acc: 0.9038 | validation loss: 0.4780, validation acc: 0.8504
[    107.38s] Epoch 16/50 | train loss: 0.2622, train acc: 0.9085 | validation loss: 0.4565, validation acc: 0.8588
[    113.97s] Epoch 17/50 | train loss: 0.2430, train acc: 0.9154 | validation loss: 0.4613, validation acc: 0.8510
[    120.57s] Epoch 18/50 | train loss: 0.2291, train acc: 0.9205 | validation loss: 0.4596, validation acc: 0.8550
[    127.16s] Epoch 19/50 | train loss: 0.2152, train acc: 0.9247 | validation loss: 0.4052, validation acc: 0.8732
[    133.75s] Epoch 20/50 | train loss: 0.2017, train acc: 0.9285 | validation loss: 0.4502, validation acc: 0.8604
[    140.34s] Epoch 21/50 | train loss: 0.1873, train acc: 0.9346 | validation loss: 0.3643, validation acc: 0.8846
[    146.93s] Epoch 22/50 | train loss: 0.1715, train acc: 0.9393 | validation loss: 0.3858, validation acc: 0.8791
[    153.53s] Epoch 23/50 | train loss: 0.1633, train acc: 0.9427 | validation loss: 0.3678, validation acc: 0.8882
[    160.11s] Epoch 24/50 | train loss: 0.1406, train acc: 0.9504 | validation loss: 0.3355, validation acc: 0.8950
[    166.71s] Epoch 25/50 | train loss: 0.1342, train acc: 0.9529 | validation loss: 0.4134, validation acc: 0.8796
[    173.28s] Epoch 26/50 | train loss: 0.1171, train acc: 0.9595 | validation loss: 0.3779, validation acc: 0.8844
[    179.88s] Epoch 27/50 | train loss: 0.1031, train acc: 0.9647 | validation loss: 0.3625, validation acc: 0.8934
[    186.48s] Epoch 28/50 | train loss: 0.0917, train acc: 0.9690 | validation loss: 0.3336, validation acc: 0.9042
[    193.07s] Epoch 29/50 | train loss: 0.0879, train acc: 0.9687 | validation loss: 0.3256, validation acc: 0.9067
[    199.67s] Epoch 30/50 | train loss: 0.0762, train acc: 0.9743 | validation loss: 0.3144, validation acc: 0.9078
[    206.26s] Epoch 31/50 | train loss: 0.0614, train acc: 0.9798 | validation loss: 0.3547, validation acc: 0.9030
[    212.84s] Epoch 32/50 | train loss: 0.0530, train acc: 0.9825 | validation loss: 0.3199, validation acc: 0.9104
[    219.44s] Epoch 33/50 | train loss: 0.0478, train acc: 0.9846 | validation loss: 0.3220, validation acc: 0.9107
[    226.03s] Epoch 34/50 | train loss: 0.0381, train acc: 0.9880 | validation loss: 0.2897, validation acc: 0.9181
[    232.62s] Epoch 35/50 | train loss: 0.0305, train acc: 0.9909 | validation loss: 0.2958, validation acc: 0.9199
[    239.21s] Epoch 36/50 | train loss: 0.0254, train acc: 0.9926 | validation loss: 0.2878, validation acc: 0.9222
[    245.80s] Epoch 37/50 | train loss: 0.0199, train acc: 0.9946 | validation loss: 0.2770, validation acc: 0.9257
[    252.40s] Epoch 38/50 | train loss: 0.0152, train acc: 0.9963 | validation loss: 0.2729, validation acc: 0.9278
[    258.98s] Epoch 39/50 | train loss: 0.0127, train acc: 0.9971 | validation loss: 0.2625, validation acc: 0.9273
[    265.56s] Epoch 40/50 | train loss: 0.0103, train acc: 0.9981 | validation loss: 0.2615, validation acc: 0.9293
[    272.16s] Epoch 41/50 | train loss: 0.0101, train acc: 0.9979 | validation loss: 0.2604, validation acc: 0.9283
[    278.75s] Epoch 42/50 | train loss: 0.0083, train acc: 0.9985 | validation loss: 0.2581, validation acc: 0.9317
[    285.34s] Epoch 43/50 | train loss: 0.0071, train acc: 0.9988 | validation loss: 0.2588, validation acc: 0.9294
[    291.92s] Epoch 44/50 | train loss: 0.0066, train acc: 0.9990 | validation loss: 0.2590, validation acc: 0.9300
[    298.50s] Epoch 45/50 | train loss: 0.0055, train acc: 0.9994 | validation loss: 0.2598, validation acc: 0.9307
[    305.10s] Epoch 46/50 | train loss: 0.0058, train acc: 0.9991 | validation loss: 0.2592, validation acc: 0.9298
[    311.70s] Epoch 47/50 | train loss: 0.0052, train acc: 0.9994 | validation loss: 0.2594, validation acc: 0.9299
[    318.30s] Epoch 48/50 | train loss: 0.0051, train acc: 0.9995 | validation loss: 0.2586, validation acc: 0.9310
[    324.89s] Epoch 49/50 | train loss: 0.0054, train acc: 0.9993 | validation loss: 0.2583, validation acc: 0.9309
[    331.49s] Epoch 50/50 | train loss: 0.0055, train acc: 0.9993 | validation loss: 0.2597, validation acc: 0.9321
