[      0.00s] Arguments: epochs=50, batch_size=1024, learning_rate=0.005
[      0.05s] Using device: cuda
[      8.89s] Epoch 01/50 | train loss: 1.8806, train acc: 0.3011 | validation loss: 1.6005, validation acc: 0.3980
[     15.86s] Epoch 02/50 | train loss: 1.4660, train acc: 0.4608 | validation loss: 1.5566, validation acc: 0.4494
[     22.83s] Epoch 03/50 | train loss: 1.2843, train acc: 0.5348 | validation loss: 1.2806, validation acc: 0.5367
[     29.80s] Epoch 04/50 | train loss: 1.1455, train acc: 0.5900 | validation loss: 1.2457, validation acc: 0.5636
[     36.76s] Epoch 05/50 | train loss: 1.0425, train acc: 0.6279 | validation loss: 1.1880, validation acc: 0.5788
[     43.73s] Epoch 06/50 | train loss: 0.9505, train acc: 0.6625 | validation loss: 1.0183, validation acc: 0.6417
[     50.70s] Epoch 07/50 | train loss: 0.8666, train acc: 0.6930 | validation loss: 0.9088, validation acc: 0.6758
[     57.67s] Epoch 08/50 | train loss: 0.8126, train acc: 0.7117 | validation loss: 1.0153, validation acc: 0.6622
[     64.64s] Epoch 09/50 | train loss: 0.7492, train acc: 0.7334 | validation loss: 0.9204, validation acc: 0.6861
[     71.61s] Epoch 10/50 | train loss: 0.7097, train acc: 0.7505 | validation loss: 0.8020, validation acc: 0.7223
[     78.58s] Epoch 11/50 | train loss: 0.6597, train acc: 0.7663 | validation loss: 0.7829, validation acc: 0.7291
[     85.55s] Epoch 12/50 | train loss: 0.6166, train acc: 0.7822 | validation loss: 0.7463, validation acc: 0.7469
[     92.52s] Epoch 13/50 | train loss: 0.5803, train acc: 0.7962 | validation loss: 0.7316, validation acc: 0.7512
[     99.49s] Epoch 14/50 | train loss: 0.5550, train acc: 0.8053 | validation loss: 0.7499, validation acc: 0.7496
[    106.45s] Epoch 15/50 | train loss: 0.5262, train acc: 0.8165 | validation loss: 0.6887, validation acc: 0.7724
[    113.42s] Epoch 16/50 | train loss: 0.5036, train acc: 0.8255 | validation loss: 0.7293, validation acc: 0.7541
[    120.38s] Epoch 17/50 | train loss: 0.4844, train acc: 0.8306 | validation loss: 0.7365, validation acc: 0.7598
[    127.35s] Epoch 18/50 | train loss: 0.4610, train acc: 0.8387 | validation loss: 0.6404, validation acc: 0.7856
[    134.32s] Epoch 19/50 | train loss: 0.4390, train acc: 0.8468 | validation loss: 0.6156, validation acc: 0.7961
[    141.29s] Epoch 20/50 | train loss: 0.4229, train acc: 0.8531 | validation loss: 0.5805, validation acc: 0.8082
[    148.26s] Epoch 21/50 | train loss: 0.4000, train acc: 0.8610 | validation loss: 0.5601, validation acc: 0.8181
[    155.23s] Epoch 22/50 | train loss: 0.3842, train acc: 0.8684 | validation loss: 0.6888, validation acc: 0.7813
[    162.20s] Epoch 23/50 | train loss: 0.3737, train acc: 0.8716 | validation loss: 0.5443, validation acc: 0.8202
[    169.17s] Epoch 24/50 | train loss: 0.3540, train acc: 0.8764 | validation loss: 0.6807, validation acc: 0.7911
[    176.16s] Epoch 25/50 | train loss: 0.3356, train acc: 0.8833 | validation loss: 0.5350, validation acc: 0.8211
[    183.13s] Epoch 26/50 | train loss: 0.3241, train acc: 0.8881 | validation loss: 0.5589, validation acc: 0.8153
[    190.10s] Epoch 27/50 | train loss: 0.3153, train acc: 0.8909 | validation loss: 0.5274, validation acc: 0.8278
[    197.09s] Epoch 28/50 | train loss: 0.2961, train acc: 0.8971 | validation loss: 0.5416, validation acc: 0.8247
[    204.06s] Epoch 29/50 | train loss: 0.2897, train acc: 0.9003 | validation loss: 0.5380, validation acc: 0.8299
[    211.03s] Epoch 30/50 | train loss: 0.2803, train acc: 0.9032 | validation loss: 0.6003, validation acc: 0.8126
[    218.02s] Epoch 31/50 | train loss: 0.2706, train acc: 0.9064 | validation loss: 0.5434, validation acc: 0.8310
[    224.99s] Epoch 32/50 | train loss: 0.2580, train acc: 0.9103 | validation loss: 0.5007, validation acc: 0.8421
[    231.95s] Epoch 33/50 | train loss: 0.2446, train acc: 0.9170 | validation loss: 0.5269, validation acc: 0.8370
[    238.93s] Epoch 34/50 | train loss: 0.2395, train acc: 0.9171 | validation loss: 0.5068, validation acc: 0.8434
[    245.90s] Epoch 35/50 | train loss: 0.2286, train acc: 0.9229 | validation loss: 0.5000, validation acc: 0.8461
[    252.87s] Epoch 36/50 | train loss: 0.2233, train acc: 0.9224 | validation loss: 0.5118, validation acc: 0.8404
[    259.84s] Epoch 37/50 | train loss: 0.2168, train acc: 0.9261 | validation loss: 0.5073, validation acc: 0.8469
[    266.81s] Epoch 38/50 | train loss: 0.2111, train acc: 0.9298 | validation loss: 0.4792, validation acc: 0.8502
[    273.78s] Epoch 39/50 | train loss: 0.2043, train acc: 0.9314 | validation loss: 0.4983, validation acc: 0.8498
[    280.75s] Epoch 40/50 | train loss: 0.1992, train acc: 0.9329 | validation loss: 0.4860, validation acc: 0.8496
[    287.73s] Epoch 41/50 | train loss: 0.1925, train acc: 0.9359 | validation loss: 0.4912, validation acc: 0.8514
[    294.69s] Epoch 42/50 | train loss: 0.1924, train acc: 0.9365 | validation loss: 0.4787, validation acc: 0.8517
[    301.66s] Epoch 43/50 | train loss: 0.1845, train acc: 0.9389 | validation loss: 0.4834, validation acc: 0.8513
[    308.63s] Epoch 44/50 | train loss: 0.1838, train acc: 0.9379 | validation loss: 0.4825, validation acc: 0.8529
[    315.59s] Epoch 45/50 | train loss: 0.1803, train acc: 0.9402 | validation loss: 0.4799, validation acc: 0.8536
[    322.56s] Epoch 46/50 | train loss: 0.1762, train acc: 0.9422 | validation loss: 0.4826, validation acc: 0.8539
[    329.53s] Epoch 47/50 | train loss: 0.1778, train acc: 0.9411 | validation loss: 0.4803, validation acc: 0.8552
[    336.50s] Epoch 48/50 | train loss: 0.1763, train acc: 0.9430 | validation loss: 0.4800, validation acc: 0.8560
[    343.48s] Epoch 49/50 | train loss: 0.1762, train acc: 0.9419 | validation loss: 0.4794, validation acc: 0.8557
[    350.45s] Epoch 50/50 | train loss: 0.1727, train acc: 0.9439 | validation loss: 0.4794, validation acc: 0.8560
