[      0.00s] Arguments: epochs=50, batch_size=1024, learning_rate=0.5
[      0.06s] Using device: cuda
[      8.87s] Epoch 01/50 | train loss: 4.0965, train acc: 0.1263 | validation loss: 2.2261, validation acc: 0.1552
[     15.82s] Epoch 02/50 | train loss: 2.1436, train acc: 0.1841 | validation loss: 2.0870, validation acc: 0.1866
[     22.78s] Epoch 03/50 | train loss: 2.0498, train acc: 0.2033 | validation loss: 2.0370, validation acc: 0.2013
[     29.75s] Epoch 04/50 | train loss: 2.0031, train acc: 0.2147 | validation loss: 2.0147, validation acc: 0.2100
[     36.70s] Epoch 05/50 | train loss: 1.9537, train acc: 0.2317 | validation loss: 1.9906, validation acc: 0.2169
[     43.66s] Epoch 06/50 | train loss: 1.8698, train acc: 0.2829 | validation loss: 1.8044, validation acc: 0.2892
[     50.62s] Epoch 07/50 | train loss: 1.7303, train acc: 0.3410 | validation loss: 1.7669, validation acc: 0.3330
[     57.58s] Epoch 08/50 | train loss: 1.6501, train acc: 0.3841 | validation loss: 1.6245, validation acc: 0.4016
[     64.55s] Epoch 09/50 | train loss: 1.5672, train acc: 0.4188 | validation loss: 1.5541, validation acc: 0.4241
[     71.50s] Epoch 10/50 | train loss: 1.4950, train acc: 0.4476 | validation loss: 1.5709, validation acc: 0.4404
[     78.45s] Epoch 11/50 | train loss: 1.4275, train acc: 0.4755 | validation loss: 1.6897, validation acc: 0.3724
[     85.41s] Epoch 12/50 | train loss: 1.3301, train acc: 0.5159 | validation loss: 1.4124, validation acc: 0.4876
[     92.37s] Epoch 13/50 | train loss: 1.2351, train acc: 0.5530 | validation loss: 1.3515, validation acc: 0.5236
[     99.33s] Epoch 14/50 | train loss: 1.1358, train acc: 0.5943 | validation loss: 1.2579, validation acc: 0.5482
[    106.30s] Epoch 15/50 | train loss: 1.0368, train acc: 0.6308 | validation loss: 1.1086, validation acc: 0.6021
[    113.26s] Epoch 16/50 | train loss: 0.9477, train acc: 0.6600 | validation loss: 1.1394, validation acc: 0.6029
[    120.22s] Epoch 17/50 | train loss: 0.8432, train acc: 0.7025 | validation loss: 1.2284, validation acc: 0.5926
[    127.18s] Epoch 18/50 | train loss: 0.7589, train acc: 0.7336 | validation loss: 0.9057, validation acc: 0.6891
[    134.13s] Epoch 19/50 | train loss: 0.7113, train acc: 0.7504 | validation loss: 0.8524, validation acc: 0.7030
[    141.08s] Epoch 20/50 | train loss: 0.6463, train acc: 0.7751 | validation loss: 0.8300, validation acc: 0.7170
[    148.03s] Epoch 21/50 | train loss: 0.5937, train acc: 0.7942 | validation loss: 0.8088, validation acc: 0.7303
[    155.00s] Epoch 22/50 | train loss: 0.5571, train acc: 0.8064 | validation loss: 0.7426, validation acc: 0.7571
[    161.96s] Epoch 23/50 | train loss: 0.5147, train acc: 0.8203 | validation loss: 0.7987, validation acc: 0.7407
[    168.93s] Epoch 24/50 | train loss: 0.4943, train acc: 0.8288 | validation loss: 1.1114, validation acc: 0.6777
[    175.89s] Epoch 25/50 | train loss: 0.4601, train acc: 0.8402 | validation loss: 0.6138, validation acc: 0.7997
[    182.86s] Epoch 26/50 | train loss: 0.4282, train acc: 0.8513 | validation loss: 0.7551, validation acc: 0.7563
[    189.82s] Epoch 27/50 | train loss: 0.4009, train acc: 0.8600 | validation loss: 0.5350, validation acc: 0.8189
[    196.79s] Epoch 28/50 | train loss: 0.3768, train acc: 0.8695 | validation loss: 0.6819, validation acc: 0.7791
[    203.75s] Epoch 29/50 | train loss: 0.3577, train acc: 0.8766 | validation loss: 0.6225, validation acc: 0.8040
[    210.71s] Epoch 30/50 | train loss: 0.3263, train acc: 0.8879 | validation loss: 0.6063, validation acc: 0.8024
[    217.67s] Epoch 31/50 | train loss: 0.3071, train acc: 0.8938 | validation loss: 0.6134, validation acc: 0.8020
[    224.64s] Epoch 32/50 | train loss: 0.2833, train acc: 0.9009 | validation loss: 0.5497, validation acc: 0.8263
[    231.60s] Epoch 33/50 | train loss: 0.2651, train acc: 0.9063 | validation loss: 0.4781, validation acc: 0.8478
[    238.57s] Epoch 34/50 | train loss: 0.2439, train acc: 0.9162 | validation loss: 0.4531, validation acc: 0.8509
[    245.53s] Epoch 35/50 | train loss: 0.2252, train acc: 0.9223 | validation loss: 0.4539, validation acc: 0.8511
[    252.50s] Epoch 36/50 | train loss: 0.2020, train acc: 0.9304 | validation loss: 0.4703, validation acc: 0.8576
[    259.47s] Epoch 37/50 | train loss: 0.1852, train acc: 0.9356 | validation loss: 0.5047, validation acc: 0.8486
[    266.43s] Epoch 38/50 | train loss: 0.1594, train acc: 0.9451 | validation loss: 0.3952, validation acc: 0.8777
[    273.40s] Epoch 39/50 | train loss: 0.1417, train acc: 0.9516 | validation loss: 0.4209, validation acc: 0.8756
[    280.36s] Epoch 40/50 | train loss: 0.1214, train acc: 0.9593 | validation loss: 0.3736, validation acc: 0.8900
[    287.33s] Epoch 41/50 | train loss: 0.1085, train acc: 0.9629 | validation loss: 0.3544, validation acc: 0.8923
[    294.30s] Epoch 42/50 | train loss: 0.0911, train acc: 0.9698 | validation loss: 0.3612, validation acc: 0.8953
[    301.27s] Epoch 43/50 | train loss: 0.0784, train acc: 0.9739 | validation loss: 0.3510, validation acc: 0.8978
[    308.24s] Epoch 44/50 | train loss: 0.0662, train acc: 0.9789 | validation loss: 0.3461, validation acc: 0.9034
[    315.20s] Epoch 45/50 | train loss: 0.0539, train acc: 0.9832 | validation loss: 0.3301, validation acc: 0.9067
[    322.16s] Epoch 46/50 | train loss: 0.0470, train acc: 0.9865 | validation loss: 0.3305, validation acc: 0.9082
[    329.12s] Epoch 47/50 | train loss: 0.0407, train acc: 0.9882 | validation loss: 0.3292, validation acc: 0.9104
[    336.10s] Epoch 48/50 | train loss: 0.0376, train acc: 0.9894 | validation loss: 0.3263, validation acc: 0.9114
[    343.05s] Epoch 49/50 | train loss: 0.0377, train acc: 0.9888 | validation loss: 0.3275, validation acc: 0.9122
[    350.01s] Epoch 50/50 | train loss: 0.0361, train acc: 0.9896 | validation loss: 0.3279, validation acc: 0.9116
