[      0.00s] Arguments: epochs=50, batch_size=256, learning_rate=0.1
[      0.05s] Using device: cuda
[      8.52s] Epoch 01/50 | train loss: 2.4007, train acc: 0.2125 | validation loss: 1.8142, validation acc: 0.3191
[     15.10s] Epoch 02/50 | train loss: 1.7049, train acc: 0.3602 | validation loss: 1.5600, validation acc: 0.4118
[     21.69s] Epoch 03/50 | train loss: 1.5164, train acc: 0.4337 | validation loss: 1.4745, validation acc: 0.4580
[     28.28s] Epoch 04/50 | train loss: 1.3735, train acc: 0.4956 | validation loss: 1.3364, validation acc: 0.5180
[     34.87s] Epoch 05/50 | train loss: 1.2125, train acc: 0.5641 | validation loss: 1.1784, validation acc: 0.5690
[     41.45s] Epoch 06/50 | train loss: 1.0696, train acc: 0.6192 | validation loss: 1.0876, validation acc: 0.6301
[     48.05s] Epoch 07/50 | train loss: 0.9600, train acc: 0.6584 | validation loss: 0.9459, validation acc: 0.6607
[     54.64s] Epoch 08/50 | train loss: 0.8856, train acc: 0.6891 | validation loss: 0.9310, validation acc: 0.6777
[     61.22s] Epoch 09/50 | train loss: 0.7965, train acc: 0.7195 | validation loss: 0.9473, validation acc: 0.6732
[     67.81s] Epoch 10/50 | train loss: 0.7205, train acc: 0.7484 | validation loss: 0.7404, validation acc: 0.7416
[     74.39s] Epoch 11/50 | train loss: 0.6467, train acc: 0.7726 | validation loss: 0.8058, validation acc: 0.7336
[     80.96s] Epoch 12/50 | train loss: 0.5978, train acc: 0.7927 | validation loss: 0.6949, validation acc: 0.7661
[     87.54s] Epoch 13/50 | train loss: 0.5485, train acc: 0.8104 | validation loss: 0.6558, validation acc: 0.7680
[     94.12s] Epoch 14/50 | train loss: 0.5028, train acc: 0.8253 | validation loss: 0.5839, validation acc: 0.8003
[    100.72s] Epoch 15/50 | train loss: 0.4611, train acc: 0.8396 | validation loss: 0.6262, validation acc: 0.7891
[    107.32s] Epoch 16/50 | train loss: 0.4313, train acc: 0.8499 | validation loss: 0.5630, validation acc: 0.8111
[    113.90s] Epoch 17/50 | train loss: 0.4037, train acc: 0.8605 | validation loss: 0.5257, validation acc: 0.8262
[    120.50s] Epoch 18/50 | train loss: 0.3754, train acc: 0.8692 | validation loss: 0.5145, validation acc: 0.8278
[    127.09s] Epoch 19/50 | train loss: 0.3539, train acc: 0.8772 | validation loss: 0.4739, validation acc: 0.8449
[    133.68s] Epoch 20/50 | train loss: 0.3329, train acc: 0.8835 | validation loss: 0.4565, validation acc: 0.8483
[    140.27s] Epoch 21/50 | train loss: 0.3164, train acc: 0.8909 | validation loss: 0.4510, validation acc: 0.8470
[    146.87s] Epoch 22/50 | train loss: 0.2876, train acc: 0.9008 | validation loss: 0.4464, validation acc: 0.8521
[    153.46s] Epoch 23/50 | train loss: 0.2758, train acc: 0.9033 | validation loss: 0.4618, validation acc: 0.8461
[    160.05s] Epoch 24/50 | train loss: 0.2634, train acc: 0.9083 | validation loss: 0.4319, validation acc: 0.8592
[    166.64s] Epoch 25/50 | train loss: 0.2397, train acc: 0.9166 | validation loss: 0.4086, validation acc: 0.8709
[    173.24s] Epoch 26/50 | train loss: 0.2272, train acc: 0.9215 | validation loss: 0.4090, validation acc: 0.8686
[    179.84s] Epoch 27/50 | train loss: 0.2095, train acc: 0.9272 | validation loss: 0.3903, validation acc: 0.8766
[    186.42s] Epoch 28/50 | train loss: 0.1925, train acc: 0.9337 | validation loss: 0.4159, validation acc: 0.8694
[    193.02s] Epoch 29/50 | train loss: 0.1820, train acc: 0.9369 | validation loss: 0.4168, validation acc: 0.8709
[    199.61s] Epoch 30/50 | train loss: 0.1670, train acc: 0.9425 | validation loss: 0.4184, validation acc: 0.8731
[    206.19s] Epoch 31/50 | train loss: 0.1448, train acc: 0.9503 | validation loss: 0.3692, validation acc: 0.8860
[    212.77s] Epoch 32/50 | train loss: 0.1273, train acc: 0.9556 | validation loss: 0.3929, validation acc: 0.8811
[    219.36s] Epoch 33/50 | train loss: 0.1158, train acc: 0.9591 | validation loss: 0.3489, validation acc: 0.8934
[    225.95s] Epoch 34/50 | train loss: 0.0987, train acc: 0.9667 | validation loss: 0.3496, validation acc: 0.8993
[    232.55s] Epoch 35/50 | train loss: 0.0892, train acc: 0.9692 | validation loss: 0.3182, validation acc: 0.9064
[    239.14s] Epoch 36/50 | train loss: 0.0732, train acc: 0.9749 | validation loss: 0.3242, validation acc: 0.9044
[    245.72s] Epoch 37/50 | train loss: 0.0621, train acc: 0.9792 | validation loss: 0.3019, validation acc: 0.9114
[    252.31s] Epoch 38/50 | train loss: 0.0474, train acc: 0.9845 | validation loss: 0.3056, validation acc: 0.9120
[    258.90s] Epoch 39/50 | train loss: 0.0379, train acc: 0.9884 | validation loss: 0.2972, validation acc: 0.9193
[    265.48s] Epoch 40/50 | train loss: 0.0319, train acc: 0.9904 | validation loss: 0.2855, validation acc: 0.9208
[    272.08s] Epoch 41/50 | train loss: 0.0230, train acc: 0.9932 | validation loss: 0.2800, validation acc: 0.9237
[    278.68s] Epoch 42/50 | train loss: 0.0183, train acc: 0.9952 | validation loss: 0.2826, validation acc: 0.9234
[    285.28s] Epoch 43/50 | train loss: 0.0149, train acc: 0.9965 | validation loss: 0.2734, validation acc: 0.9249
[    291.87s] Epoch 44/50 | train loss: 0.0124, train acc: 0.9973 | validation loss: 0.2749, validation acc: 0.9259
[    298.46s] Epoch 45/50 | train loss: 0.0108, train acc: 0.9976 | validation loss: 0.2730, validation acc: 0.9263
[    305.05s] Epoch 46/50 | train loss: 0.0088, train acc: 0.9984 | validation loss: 0.2736, validation acc: 0.9268
[    311.64s] Epoch 47/50 | train loss: 0.0081, train acc: 0.9987 | validation loss: 0.2747, validation acc: 0.9263
[    318.22s] Epoch 48/50 | train loss: 0.0078, train acc: 0.9988 | validation loss: 0.2714, validation acc: 0.9264
[    324.81s] Epoch 49/50 | train loss: 0.0079, train acc: 0.9989 | validation loss: 0.2721, validation acc: 0.9268
[    331.40s] Epoch 50/50 | train loss: 0.0073, train acc: 0.9989 | validation loss: 0.2718, validation acc: 0.9266
