[      0.00s] Arguments: epochs=50, batch_size=256, learning_rate=0.005
[      0.06s] Using device: cuda
[      8.58s] Epoch 01/50 | train loss: 1.5822, train acc: 0.4127 | validation loss: 1.3338, validation acc: 0.5236
[     15.19s] Epoch 02/50 | train loss: 1.1386, train acc: 0.5922 | validation loss: 1.1787, validation acc: 0.5920
[     21.91s] Epoch 03/50 | train loss: 0.9299, train acc: 0.6684 | validation loss: 1.0943, validation acc: 0.6246
[     28.54s] Epoch 04/50 | train loss: 0.7859, train acc: 0.7208 | validation loss: 1.0479, validation acc: 0.6554
[     35.15s] Epoch 05/50 | train loss: 0.6859, train acc: 0.7603 | validation loss: 0.8859, validation acc: 0.6990
[     41.75s] Epoch 06/50 | train loss: 0.6148, train acc: 0.7860 | validation loss: 0.7456, validation acc: 0.7493
[     48.35s] Epoch 07/50 | train loss: 0.5541, train acc: 0.8071 | validation loss: 0.7405, validation acc: 0.7519
[     54.95s] Epoch 08/50 | train loss: 0.5031, train acc: 0.8237 | validation loss: 0.8294, validation acc: 0.7351
[     61.60s] Epoch 09/50 | train loss: 0.4638, train acc: 0.8392 | validation loss: 0.6625, validation acc: 0.7869
[     68.22s] Epoch 10/50 | train loss: 0.4322, train acc: 0.8481 | validation loss: 0.5942, validation acc: 0.8092
[     74.87s] Epoch 11/50 | train loss: 0.4004, train acc: 0.8604 | validation loss: 0.5626, validation acc: 0.8114
[     81.51s] Epoch 12/50 | train loss: 0.3753, train acc: 0.8683 | validation loss: 0.6234, validation acc: 0.8086
[     88.16s] Epoch 13/50 | train loss: 0.3471, train acc: 0.8786 | validation loss: 0.5031, validation acc: 0.8367
[     94.80s] Epoch 14/50 | train loss: 0.3204, train acc: 0.8888 | validation loss: 0.5311, validation acc: 0.8277
[    101.44s] Epoch 15/50 | train loss: 0.3047, train acc: 0.8944 | validation loss: 0.5159, validation acc: 0.8371
[    108.11s] Epoch 16/50 | train loss: 0.2842, train acc: 0.9016 | validation loss: 0.5094, validation acc: 0.8483
[    114.79s] Epoch 17/50 | train loss: 0.2677, train acc: 0.9064 | validation loss: 0.5167, validation acc: 0.8398
[    121.50s] Epoch 18/50 | train loss: 0.2474, train acc: 0.9124 | validation loss: 0.4356, validation acc: 0.8627
[    128.12s] Epoch 19/50 | train loss: 0.2318, train acc: 0.9175 | validation loss: 0.4526, validation acc: 0.8560
[    134.75s] Epoch 20/50 | train loss: 0.2169, train acc: 0.9233 | validation loss: 0.5172, validation acc: 0.8448
[    141.37s] Epoch 21/50 | train loss: 0.2013, train acc: 0.9306 | validation loss: 0.4700, validation acc: 0.8563
[    147.99s] Epoch 22/50 | train loss: 0.1839, train acc: 0.9355 | validation loss: 0.4293, validation acc: 0.8697
[    154.61s] Epoch 23/50 | train loss: 0.1764, train acc: 0.9376 | validation loss: 0.4800, validation acc: 0.8582
[    161.24s] Epoch 24/50 | train loss: 0.1597, train acc: 0.9440 | validation loss: 0.4200, validation acc: 0.8764
[    167.89s] Epoch 25/50 | train loss: 0.1508, train acc: 0.9472 | validation loss: 0.4359, validation acc: 0.8726
[    174.49s] Epoch 26/50 | train loss: 0.1366, train acc: 0.9521 | validation loss: 0.4181, validation acc: 0.8772
[    181.13s] Epoch 27/50 | train loss: 0.1273, train acc: 0.9552 | validation loss: 0.4080, validation acc: 0.8836
[    187.75s] Epoch 28/50 | train loss: 0.1157, train acc: 0.9603 | validation loss: 0.4432, validation acc: 0.8784
[    194.38s] Epoch 29/50 | train loss: 0.1050, train acc: 0.9641 | validation loss: 0.4294, validation acc: 0.8820
[    201.02s] Epoch 30/50 | train loss: 0.0954, train acc: 0.9679 | validation loss: 0.4007, validation acc: 0.8864
[    207.65s] Epoch 31/50 | train loss: 0.0853, train acc: 0.9713 | validation loss: 0.4062, validation acc: 0.8848
[    214.30s] Epoch 32/50 | train loss: 0.0801, train acc: 0.9718 | validation loss: 0.4159, validation acc: 0.8872
[    220.89s] Epoch 33/50 | train loss: 0.0698, train acc: 0.9772 | validation loss: 0.4080, validation acc: 0.8886
[    227.53s] Epoch 34/50 | train loss: 0.0628, train acc: 0.9791 | validation loss: 0.4019, validation acc: 0.8889
[    234.16s] Epoch 35/50 | train loss: 0.0563, train acc: 0.9821 | validation loss: 0.3969, validation acc: 0.8946
[    240.78s] Epoch 36/50 | train loss: 0.0522, train acc: 0.9833 | validation loss: 0.3893, validation acc: 0.8963
[    247.42s] Epoch 37/50 | train loss: 0.0477, train acc: 0.9850 | validation loss: 0.3950, validation acc: 0.8970
[    254.07s] Epoch 38/50 | train loss: 0.0433, train acc: 0.9872 | validation loss: 0.4043, validation acc: 0.8968
[    260.71s] Epoch 39/50 | train loss: 0.0389, train acc: 0.9883 | validation loss: 0.3900, validation acc: 0.8983
[    267.33s] Epoch 40/50 | train loss: 0.0388, train acc: 0.9884 | validation loss: 0.4006, validation acc: 0.8970
[    273.92s] Epoch 41/50 | train loss: 0.0347, train acc: 0.9904 | validation loss: 0.3931, validation acc: 0.8984
[    280.53s] Epoch 42/50 | train loss: 0.0318, train acc: 0.9915 | validation loss: 0.3955, validation acc: 0.8989
[    287.12s] Epoch 43/50 | train loss: 0.0312, train acc: 0.9922 | validation loss: 0.3939, validation acc: 0.8987
[    293.78s] Epoch 44/50 | train loss: 0.0292, train acc: 0.9925 | validation loss: 0.3945, validation acc: 0.8982
[    300.39s] Epoch 45/50 | train loss: 0.0273, train acc: 0.9935 | validation loss: 0.3916, validation acc: 0.8991
[    307.04s] Epoch 46/50 | train loss: 0.0273, train acc: 0.9934 | validation loss: 0.3929, validation acc: 0.8998
[    313.66s] Epoch 47/50 | train loss: 0.0255, train acc: 0.9935 | validation loss: 0.3917, validation acc: 0.8998
[    320.26s] Epoch 48/50 | train loss: 0.0265, train acc: 0.9935 | validation loss: 0.3933, validation acc: 0.8998
[    326.87s] Epoch 49/50 | train loss: 0.0264, train acc: 0.9934 | validation loss: 0.3969, validation acc: 0.8993
[    333.52s] Epoch 50/50 | train loss: 0.0259, train acc: 0.9937 | validation loss: 0.3942, validation acc: 0.8996
