[      0.00s] Arguments: epochs=50, batch_size=512, learning_rate=0.5
[      0.06s] Using device: cuda
[      8.76s] Epoch 01/50 | train loss: 3.4092, train acc: 0.1000 | validation loss: 2.3025, validation acc: 0.0981
[     15.62s] Epoch 02/50 | train loss: 2.2998, train acc: 0.1066 | validation loss: 2.2979, validation acc: 0.1014
[     22.46s] Epoch 03/50 | train loss: 2.2582, train acc: 0.1343 | validation loss: 2.1003, validation acc: 0.1943
[     29.31s] Epoch 04/50 | train loss: 2.0349, train acc: 0.2142 | validation loss: 1.9594, validation acc: 0.2572
[     36.17s] Epoch 05/50 | train loss: 1.8676, train acc: 0.2917 | validation loss: 1.7953, validation acc: 0.3323
[     43.03s] Epoch 06/50 | train loss: 1.7078, train acc: 0.3679 | validation loss: 1.7914, validation acc: 0.3521
[     49.89s] Epoch 07/50 | train loss: 1.5757, train acc: 0.4174 | validation loss: 1.5605, validation acc: 0.4261
[     56.75s] Epoch 08/50 | train loss: 1.4872, train acc: 0.4556 | validation loss: 1.5619, validation acc: 0.4326
[     63.61s] Epoch 09/50 | train loss: 1.3933, train acc: 0.4923 | validation loss: 1.4866, validation acc: 0.4506
[     70.46s] Epoch 10/50 | train loss: 1.2753, train acc: 0.5416 | validation loss: 1.5087, validation acc: 0.5091
[     77.32s] Epoch 11/50 | train loss: 1.1460, train acc: 0.5908 | validation loss: 1.2285, validation acc: 0.5816
[     84.18s] Epoch 12/50 | train loss: 1.0300, train acc: 0.6345 | validation loss: 1.3722, validation acc: 0.5544
[     91.04s] Epoch 13/50 | train loss: 0.9259, train acc: 0.6744 | validation loss: 1.3173, validation acc: 0.5707
[     97.90s] Epoch 14/50 | train loss: 0.8386, train acc: 0.7057 | validation loss: 0.9760, validation acc: 0.6674
[    104.77s] Epoch 15/50 | train loss: 0.7574, train acc: 0.7353 | validation loss: 1.7188, validation acc: 0.5056
[    111.64s] Epoch 16/50 | train loss: 0.6925, train acc: 0.7610 | validation loss: 0.9450, validation acc: 0.6902
[    118.50s] Epoch 17/50 | train loss: 0.6491, train acc: 0.7740 | validation loss: 0.9592, validation acc: 0.7027
[    125.35s] Epoch 18/50 | train loss: 0.5974, train acc: 0.7956 | validation loss: 0.9299, validation acc: 0.6934
[    132.21s] Epoch 19/50 | train loss: 0.5633, train acc: 0.8065 | validation loss: 0.8922, validation acc: 0.7139
[    139.07s] Epoch 20/50 | train loss: 0.5428, train acc: 0.8140 | validation loss: 0.8660, validation acc: 0.7167
[    145.93s] Epoch 21/50 | train loss: 0.5071, train acc: 0.8240 | validation loss: 0.6718, validation acc: 0.7718
[    152.79s] Epoch 22/50 | train loss: 0.4880, train acc: 0.8328 | validation loss: 0.8191, validation acc: 0.7457
[    159.64s] Epoch 23/50 | train loss: 0.4621, train acc: 0.8401 | validation loss: 0.6442, validation acc: 0.7876
[    166.51s] Epoch 24/50 | train loss: 0.4403, train acc: 0.8482 | validation loss: 0.6718, validation acc: 0.7810
[    173.38s] Epoch 25/50 | train loss: 0.4245, train acc: 0.8525 | validation loss: 0.9116, validation acc: 0.7209
[    180.25s] Epoch 26/50 | train loss: 0.3966, train acc: 0.8631 | validation loss: 0.6300, validation acc: 0.7961
[    187.12s] Epoch 27/50 | train loss: 0.3737, train acc: 0.8702 | validation loss: 0.5390, validation acc: 0.8212
[    193.98s] Epoch 28/50 | train loss: 0.3559, train acc: 0.8770 | validation loss: 0.5790, validation acc: 0.8126
[    200.83s] Epoch 29/50 | train loss: 0.3443, train acc: 0.8786 | validation loss: 0.4977, validation acc: 0.8339
[    207.69s] Epoch 30/50 | train loss: 0.3198, train acc: 0.8891 | validation loss: 0.6552, validation acc: 0.7947
[    214.55s] Epoch 31/50 | train loss: 0.3051, train acc: 0.8945 | validation loss: 0.6212, validation acc: 0.8073
[    221.40s] Epoch 32/50 | train loss: 0.2794, train acc: 0.9039 | validation loss: 0.4204, validation acc: 0.8618
[    228.26s] Epoch 33/50 | train loss: 0.2664, train acc: 0.9077 | validation loss: 0.5620, validation acc: 0.8154
[    235.11s] Epoch 34/50 | train loss: 0.2461, train acc: 0.9144 | validation loss: 0.5008, validation acc: 0.8470
[    241.97s] Epoch 35/50 | train loss: 0.2241, train acc: 0.9235 | validation loss: 0.4658, validation acc: 0.8546
[    248.83s] Epoch 36/50 | train loss: 0.2028, train acc: 0.9295 | validation loss: 0.4801, validation acc: 0.8491
[    255.69s] Epoch 37/50 | train loss: 0.1800, train acc: 0.9386 | validation loss: 0.3731, validation acc: 0.8820
[    262.56s] Epoch 38/50 | train loss: 0.1667, train acc: 0.9417 | validation loss: 0.4202, validation acc: 0.8751
[    269.42s] Epoch 39/50 | train loss: 0.1435, train acc: 0.9510 | validation loss: 0.3576, validation acc: 0.8891
[    276.28s] Epoch 40/50 | train loss: 0.1190, train acc: 0.9600 | validation loss: 0.3333, validation acc: 0.8977
[    283.14s] Epoch 41/50 | train loss: 0.0983, train acc: 0.9658 | validation loss: 0.3226, validation acc: 0.9026
[    290.01s] Epoch 42/50 | train loss: 0.0796, train acc: 0.9732 | validation loss: 0.3251, validation acc: 0.9037
[    296.88s] Epoch 43/50 | train loss: 0.0651, train acc: 0.9786 | validation loss: 0.3059, validation acc: 0.9119
[    303.74s] Epoch 44/50 | train loss: 0.0521, train acc: 0.9836 | validation loss: 0.2961, validation acc: 0.9134
[    310.59s] Epoch 45/50 | train loss: 0.0423, train acc: 0.9869 | validation loss: 0.2972, validation acc: 0.9126
[    317.44s] Epoch 46/50 | train loss: 0.0349, train acc: 0.9902 | validation loss: 0.2904, validation acc: 0.9163
[    324.30s] Epoch 47/50 | train loss: 0.0283, train acc: 0.9920 | validation loss: 0.2840, validation acc: 0.9198
[    331.15s] Epoch 48/50 | train loss: 0.0239, train acc: 0.9938 | validation loss: 0.2830, validation acc: 0.9199
[    338.00s] Epoch 49/50 | train loss: 0.0225, train acc: 0.9944 | validation loss: 0.2813, validation acc: 0.9217
[    344.86s] Epoch 50/50 | train loss: 0.0219, train acc: 0.9940 | validation loss: 0.2817, validation acc: 0.9204
