[      0.00s] Arguments: epochs=50, batch_size=512, learning_rate=0.05
[      0.06s] Using device: cuda
[      8.78s] Epoch 01/50 | train loss: 1.8364, train acc: 0.3421 | validation loss: 2.2986, validation acc: 0.3369
[     15.62s] Epoch 02/50 | train loss: 1.3336, train acc: 0.5125 | validation loss: 1.2752, validation acc: 0.5466
[     22.48s] Epoch 03/50 | train loss: 1.0779, train acc: 0.6126 | validation loss: 1.1214, validation acc: 0.6028
[     29.33s] Epoch 04/50 | train loss: 0.8791, train acc: 0.6907 | validation loss: 1.1062, validation acc: 0.6407
[     36.18s] Epoch 05/50 | train loss: 0.7433, train acc: 0.7395 | validation loss: 0.8153, validation acc: 0.7208
[     43.04s] Epoch 06/50 | train loss: 0.6498, train acc: 0.7726 | validation loss: 1.0051, validation acc: 0.6858
[     49.89s] Epoch 07/50 | train loss: 0.5798, train acc: 0.7974 | validation loss: 0.7575, validation acc: 0.7547
[     56.74s] Epoch 08/50 | train loss: 0.5226, train acc: 0.8181 | validation loss: 0.6797, validation acc: 0.7803
[     63.58s] Epoch 09/50 | train loss: 0.4800, train acc: 0.8327 | validation loss: 0.9721, validation acc: 0.6966
[     70.43s] Epoch 10/50 | train loss: 0.4348, train acc: 0.8491 | validation loss: 0.5734, validation acc: 0.8121
[     77.27s] Epoch 11/50 | train loss: 0.4030, train acc: 0.8588 | validation loss: 0.5685, validation acc: 0.8208
[     84.12s] Epoch 12/50 | train loss: 0.3726, train acc: 0.8692 | validation loss: 0.5614, validation acc: 0.8264
[     90.98s] Epoch 13/50 | train loss: 0.3442, train acc: 0.8805 | validation loss: 0.5212, validation acc: 0.8390
[     97.82s] Epoch 14/50 | train loss: 0.3254, train acc: 0.8867 | validation loss: 0.4905, validation acc: 0.8393
[    104.67s] Epoch 15/50 | train loss: 0.3022, train acc: 0.8936 | validation loss: 0.4958, validation acc: 0.8481
[    111.53s] Epoch 16/50 | train loss: 0.2773, train acc: 0.9027 | validation loss: 0.4748, validation acc: 0.8592
[    118.38s] Epoch 17/50 | train loss: 0.2545, train acc: 0.9105 | validation loss: 0.4902, validation acc: 0.8447
[    125.22s] Epoch 18/50 | train loss: 0.2411, train acc: 0.9147 | validation loss: 0.4271, validation acc: 0.8658
[    132.08s] Epoch 19/50 | train loss: 0.2181, train acc: 0.9241 | validation loss: 0.4497, validation acc: 0.8641
[    138.93s] Epoch 20/50 | train loss: 0.2066, train acc: 0.9263 | validation loss: 0.5271, validation acc: 0.8459
[    145.78s] Epoch 21/50 | train loss: 0.1930, train acc: 0.9319 | validation loss: 0.4445, validation acc: 0.8638
[    152.64s] Epoch 22/50 | train loss: 0.1782, train acc: 0.9365 | validation loss: 0.4887, validation acc: 0.8546
[    159.51s] Epoch 23/50 | train loss: 0.1603, train acc: 0.9432 | validation loss: 0.4443, validation acc: 0.8733
[    166.35s] Epoch 24/50 | train loss: 0.1473, train acc: 0.9482 | validation loss: 0.3768, validation acc: 0.8889
[    173.21s] Epoch 25/50 | train loss: 0.1349, train acc: 0.9511 | validation loss: 0.4297, validation acc: 0.8809
[    180.07s] Epoch 26/50 | train loss: 0.1210, train acc: 0.9576 | validation loss: 0.4223, validation acc: 0.8776
[    186.92s] Epoch 27/50 | train loss: 0.1120, train acc: 0.9605 | validation loss: 0.4057, validation acc: 0.8838
[    193.77s] Epoch 28/50 | train loss: 0.0983, train acc: 0.9658 | validation loss: 0.4462, validation acc: 0.8803
[    200.62s] Epoch 29/50 | train loss: 0.0867, train acc: 0.9698 | validation loss: 0.4781, validation acc: 0.8753
[    207.48s] Epoch 30/50 | train loss: 0.0742, train acc: 0.9739 | validation loss: 0.4756, validation acc: 0.8801
[    214.33s] Epoch 31/50 | train loss: 0.0716, train acc: 0.9753 | validation loss: 0.3704, validation acc: 0.9001
[    221.18s] Epoch 32/50 | train loss: 0.0591, train acc: 0.9798 | validation loss: 0.3685, validation acc: 0.9042
[    228.04s] Epoch 33/50 | train loss: 0.0484, train acc: 0.9837 | validation loss: 0.3823, validation acc: 0.9046
[    234.89s] Epoch 34/50 | train loss: 0.0414, train acc: 0.9865 | validation loss: 0.3684, validation acc: 0.9068
[    241.75s] Epoch 35/50 | train loss: 0.0349, train acc: 0.9887 | validation loss: 0.3522, validation acc: 0.9123
[    248.60s] Epoch 36/50 | train loss: 0.0293, train acc: 0.9913 | validation loss: 0.3589, validation acc: 0.9114
[    255.44s] Epoch 37/50 | train loss: 0.0228, train acc: 0.9938 | validation loss: 0.3449, validation acc: 0.9163
[    262.29s] Epoch 38/50 | train loss: 0.0203, train acc: 0.9946 | validation loss: 0.3489, validation acc: 0.9161
[    269.14s] Epoch 39/50 | train loss: 0.0186, train acc: 0.9946 | validation loss: 0.3498, validation acc: 0.9132
[    276.00s] Epoch 40/50 | train loss: 0.0147, train acc: 0.9965 | validation loss: 0.3337, validation acc: 0.9202
[    282.85s] Epoch 41/50 | train loss: 0.0126, train acc: 0.9974 | validation loss: 0.3324, validation acc: 0.9196
[    289.70s] Epoch 42/50 | train loss: 0.0114, train acc: 0.9974 | validation loss: 0.3319, validation acc: 0.9208
[    296.56s] Epoch 43/50 | train loss: 0.0103, train acc: 0.9981 | validation loss: 0.3352, validation acc: 0.9212
[    303.43s] Epoch 44/50 | train loss: 0.0093, train acc: 0.9983 | validation loss: 0.3319, validation acc: 0.9199
[    310.29s] Epoch 45/50 | train loss: 0.0091, train acc: 0.9982 | validation loss: 0.3319, validation acc: 0.9199
[    317.14s] Epoch 46/50 | train loss: 0.0085, train acc: 0.9985 | validation loss: 0.3325, validation acc: 0.9210
[    324.00s] Epoch 47/50 | train loss: 0.0081, train acc: 0.9987 | validation loss: 0.3307, validation acc: 0.9212
[    330.85s] Epoch 48/50 | train loss: 0.0081, train acc: 0.9985 | validation loss: 0.3310, validation acc: 0.9198
[    337.70s] Epoch 49/50 | train loss: 0.0078, train acc: 0.9988 | validation loss: 0.3322, validation acc: 0.9199
[    344.55s] Epoch 50/50 | train loss: 0.0079, train acc: 0.9986 | validation loss: 0.3311, validation acc: 0.9203
