[      0.00s] Arguments: epochs=50, batch_size=512, learning_rate=0.01
[      0.05s] Using device: cuda
[      8.77s] Epoch 01/50 | train loss: 1.6382, train acc: 0.3899 | validation loss: 1.4249, validation acc: 0.4824
[     15.63s] Epoch 02/50 | train loss: 1.1878, train acc: 0.5724 | validation loss: 1.4122, validation acc: 0.5208
[     22.48s] Epoch 03/50 | train loss: 0.9989, train acc: 0.6440 | validation loss: 1.0395, validation acc: 0.6364
[     29.33s] Epoch 04/50 | train loss: 0.8461, train acc: 0.6992 | validation loss: 0.8750, validation acc: 0.6939
[     36.17s] Epoch 05/50 | train loss: 0.7260, train acc: 0.7442 | validation loss: 0.8486, validation acc: 0.7138
[     43.03s] Epoch 06/50 | train loss: 0.6365, train acc: 0.7779 | validation loss: 0.8001, validation acc: 0.7332
[     49.88s] Epoch 07/50 | train loss: 0.5830, train acc: 0.7971 | validation loss: 0.6734, validation acc: 0.7759
[     56.73s] Epoch 08/50 | train loss: 0.5329, train acc: 0.8139 | validation loss: 0.8413, validation acc: 0.7328
[     63.58s] Epoch 09/50 | train loss: 0.4811, train acc: 0.8314 | validation loss: 0.7450, validation acc: 0.7518
[     70.44s] Epoch 10/50 | train loss: 0.4442, train acc: 0.8455 | validation loss: 0.5793, validation acc: 0.8108
[     77.30s] Epoch 11/50 | train loss: 0.4157, train acc: 0.8556 | validation loss: 0.8012, validation acc: 0.7579
[     84.16s] Epoch 12/50 | train loss: 0.3844, train acc: 0.8657 | validation loss: 0.6244, validation acc: 0.7978
[     91.01s] Epoch 13/50 | train loss: 0.3623, train acc: 0.8740 | validation loss: 0.5421, validation acc: 0.8209
[     97.86s] Epoch 14/50 | train loss: 0.3338, train acc: 0.8832 | validation loss: 0.5321, validation acc: 0.8290
[    104.72s] Epoch 15/50 | train loss: 0.3119, train acc: 0.8907 | validation loss: 0.6456, validation acc: 0.8132
[    111.57s] Epoch 16/50 | train loss: 0.2877, train acc: 0.8987 | validation loss: 0.5563, validation acc: 0.8263
[    118.41s] Epoch 17/50 | train loss: 0.2735, train acc: 0.9046 | validation loss: 0.5533, validation acc: 0.8279
[    125.26s] Epoch 18/50 | train loss: 0.2585, train acc: 0.9097 | validation loss: 0.5021, validation acc: 0.8450
[    132.12s] Epoch 19/50 | train loss: 0.2388, train acc: 0.9157 | validation loss: 0.4560, validation acc: 0.8617
[    138.98s] Epoch 20/50 | train loss: 0.2238, train acc: 0.9215 | validation loss: 0.4633, validation acc: 0.8581
[    145.84s] Epoch 21/50 | train loss: 0.2064, train acc: 0.9276 | validation loss: 0.4937, validation acc: 0.8557
[    152.70s] Epoch 22/50 | train loss: 0.1857, train acc: 0.9352 | validation loss: 0.4727, validation acc: 0.8588
[    159.55s] Epoch 23/50 | train loss: 0.1762, train acc: 0.9393 | validation loss: 0.4440, validation acc: 0.8688
[    166.40s] Epoch 24/50 | train loss: 0.1580, train acc: 0.9449 | validation loss: 0.4600, validation acc: 0.8687
[    173.26s] Epoch 25/50 | train loss: 0.1429, train acc: 0.9505 | validation loss: 0.4480, validation acc: 0.8699
[    180.12s] Epoch 26/50 | train loss: 0.1352, train acc: 0.9533 | validation loss: 0.4758, validation acc: 0.8659
[    186.98s] Epoch 27/50 | train loss: 0.1265, train acc: 0.9555 | validation loss: 0.4371, validation acc: 0.8759
[    193.84s] Epoch 28/50 | train loss: 0.1191, train acc: 0.9600 | validation loss: 0.4230, validation acc: 0.8817
[    200.69s] Epoch 29/50 | train loss: 0.1033, train acc: 0.9644 | validation loss: 0.3947, validation acc: 0.8886
[    207.55s] Epoch 30/50 | train loss: 0.0943, train acc: 0.9692 | validation loss: 0.4711, validation acc: 0.8710
[    214.40s] Epoch 31/50 | train loss: 0.0869, train acc: 0.9704 | validation loss: 0.4123, validation acc: 0.8866
[    221.26s] Epoch 32/50 | train loss: 0.0755, train acc: 0.9754 | validation loss: 0.4070, validation acc: 0.8914
[    228.12s] Epoch 33/50 | train loss: 0.0687, train acc: 0.9770 | validation loss: 0.4303, validation acc: 0.8883
[    234.97s] Epoch 34/50 | train loss: 0.0636, train acc: 0.9789 | validation loss: 0.4061, validation acc: 0.8943
[    241.83s] Epoch 35/50 | train loss: 0.0562, train acc: 0.9819 | validation loss: 0.3959, validation acc: 0.8960
[    248.68s] Epoch 36/50 | train loss: 0.0483, train acc: 0.9850 | validation loss: 0.4187, validation acc: 0.8911
[    255.53s] Epoch 37/50 | train loss: 0.0463, train acc: 0.9862 | validation loss: 0.4047, validation acc: 0.8950
[    262.39s] Epoch 38/50 | train loss: 0.0397, train acc: 0.9888 | validation loss: 0.3989, validation acc: 0.8971
[    269.24s] Epoch 39/50 | train loss: 0.0377, train acc: 0.9898 | validation loss: 0.4008, validation acc: 0.8957
[    276.08s] Epoch 40/50 | train loss: 0.0355, train acc: 0.9895 | validation loss: 0.3847, validation acc: 0.8997
[    282.94s] Epoch 41/50 | train loss: 0.0328, train acc: 0.9910 | validation loss: 0.3928, validation acc: 0.9016
[    289.80s] Epoch 42/50 | train loss: 0.0300, train acc: 0.9919 | validation loss: 0.3985, validation acc: 0.8998
[    296.65s] Epoch 43/50 | train loss: 0.0284, train acc: 0.9925 | validation loss: 0.3929, validation acc: 0.9021
[    303.50s] Epoch 44/50 | train loss: 0.0281, train acc: 0.9930 | validation loss: 0.3863, validation acc: 0.9036
[    310.35s] Epoch 45/50 | train loss: 0.0263, train acc: 0.9936 | validation loss: 0.3865, validation acc: 0.9028
[    317.22s] Epoch 46/50 | train loss: 0.0257, train acc: 0.9936 | validation loss: 0.3887, validation acc: 0.9018
[    324.08s] Epoch 47/50 | train loss: 0.0242, train acc: 0.9946 | validation loss: 0.3877, validation acc: 0.9033
[    330.94s] Epoch 48/50 | train loss: 0.0250, train acc: 0.9943 | validation loss: 0.3883, validation acc: 0.9032
[    337.80s] Epoch 49/50 | train loss: 0.0242, train acc: 0.9942 | validation loss: 0.3877, validation acc: 0.9027
[    344.65s] Epoch 50/50 | train loss: 0.0245, train acc: 0.9945 | validation loss: 0.3871, validation acc: 0.9030
