[      0.00s] Arguments: epochs=50, batch_size=256, learning_rate=1.0
[      0.05s] Using device: cuda
[      8.37s] Epoch 01/50 | train loss: nan, train acc: 0.1012 | validation loss: nan, validation acc: 0.0942
[     14.78s] Epoch 02/50 | train loss: nan, train acc: 0.1009 | validation loss: nan, validation acc: 0.0942
[     21.19s] Epoch 03/50 | train loss: nan, train acc: 0.1009 | validation loss: nan, validation acc: 0.0942
[     27.60s] Epoch 04/50 | train loss: nan, train acc: 0.1009 | validation loss: nan, validation acc: 0.0942
[     33.99s] Epoch 05/50 | train loss: nan, train acc: 0.1009 | validation loss: nan, validation acc: 0.0942
[     40.38s] Epoch 06/50 | train loss: nan, train acc: 0.1009 | validation loss: nan, validation acc: 0.0942
[     46.80s] Epoch 07/50 | train loss: nan, train acc: 0.1009 | validation loss: nan, validation acc: 0.0942
[     53.19s] Epoch 08/50 | train loss: nan, train acc: 0.1009 | validation loss: nan, validation acc: 0.0942
[     59.59s] Epoch 09/50 | train loss: nan, train acc: 0.1009 | validation loss: nan, validation acc: 0.0942
[     65.99s] Epoch 10/50 | train loss: nan, train acc: 0.1009 | validation loss: nan, validation acc: 0.0942
[     72.39s] Epoch 11/50 | train loss: nan, train acc: 0.1009 | validation loss: nan, validation acc: 0.0942
[     78.78s] Epoch 12/50 | train loss: nan, train acc: 0.1009 | validation loss: nan, validation acc: 0.0942
[     85.18s] Epoch 13/50 | train loss: nan, train acc: 0.1009 | validation loss: nan, validation acc: 0.0942
[     91.58s] Epoch 14/50 | train loss: nan, train acc: 0.1009 | validation loss: nan, validation acc: 0.0942
[     97.98s] Epoch 15/50 | train loss: nan, train acc: 0.1009 | validation loss: nan, validation acc: 0.0942
[    104.38s] Epoch 16/50 | train loss: nan, train acc: 0.1009 | validation loss: nan, validation acc: 0.0942
[    110.78s] Epoch 17/50 | train loss: nan, train acc: 0.1009 | validation loss: nan, validation acc: 0.0942
[    117.18s] Epoch 18/50 | train loss: nan, train acc: 0.1009 | validation loss: nan, validation acc: 0.0942
[    123.58s] Epoch 19/50 | train loss: nan, train acc: 0.1009 | validation loss: nan, validation acc: 0.0942
[    129.98s] Epoch 20/50 | train loss: nan, train acc: 0.1009 | validation loss: nan, validation acc: 0.0942
[    136.38s] Epoch 21/50 | train loss: nan, train acc: 0.1009 | validation loss: nan, validation acc: 0.0942
[    142.78s] Epoch 22/50 | train loss: nan, train acc: 0.1009 | validation loss: nan, validation acc: 0.0942
[    149.19s] Epoch 23/50 | train loss: nan, train acc: 0.1009 | validation loss: nan, validation acc: 0.0942
[    155.58s] Epoch 24/50 | train loss: nan, train acc: 0.1009 | validation loss: nan, validation acc: 0.0942
[    161.98s] Epoch 25/50 | train loss: nan, train acc: 0.1009 | validation loss: nan, validation acc: 0.0942
[    168.39s] Epoch 26/50 | train loss: nan, train acc: 0.1009 | validation loss: nan, validation acc: 0.0942
[    174.79s] Epoch 27/50 | train loss: nan, train acc: 0.1009 | validation loss: nan, validation acc: 0.0942
[    181.19s] Epoch 28/50 | train loss: nan, train acc: 0.1009 | validation loss: nan, validation acc: 0.0942
[    187.59s] Epoch 29/50 | train loss: nan, train acc: 0.1009 | validation loss: nan, validation acc: 0.0942
[    193.99s] Epoch 30/50 | train loss: nan, train acc: 0.1009 | validation loss: nan, validation acc: 0.0942
[    200.39s] Epoch 31/50 | train loss: nan, train acc: 0.1009 | validation loss: nan, validation acc: 0.0942
[    206.80s] Epoch 32/50 | train loss: nan, train acc: 0.1009 | validation loss: nan, validation acc: 0.0942
[    213.21s] Epoch 33/50 | train loss: nan, train acc: 0.1009 | validation loss: nan, validation acc: 0.0942
[    219.60s] Epoch 34/50 | train loss: nan, train acc: 0.1009 | validation loss: nan, validation acc: 0.0942
[    226.01s] Epoch 35/50 | train loss: nan, train acc: 0.1009 | validation loss: nan, validation acc: 0.0942
[    232.41s] Epoch 36/50 | train loss: nan, train acc: 0.1009 | validation loss: nan, validation acc: 0.0942
[    238.81s] Epoch 37/50 | train loss: nan, train acc: 0.1009 | validation loss: nan, validation acc: 0.0942
[    245.20s] Epoch 38/50 | train loss: nan, train acc: 0.1009 | validation loss: nan, validation acc: 0.0942
[    251.60s] Epoch 39/50 | train loss: nan, train acc: 0.1009 | validation loss: nan, validation acc: 0.0942
[    257.99s] Epoch 40/50 | train loss: nan, train acc: 0.1009 | validation loss: nan, validation acc: 0.0942
[    264.40s] Epoch 41/50 | train loss: nan, train acc: 0.1009 | validation loss: nan, validation acc: 0.0942
[    270.81s] Epoch 42/50 | train loss: nan, train acc: 0.1009 | validation loss: nan, validation acc: 0.0942
[    277.21s] Epoch 43/50 | train loss: nan, train acc: 0.1009 | validation loss: nan, validation acc: 0.0942
[    283.61s] Epoch 44/50 | train loss: nan, train acc: 0.1009 | validation loss: nan, validation acc: 0.0942
[    290.01s] Epoch 45/50 | train loss: nan, train acc: 0.1009 | validation loss: nan, validation acc: 0.0942
[    296.41s] Epoch 46/50 | train loss: nan, train acc: 0.1009 | validation loss: nan, validation acc: 0.0942
[    302.82s] Epoch 47/50 | train loss: nan, train acc: 0.1009 | validation loss: nan, validation acc: 0.0942
[    309.23s] Epoch 48/50 | train loss: nan, train acc: 0.1009 | validation loss: nan, validation acc: 0.0942
[    315.62s] Epoch 49/50 | train loss: nan, train acc: 0.1009 | validation loss: nan, validation acc: 0.0942
[    322.00s] Epoch 50/50 | train loss: nan, train acc: 0.1009 | validation loss: nan, validation acc: 0.0942
