[      0.00s] Arguments: epochs=50, batch_size=256, learning_rate=0.01
[      0.06s] Using device: cuda
[      8.52s] Epoch 01/50 | train loss: 1.5619, train acc: 0.4248 | validation loss: 1.2462, validation acc: 0.5526
[     15.10s] Epoch 02/50 | train loss: 1.0844, train acc: 0.6125 | validation loss: 1.2297, validation acc: 0.5812
[     21.69s] Epoch 03/50 | train loss: 0.8664, train acc: 0.6938 | validation loss: 0.9753, validation acc: 0.6762
[     28.26s] Epoch 04/50 | train loss: 0.7239, train acc: 0.7461 | validation loss: 0.8710, validation acc: 0.7141
[     34.85s] Epoch 05/50 | train loss: 0.6316, train acc: 0.7781 | validation loss: 0.7997, validation acc: 0.7416
[     41.44s] Epoch 06/50 | train loss: 0.5588, train acc: 0.8051 | validation loss: 0.5795, validation acc: 0.8003
[     48.02s] Epoch 07/50 | train loss: 0.5071, train acc: 0.8255 | validation loss: 0.7250, validation acc: 0.7703
[     54.61s] Epoch 08/50 | train loss: 0.4624, train acc: 0.8397 | validation loss: 0.5554, validation acc: 0.8129
[     61.19s] Epoch 09/50 | train loss: 0.4195, train acc: 0.8537 | validation loss: 0.5312, validation acc: 0.8299
[     67.78s] Epoch 10/50 | train loss: 0.3924, train acc: 0.8651 | validation loss: 0.5387, validation acc: 0.8306
[     74.37s] Epoch 11/50 | train loss: 0.3607, train acc: 0.8752 | validation loss: 0.7181, validation acc: 0.7810
[     80.97s] Epoch 12/50 | train loss: 0.3329, train acc: 0.8835 | validation loss: 0.4722, validation acc: 0.8512
[     87.56s] Epoch 13/50 | train loss: 0.3081, train acc: 0.8923 | validation loss: 0.5142, validation acc: 0.8343
[     94.14s] Epoch 14/50 | train loss: 0.2890, train acc: 0.8979 | validation loss: 0.5543, validation acc: 0.8273
[    100.72s] Epoch 15/50 | train loss: 0.2689, train acc: 0.9061 | validation loss: 0.4792, validation acc: 0.8500
[    107.31s] Epoch 16/50 | train loss: 0.2525, train acc: 0.9118 | validation loss: 0.4808, validation acc: 0.8547
[    113.91s] Epoch 17/50 | train loss: 0.2296, train acc: 0.9187 | validation loss: 0.4531, validation acc: 0.8601
[    120.50s] Epoch 18/50 | train loss: 0.2176, train acc: 0.9237 | validation loss: 0.5042, validation acc: 0.8500
[    127.09s] Epoch 19/50 | train loss: 0.1982, train acc: 0.9298 | validation loss: 0.4851, validation acc: 0.8589
[    133.68s] Epoch 20/50 | train loss: 0.1924, train acc: 0.9314 | validation loss: 0.4341, validation acc: 0.8671
[    140.27s] Epoch 21/50 | train loss: 0.1713, train acc: 0.9386 | validation loss: 0.3859, validation acc: 0.8843
[    146.86s] Epoch 22/50 | train loss: 0.1602, train acc: 0.9434 | validation loss: 0.4728, validation acc: 0.8634
[    153.44s] Epoch 23/50 | train loss: 0.1479, train acc: 0.9480 | validation loss: 0.3869, validation acc: 0.8870
[    160.02s] Epoch 24/50 | train loss: 0.1363, train acc: 0.9524 | validation loss: 0.4318, validation acc: 0.8773
[    166.62s] Epoch 25/50 | train loss: 0.1202, train acc: 0.9584 | validation loss: 0.4800, validation acc: 0.8722
[    173.21s] Epoch 26/50 | train loss: 0.1051, train acc: 0.9631 | validation loss: 0.4222, validation acc: 0.8791
[    179.80s] Epoch 27/50 | train loss: 0.0968, train acc: 0.9657 | validation loss: 0.3836, validation acc: 0.8888
[    186.38s] Epoch 28/50 | train loss: 0.0910, train acc: 0.9690 | validation loss: 0.4432, validation acc: 0.8806
[    192.97s] Epoch 29/50 | train loss: 0.0783, train acc: 0.9737 | validation loss: 0.3873, validation acc: 0.8923
[    199.56s] Epoch 30/50 | train loss: 0.0713, train acc: 0.9754 | validation loss: 0.3838, validation acc: 0.8981
[    206.15s] Epoch 31/50 | train loss: 0.0601, train acc: 0.9798 | validation loss: 0.3929, validation acc: 0.8946
[    212.74s] Epoch 32/50 | train loss: 0.0540, train acc: 0.9822 | validation loss: 0.3550, validation acc: 0.9047
[    219.33s] Epoch 33/50 | train loss: 0.0497, train acc: 0.9842 | validation loss: 0.3642, validation acc: 0.9023
[    225.92s] Epoch 34/50 | train loss: 0.0398, train acc: 0.9879 | validation loss: 0.3643, validation acc: 0.9047
[    232.50s] Epoch 35/50 | train loss: 0.0362, train acc: 0.9894 | validation loss: 0.3765, validation acc: 0.9050
[    239.08s] Epoch 36/50 | train loss: 0.0321, train acc: 0.9906 | validation loss: 0.3723, validation acc: 0.9074
[    245.67s] Epoch 37/50 | train loss: 0.0282, train acc: 0.9922 | validation loss: 0.3709, validation acc: 0.9077
[    252.25s] Epoch 38/50 | train loss: 0.0254, train acc: 0.9928 | validation loss: 0.3606, validation acc: 0.9094
[    258.85s] Epoch 39/50 | train loss: 0.0228, train acc: 0.9939 | validation loss: 0.3633, validation acc: 0.9107
[    265.44s] Epoch 40/50 | train loss: 0.0206, train acc: 0.9947 | validation loss: 0.3640, validation acc: 0.9117
[    272.03s] Epoch 41/50 | train loss: 0.0179, train acc: 0.9957 | validation loss: 0.3636, validation acc: 0.9110
[    278.62s] Epoch 42/50 | train loss: 0.0179, train acc: 0.9958 | validation loss: 0.3599, validation acc: 0.9104
[    285.20s] Epoch 43/50 | train loss: 0.0159, train acc: 0.9965 | validation loss: 0.3614, validation acc: 0.9122
[    291.79s] Epoch 44/50 | train loss: 0.0149, train acc: 0.9970 | validation loss: 0.3622, validation acc: 0.9118
[    298.37s] Epoch 45/50 | train loss: 0.0142, train acc: 0.9971 | validation loss: 0.3608, validation acc: 0.9133
[    304.97s] Epoch 46/50 | train loss: 0.0142, train acc: 0.9972 | validation loss: 0.3601, validation acc: 0.9139
[    311.56s] Epoch 47/50 | train loss: 0.0135, train acc: 0.9972 | validation loss: 0.3606, validation acc: 0.9119
[    318.15s] Epoch 48/50 | train loss: 0.0133, train acc: 0.9974 | validation loss: 0.3596, validation acc: 0.9118
[    324.74s] Epoch 49/50 | train loss: 0.0132, train acc: 0.9974 | validation loss: 0.3607, validation acc: 0.9116
[    331.34s] Epoch 50/50 | train loss: 0.0132, train acc: 0.9974 | validation loss: 0.3588, validation acc: 0.9128
