[      0.00s] Arguments: epochs=50, batch_size=1024, learning_rate=0.001
[      0.05s] Using device: cuda
[      8.88s] Epoch 01/50 | train loss: 2.1135, train acc: 0.2210 | validation loss: 1.9693, validation acc: 0.2429
[     15.84s] Epoch 02/50 | train loss: 1.7949, train acc: 0.3410 | validation loss: 1.7210, validation acc: 0.3569
[     22.80s] Epoch 03/50 | train loss: 1.6427, train acc: 0.3923 | validation loss: 1.5848, validation acc: 0.4061
[     29.77s] Epoch 04/50 | train loss: 1.5494, train acc: 0.4244 | validation loss: 1.4954, validation acc: 0.4451
[     36.73s] Epoch 05/50 | train loss: 1.4709, train acc: 0.4614 | validation loss: 1.4266, validation acc: 0.4678
[     43.69s] Epoch 06/50 | train loss: 1.4022, train acc: 0.4861 | validation loss: 1.4281, validation acc: 0.4804
[     50.65s] Epoch 07/50 | train loss: 1.3400, train acc: 0.5114 | validation loss: 1.3149, validation acc: 0.5273
[     57.62s] Epoch 08/50 | train loss: 1.2889, train acc: 0.5324 | validation loss: 1.3566, validation acc: 0.5167
[     64.59s] Epoch 09/50 | train loss: 1.2359, train acc: 0.5534 | validation loss: 1.2256, validation acc: 0.5559
[     71.54s] Epoch 10/50 | train loss: 1.1947, train acc: 0.5697 | validation loss: 1.2038, validation acc: 0.5638
[     78.49s] Epoch 11/50 | train loss: 1.1617, train acc: 0.5833 | validation loss: 1.1792, validation acc: 0.5786
[     85.45s] Epoch 12/50 | train loss: 1.1208, train acc: 0.5978 | validation loss: 1.1697, validation acc: 0.5870
[     92.40s] Epoch 13/50 | train loss: 1.0864, train acc: 0.6122 | validation loss: 1.1146, validation acc: 0.5979
[     99.35s] Epoch 14/50 | train loss: 1.0609, train acc: 0.6193 | validation loss: 1.0918, validation acc: 0.6112
[    106.31s] Epoch 15/50 | train loss: 1.0331, train acc: 0.6301 | validation loss: 1.0927, validation acc: 0.6071
[    113.27s] Epoch 16/50 | train loss: 1.0106, train acc: 0.6369 | validation loss: 1.0822, validation acc: 0.6183
[    120.24s] Epoch 17/50 | train loss: 0.9954, train acc: 0.6440 | validation loss: 1.1050, validation acc: 0.6084
[    127.20s] Epoch 18/50 | train loss: 0.9694, train acc: 0.6561 | validation loss: 1.0223, validation acc: 0.6363
[    134.16s] Epoch 19/50 | train loss: 0.9532, train acc: 0.6597 | validation loss: 1.0426, validation acc: 0.6302
[    141.13s] Epoch 20/50 | train loss: 0.9295, train acc: 0.6695 | validation loss: 1.0303, validation acc: 0.6379
[    148.10s] Epoch 21/50 | train loss: 0.9157, train acc: 0.6740 | validation loss: 0.9981, validation acc: 0.6504
[    155.07s] Epoch 22/50 | train loss: 0.9030, train acc: 0.6775 | validation loss: 0.9505, validation acc: 0.6581
[    162.03s] Epoch 23/50 | train loss: 0.8844, train acc: 0.6847 | validation loss: 0.9380, validation acc: 0.6632
[    169.00s] Epoch 24/50 | train loss: 0.8691, train acc: 0.6918 | validation loss: 0.9760, validation acc: 0.6570
[    175.97s] Epoch 25/50 | train loss: 0.8529, train acc: 0.6959 | validation loss: 0.9218, validation acc: 0.6734
[    182.93s] Epoch 26/50 | train loss: 0.8422, train acc: 0.6997 | validation loss: 0.9097, validation acc: 0.6763
[    189.89s] Epoch 27/50 | train loss: 0.8288, train acc: 0.7055 | validation loss: 0.9206, validation acc: 0.6766
[    196.86s] Epoch 28/50 | train loss: 0.8152, train acc: 0.7122 | validation loss: 0.8996, validation acc: 0.6788
[    203.82s] Epoch 29/50 | train loss: 0.8037, train acc: 0.7154 | validation loss: 0.8864, validation acc: 0.6858
[    210.79s] Epoch 30/50 | train loss: 0.7984, train acc: 0.7172 | validation loss: 0.8828, validation acc: 0.6841
[    217.76s] Epoch 31/50 | train loss: 0.7885, train acc: 0.7193 | validation loss: 0.8915, validation acc: 0.6890
[    224.72s] Epoch 32/50 | train loss: 0.7811, train acc: 0.7234 | validation loss: 0.9109, validation acc: 0.6811
[    231.68s] Epoch 33/50 | train loss: 0.7738, train acc: 0.7247 | validation loss: 0.8538, validation acc: 0.6996
[    238.64s] Epoch 34/50 | train loss: 0.7707, train acc: 0.7263 | validation loss: 0.8602, validation acc: 0.6972
[    245.60s] Epoch 35/50 | train loss: 0.7629, train acc: 0.7300 | validation loss: 0.8445, validation acc: 0.7029
[    252.55s] Epoch 36/50 | train loss: 0.7543, train acc: 0.7307 | validation loss: 0.8296, validation acc: 0.7052
[    259.51s] Epoch 37/50 | train loss: 0.7499, train acc: 0.7352 | validation loss: 0.8321, validation acc: 0.7048
[    266.47s] Epoch 38/50 | train loss: 0.7453, train acc: 0.7358 | validation loss: 0.8324, validation acc: 0.7061
[    273.44s] Epoch 39/50 | train loss: 0.7420, train acc: 0.7373 | validation loss: 0.8318, validation acc: 0.7070
[    280.41s] Epoch 40/50 | train loss: 0.7366, train acc: 0.7396 | validation loss: 0.8273, validation acc: 0.7074
[    287.38s] Epoch 41/50 | train loss: 0.7358, train acc: 0.7379 | validation loss: 0.8243, validation acc: 0.7097
[    294.34s] Epoch 42/50 | train loss: 0.7303, train acc: 0.7429 | validation loss: 0.8195, validation acc: 0.7138
[    301.31s] Epoch 43/50 | train loss: 0.7276, train acc: 0.7422 | validation loss: 0.8170, validation acc: 0.7106
[    308.28s] Epoch 44/50 | train loss: 0.7303, train acc: 0.7410 | validation loss: 0.8160, validation acc: 0.7140
[    315.25s] Epoch 45/50 | train loss: 0.7248, train acc: 0.7426 | validation loss: 0.8126, validation acc: 0.7137
[    322.22s] Epoch 46/50 | train loss: 0.7253, train acc: 0.7440 | validation loss: 0.8130, validation acc: 0.7154
[    329.18s] Epoch 47/50 | train loss: 0.7227, train acc: 0.7444 | validation loss: 0.8132, validation acc: 0.7142
[    336.16s] Epoch 48/50 | train loss: 0.7223, train acc: 0.7422 | validation loss: 0.8115, validation acc: 0.7150
[    343.13s] Epoch 49/50 | train loss: 0.7246, train acc: 0.7443 | validation loss: 0.8115, validation acc: 0.7136
[    350.10s] Epoch 50/50 | train loss: 0.7249, train acc: 0.7430 | validation loss: 0.8126, validation acc: 0.7140
