[      0.00s] Arguments: epochs=50, batch_size=128, learning_rate=0.05
[      0.05s] Using device: cuda
[      8.41s] Epoch 01/50 | train loss: 1.7126, train acc: 0.3703 | validation loss: 1.5134, validation acc: 0.4454
[     14.89s] Epoch 02/50 | train loss: 1.3008, train acc: 0.5255 | validation loss: 1.2415, validation acc: 0.5689
[     21.38s] Epoch 03/50 | train loss: 1.0187, train acc: 0.6359 | validation loss: 1.0377, validation acc: 0.6313
[     27.86s] Epoch 04/50 | train loss: 0.8112, train acc: 0.7154 | validation loss: 1.0975, validation acc: 0.6431
[     34.35s] Epoch 05/50 | train loss: 0.6822, train acc: 0.7626 | validation loss: 0.7387, validation acc: 0.7420
[     40.83s] Epoch 06/50 | train loss: 0.5994, train acc: 0.7912 | validation loss: 0.7309, validation acc: 0.7574
[     47.31s] Epoch 07/50 | train loss: 0.5365, train acc: 0.8152 | validation loss: 0.6241, validation acc: 0.7892
[     53.80s] Epoch 08/50 | train loss: 0.4863, train acc: 0.8309 | validation loss: 0.5887, validation acc: 0.8002
[     60.30s] Epoch 09/50 | train loss: 0.4407, train acc: 0.8475 | validation loss: 0.5778, validation acc: 0.8088
[     66.78s] Epoch 10/50 | train loss: 0.4153, train acc: 0.8563 | validation loss: 0.4720, validation acc: 0.8441
[     73.27s] Epoch 11/50 | train loss: 0.3795, train acc: 0.8678 | validation loss: 0.5444, validation acc: 0.8192
[     79.75s] Epoch 12/50 | train loss: 0.3630, train acc: 0.8741 | validation loss: 0.4318, validation acc: 0.8557
[     86.24s] Epoch 13/50 | train loss: 0.3393, train acc: 0.8825 | validation loss: 0.5108, validation acc: 0.8361
[     92.72s] Epoch 14/50 | train loss: 0.3206, train acc: 0.8889 | validation loss: 0.4721, validation acc: 0.8498
[     99.21s] Epoch 15/50 | train loss: 0.3084, train acc: 0.8942 | validation loss: 0.4035, validation acc: 0.8656
[    105.69s] Epoch 16/50 | train loss: 0.2903, train acc: 0.8988 | validation loss: 0.5221, validation acc: 0.8288
[    112.17s] Epoch 17/50 | train loss: 0.2780, train acc: 0.9031 | validation loss: 0.4164, validation acc: 0.8632
[    118.67s] Epoch 18/50 | train loss: 0.2640, train acc: 0.9087 | validation loss: 0.3858, validation acc: 0.8670
[    125.15s] Epoch 19/50 | train loss: 0.2544, train acc: 0.9112 | validation loss: 0.4725, validation acc: 0.8538
[    131.64s] Epoch 20/50 | train loss: 0.2401, train acc: 0.9166 | validation loss: 0.4193, validation acc: 0.8653
[    138.12s] Epoch 21/50 | train loss: 0.2292, train acc: 0.9206 | validation loss: 0.3498, validation acc: 0.8904
[    144.61s] Epoch 22/50 | train loss: 0.2153, train acc: 0.9265 | validation loss: 0.3818, validation acc: 0.8782
[    151.10s] Epoch 23/50 | train loss: 0.2032, train acc: 0.9287 | validation loss: 0.3519, validation acc: 0.8884
[    157.59s] Epoch 24/50 | train loss: 0.1903, train acc: 0.9346 | validation loss: 0.3808, validation acc: 0.8787
[    164.08s] Epoch 25/50 | train loss: 0.1774, train acc: 0.9386 | validation loss: 0.4326, validation acc: 0.8659
[    170.56s] Epoch 26/50 | train loss: 0.1724, train acc: 0.9407 | validation loss: 0.3150, validation acc: 0.8950
[    177.06s] Epoch 27/50 | train loss: 0.1541, train acc: 0.9462 | validation loss: 0.3482, validation acc: 0.8942
[    183.55s] Epoch 28/50 | train loss: 0.1398, train acc: 0.9515 | validation loss: 0.3674, validation acc: 0.8889
[    190.03s] Epoch 29/50 | train loss: 0.1292, train acc: 0.9555 | validation loss: 0.3185, validation acc: 0.9056
[    196.52s] Epoch 30/50 | train loss: 0.1193, train acc: 0.9589 | validation loss: 0.3307, validation acc: 0.8997
[    203.01s] Epoch 31/50 | train loss: 0.1069, train acc: 0.9627 | validation loss: 0.2932, validation acc: 0.9086
[    209.50s] Epoch 32/50 | train loss: 0.0956, train acc: 0.9674 | validation loss: 0.3222, validation acc: 0.9093
[    215.98s] Epoch 33/50 | train loss: 0.0816, train acc: 0.9727 | validation loss: 0.3044, validation acc: 0.9091
[    222.48s] Epoch 34/50 | train loss: 0.0738, train acc: 0.9754 | validation loss: 0.3110, validation acc: 0.9083
[    228.96s] Epoch 35/50 | train loss: 0.0566, train acc: 0.9813 | validation loss: 0.3250, validation acc: 0.9111
[    235.45s] Epoch 36/50 | train loss: 0.0472, train acc: 0.9841 | validation loss: 0.2764, validation acc: 0.9211
[    241.94s] Epoch 37/50 | train loss: 0.0361, train acc: 0.9888 | validation loss: 0.2691, validation acc: 0.9288
[    248.44s] Epoch 38/50 | train loss: 0.0323, train acc: 0.9896 | validation loss: 0.2613, validation acc: 0.9258
[    254.94s] Epoch 39/50 | train loss: 0.0218, train acc: 0.9938 | validation loss: 0.2545, validation acc: 0.9300
[    261.42s] Epoch 40/50 | train loss: 0.0174, train acc: 0.9954 | validation loss: 0.2594, validation acc: 0.9312
[    267.92s] Epoch 41/50 | train loss: 0.0135, train acc: 0.9967 | validation loss: 0.2482, validation acc: 0.9351
[    274.41s] Epoch 42/50 | train loss: 0.0104, train acc: 0.9975 | validation loss: 0.2479, validation acc: 0.9342
[    280.91s] Epoch 43/50 | train loss: 0.0089, train acc: 0.9980 | validation loss: 0.2433, validation acc: 0.9358
[    287.40s] Epoch 44/50 | train loss: 0.0082, train acc: 0.9981 | validation loss: 0.2434, validation acc: 0.9336
[    293.89s] Epoch 45/50 | train loss: 0.0068, train acc: 0.9986 | validation loss: 0.2412, validation acc: 0.9374
[    300.38s] Epoch 46/50 | train loss: 0.0062, train acc: 0.9988 | validation loss: 0.2400, validation acc: 0.9379
[    306.87s] Epoch 47/50 | train loss: 0.0056, train acc: 0.9992 | validation loss: 0.2377, validation acc: 0.9387
[    313.36s] Epoch 48/50 | train loss: 0.0055, train acc: 0.9991 | validation loss: 0.2388, validation acc: 0.9378
[    319.85s] Epoch 49/50 | train loss: 0.0058, train acc: 0.9990 | validation loss: 0.2381, validation acc: 0.9390
[    326.35s] Epoch 50/50 | train loss: 0.0051, train acc: 0.9992 | validation loss: 0.2371, validation acc: 0.9393
