[      0.00s] Arguments: epochs=50, batch_size=64, learning_rate=0.5
[      0.05s] Using device: cuda
[      9.24s] Epoch 01/50 | train loss: 2.3491, train acc: 0.1614 | validation loss: 2.0243, validation acc: 0.2511
[     16.54s] Epoch 02/50 | train loss: 1.8516, train acc: 0.2945 | validation loss: 1.7174, validation acc: 0.3499
[     23.84s] Epoch 03/50 | train loss: 1.6697, train acc: 0.3746 | validation loss: 1.9780, validation acc: 0.3262
[     31.14s] Epoch 04/50 | train loss: 1.4669, train acc: 0.4674 | validation loss: 1.4465, validation acc: 0.4986
[     38.46s] Epoch 05/50 | train loss: 1.3147, train acc: 0.5298 | validation loss: 3.0267, validation acc: 0.2948
[     45.77s] Epoch 06/50 | train loss: 1.2334, train acc: 0.5645 | validation loss: 2.7839, validation acc: 0.2654
[     53.08s] Epoch 07/50 | train loss: 1.1627, train acc: 0.5926 | validation loss: 1.1911, validation acc: 0.5898
[     60.38s] Epoch 08/50 | train loss: 1.1301, train acc: 0.6072 | validation loss: 2.1282, validation acc: 0.4301
[     67.69s] Epoch 09/50 | train loss: 1.1022, train acc: 0.6187 | validation loss: 1.3806, validation acc: 0.5238
[     74.99s] Epoch 10/50 | train loss: 1.0871, train acc: 0.6241 | validation loss: 1.5054, validation acc: 0.5292
[     82.29s] Epoch 11/50 | train loss: 1.0707, train acc: 0.6304 | validation loss: 1.6785, validation acc: 0.4831
[     89.60s] Epoch 12/50 | train loss: 1.0627, train acc: 0.6346 | validation loss: 1.5055, validation acc: 0.4752
[     96.90s] Epoch 13/50 | train loss: 1.0462, train acc: 0.6389 | validation loss: 1.3286, validation acc: 0.5671
[    104.20s] Epoch 14/50 | train loss: 1.0342, train acc: 0.6450 | validation loss: 1.9353, validation acc: 0.4546
[    111.50s] Epoch 15/50 | train loss: 1.0205, train acc: 0.6494 | validation loss: 1.1657, validation acc: 0.6068
[    118.82s] Epoch 16/50 | train loss: 0.9979, train acc: 0.6546 | validation loss: 1.6610, validation acc: 0.5298
[    126.13s] Epoch 17/50 | train loss: 0.9936, train acc: 0.6579 | validation loss: 1.7797, validation acc: 0.4650
[    133.43s] Epoch 18/50 | train loss: 0.9867, train acc: 0.6607 | validation loss: 1.4602, validation acc: 0.5656
[    140.73s] Epoch 19/50 | train loss: 0.9658, train acc: 0.6670 | validation loss: 1.5403, validation acc: 0.5233
[    148.03s] Epoch 20/50 | train loss: 0.9545, train acc: 0.6728 | validation loss: 0.9946, validation acc: 0.6556
[    155.32s] Epoch 21/50 | train loss: 0.9272, train acc: 0.6805 | validation loss: 1.2824, validation acc: 0.5842
[    162.62s] Epoch 22/50 | train loss: 0.9141, train acc: 0.6844 | validation loss: 1.3694, validation acc: 0.5711
[    169.92s] Epoch 23/50 | train loss: 0.8910, train acc: 0.6942 | validation loss: 1.5139, validation acc: 0.5280
[    177.22s] Epoch 24/50 | train loss: 0.8809, train acc: 0.6957 | validation loss: 1.0486, validation acc: 0.6560
[    184.53s] Epoch 25/50 | train loss: 0.8492, train acc: 0.7060 | validation loss: 2.2275, validation acc: 0.4394
[    191.85s] Epoch 26/50 | train loss: 0.8327, train acc: 0.7128 | validation loss: 0.9659, validation acc: 0.6830
[    199.16s] Epoch 27/50 | train loss: 0.8150, train acc: 0.7190 | validation loss: 1.0104, validation acc: 0.6401
[    206.46s] Epoch 28/50 | train loss: 0.7914, train acc: 0.7271 | validation loss: 1.1270, validation acc: 0.6531
[    213.76s] Epoch 29/50 | train loss: 0.7746, train acc: 0.7341 | validation loss: 0.9007, validation acc: 0.6969
[    221.07s] Epoch 30/50 | train loss: 0.7499, train acc: 0.7416 | validation loss: 1.0843, validation acc: 0.6529
[    228.37s] Epoch 31/50 | train loss: 0.7230, train acc: 0.7518 | validation loss: 1.1451, validation acc: 0.6261
[    235.68s] Epoch 32/50 | train loss: 0.7016, train acc: 0.7591 | validation loss: 0.9389, validation acc: 0.6923
[    242.99s] Epoch 33/50 | train loss: 0.6786, train acc: 0.7691 | validation loss: 1.2026, validation acc: 0.6323
[    250.29s] Epoch 34/50 | train loss: 0.6496, train acc: 0.7773 | validation loss: 0.7774, validation acc: 0.7486
[    257.59s] Epoch 35/50 | train loss: 0.6290, train acc: 0.7837 | validation loss: 0.7572, validation acc: 0.7498
[    264.89s] Epoch 36/50 | train loss: 0.6035, train acc: 0.7928 | validation loss: 0.6838, validation acc: 0.7724
[    272.19s] Epoch 37/50 | train loss: 0.5649, train acc: 0.8062 | validation loss: 0.7764, validation acc: 0.7483
[    279.49s] Epoch 38/50 | train loss: 0.5386, train acc: 0.8138 | validation loss: 0.7242, validation acc: 0.7579
[    286.80s] Epoch 39/50 | train loss: 0.5090, train acc: 0.8254 | validation loss: 0.5571, validation acc: 0.8158
[    294.10s] Epoch 40/50 | train loss: 0.4812, train acc: 0.8339 | validation loss: 0.7420, validation acc: 0.7668
[    301.41s] Epoch 41/50 | train loss: 0.4420, train acc: 0.8491 | validation loss: 0.7231, validation acc: 0.7762
[    308.71s] Epoch 42/50 | train loss: 0.4080, train acc: 0.8618 | validation loss: 0.4738, validation acc: 0.8403
[    316.01s] Epoch 43/50 | train loss: 0.3726, train acc: 0.8737 | validation loss: 0.4261, validation acc: 0.8547
[    323.31s] Epoch 44/50 | train loss: 0.3335, train acc: 0.8850 | validation loss: 0.4800, validation acc: 0.8419
[    330.62s] Epoch 45/50 | train loss: 0.2857, train acc: 0.9024 | validation loss: 0.3839, validation acc: 0.8741
[    337.92s] Epoch 46/50 | train loss: 0.2482, train acc: 0.9150 | validation loss: 0.3431, validation acc: 0.8884
[    345.21s] Epoch 47/50 | train loss: 0.2122, train acc: 0.9277 | validation loss: 0.3096, validation acc: 0.8977
[    352.51s] Epoch 48/50 | train loss: 0.1735, train acc: 0.9410 | validation loss: 0.2922, validation acc: 0.9050
[    359.80s] Epoch 49/50 | train loss: 0.1488, train acc: 0.9495 | validation loss: 0.2813, validation acc: 0.9093
[    367.11s] Epoch 50/50 | train loss: 0.1360, train acc: 0.9546 | validation loss: 0.2774, validation acc: 0.9112
