[      0.00s] Arguments: epochs=50, batch_size=128, learning_rate=1.0
[      0.05s] Using device: cuda
[      8.40s] Epoch 01/50 | train loss: 2.3866, train acc: 0.1753 | validation loss: 2.1596, validation acc: 0.1947
[     14.88s] Epoch 02/50 | train loss: 1.8433, train acc: 0.3040 | validation loss: 1.8478, validation acc: 0.3210
[     21.37s] Epoch 03/50 | train loss: 1.7601, train acc: 0.3352 | validation loss: 1.9557, validation acc: 0.2504
[     27.86s] Epoch 04/50 | train loss: 1.6953, train acc: 0.3634 | validation loss: 1.7864, validation acc: 0.3504
[     34.34s] Epoch 05/50 | train loss: 1.5459, train acc: 0.4321 | validation loss: 1.6414, validation acc: 0.4311
[     40.81s] Epoch 06/50 | train loss: 1.4382, train acc: 0.4804 | validation loss: 3.5402, validation acc: 0.2004
[     47.29s] Epoch 07/50 | train loss: 1.3485, train acc: 0.5170 | validation loss: 3.0753, validation acc: 0.2448
[     53.77s] Epoch 08/50 | train loss: 1.2547, train acc: 0.5550 | validation loss: 1.7026, validation acc: 0.4431
[     60.24s] Epoch 09/50 | train loss: 1.2068, train acc: 0.5784 | validation loss: 1.7084, validation acc: 0.4278
[     66.71s] Epoch 10/50 | train loss: 1.1666, train acc: 0.5931 | validation loss: 1.5235, validation acc: 0.5031
[     73.19s] Epoch 11/50 | train loss: 1.1543, train acc: 0.6000 | validation loss: 1.5718, validation acc: 0.4531
[     79.67s] Epoch 12/50 | train loss: 1.1308, train acc: 0.6086 | validation loss: 1.5524, validation acc: 0.4982
[     86.15s] Epoch 13/50 | train loss: 1.1125, train acc: 0.6161 | validation loss: 2.4791, validation acc: 0.3954
[     92.62s] Epoch 14/50 | train loss: 1.0966, train acc: 0.6195 | validation loss: 2.0456, validation acc: 0.3953
[     99.09s] Epoch 15/50 | train loss: 1.0756, train acc: 0.6308 | validation loss: 2.0006, validation acc: 0.4106
[    105.56s] Epoch 16/50 | train loss: 1.0733, train acc: 0.6297 | validation loss: 2.6419, validation acc: 0.3611
[    112.03s] Epoch 17/50 | train loss: 1.0442, train acc: 0.6401 | validation loss: 1.5487, validation acc: 0.4672
[    118.51s] Epoch 18/50 | train loss: 1.0306, train acc: 0.6460 | validation loss: 1.2150, validation acc: 0.5739
[    124.98s] Epoch 19/50 | train loss: 1.0317, train acc: 0.6448 | validation loss: 1.4893, validation acc: 0.5336
[    131.46s] Epoch 20/50 | train loss: 1.0197, train acc: 0.6498 | validation loss: 1.9087, validation acc: 0.4627
[    137.93s] Epoch 21/50 | train loss: 0.9910, train acc: 0.6614 | validation loss: 1.5595, validation acc: 0.5052
[    144.41s] Epoch 22/50 | train loss: 0.9869, train acc: 0.6615 | validation loss: 2.9673, validation acc: 0.3226
[    150.89s] Epoch 23/50 | train loss: 0.9600, train acc: 0.6724 | validation loss: 1.4959, validation acc: 0.5072
[    157.36s] Epoch 24/50 | train loss: 0.9461, train acc: 0.6729 | validation loss: 2.2327, validation acc: 0.4194
[    163.83s] Epoch 25/50 | train loss: 0.9278, train acc: 0.6856 | validation loss: 1.5636, validation acc: 0.5232
[    170.30s] Epoch 26/50 | train loss: 0.9109, train acc: 0.6870 | validation loss: 2.6649, validation acc: 0.4004
[    176.77s] Epoch 27/50 | train loss: 0.8808, train acc: 0.6980 | validation loss: 1.2648, validation acc: 0.6027
[    183.24s] Epoch 28/50 | train loss: 0.8616, train acc: 0.7047 | validation loss: 1.5849, validation acc: 0.5058
[    189.71s] Epoch 29/50 | train loss: 0.8379, train acc: 0.7148 | validation loss: 1.0434, validation acc: 0.6484
[    196.19s] Epoch 30/50 | train loss: 0.8275, train acc: 0.7148 | validation loss: 1.5262, validation acc: 0.5416
[    202.65s] Epoch 31/50 | train loss: 0.7997, train acc: 0.7253 | validation loss: 1.1039, validation acc: 0.6363
[    209.12s] Epoch 32/50 | train loss: 0.7730, train acc: 0.7347 | validation loss: 0.8657, validation acc: 0.7009
[    215.61s] Epoch 33/50 | train loss: 0.7560, train acc: 0.7412 | validation loss: 0.9198, validation acc: 0.6866
[    222.08s] Epoch 34/50 | train loss: 0.7191, train acc: 0.7539 | validation loss: 1.0442, validation acc: 0.6462
[    228.57s] Epoch 35/50 | train loss: 0.6974, train acc: 0.7629 | validation loss: 1.3835, validation acc: 0.6034
[    235.05s] Epoch 36/50 | train loss: 0.6676, train acc: 0.7705 | validation loss: 1.0415, validation acc: 0.6713
[    241.53s] Epoch 37/50 | train loss: 0.6384, train acc: 0.7802 | validation loss: 1.0879, validation acc: 0.6526
[    248.01s] Epoch 38/50 | train loss: 0.6061, train acc: 0.7922 | validation loss: 1.0028, validation acc: 0.6882
[    254.48s] Epoch 39/50 | train loss: 0.5775, train acc: 0.8019 | validation loss: 1.9990, validation acc: 0.5278
[    260.95s] Epoch 40/50 | train loss: 0.5481, train acc: 0.8110 | validation loss: 0.7514, validation acc: 0.7512
[    267.42s] Epoch 41/50 | train loss: 0.5139, train acc: 0.8233 | validation loss: 0.8662, validation acc: 0.7094
[    273.89s] Epoch 42/50 | train loss: 0.4739, train acc: 0.8369 | validation loss: 0.6051, validation acc: 0.8118
[    280.36s] Epoch 43/50 | train loss: 0.4351, train acc: 0.8509 | validation loss: 0.4960, validation acc: 0.8333
[    286.83s] Epoch 44/50 | train loss: 0.3975, train acc: 0.8647 | validation loss: 0.5634, validation acc: 0.8176
[    293.30s] Epoch 45/50 | train loss: 0.3542, train acc: 0.8785 | validation loss: 0.4679, validation acc: 0.8479
[    299.76s] Epoch 46/50 | train loss: 0.3164, train acc: 0.8908 | validation loss: 0.4156, validation acc: 0.8606
[    306.24s] Epoch 47/50 | train loss: 0.2750, train acc: 0.9045 | validation loss: 0.3766, validation acc: 0.8782
[    312.70s] Epoch 48/50 | train loss: 0.2413, train acc: 0.9180 | validation loss: 0.3405, validation acc: 0.8880
[    319.19s] Epoch 49/50 | train loss: 0.2137, train acc: 0.9269 | validation loss: 0.3351, validation acc: 0.8909
[    325.65s] Epoch 50/50 | train loss: 0.1989, train acc: 0.9337 | validation loss: 0.3259, validation acc: 0.8956
