[      0.00s] Arguments: epochs=50, batch_size=512, learning_rate=0.1
[      0.05s] Using device: cuda
[      8.77s] Epoch 01/50 | train loss: 2.4744, train acc: 0.2027 | validation loss: 1.8500, validation acc: 0.2991
[     15.62s] Epoch 02/50 | train loss: 1.7438, train acc: 0.3382 | validation loss: 1.6974, validation acc: 0.3729
[     22.47s] Epoch 03/50 | train loss: 1.5542, train acc: 0.4195 | validation loss: 1.5644, validation acc: 0.4349
[     29.33s] Epoch 04/50 | train loss: 1.3982, train acc: 0.4858 | validation loss: 1.3627, validation acc: 0.5051
[     36.18s] Epoch 05/50 | train loss: 1.2429, train acc: 0.5495 | validation loss: 1.1770, validation acc: 0.5758
[     43.03s] Epoch 06/50 | train loss: 1.0981, train acc: 0.6048 | validation loss: 1.2385, validation acc: 0.5686
[     49.88s] Epoch 07/50 | train loss: 0.9927, train acc: 0.6442 | validation loss: 0.9673, validation acc: 0.6546
[     56.74s] Epoch 08/50 | train loss: 0.9106, train acc: 0.6755 | validation loss: 1.0058, validation acc: 0.6394
[     63.59s] Epoch 09/50 | train loss: 0.8409, train acc: 0.7024 | validation loss: 1.0371, validation acc: 0.6424
[     70.45s] Epoch 10/50 | train loss: 0.7737, train acc: 0.7256 | validation loss: 0.9833, validation acc: 0.6772
[     77.31s] Epoch 11/50 | train loss: 0.6979, train acc: 0.7544 | validation loss: 0.7128, validation acc: 0.7554
[     84.17s] Epoch 12/50 | train loss: 0.6404, train acc: 0.7750 | validation loss: 0.8488, validation acc: 0.7133
[     91.03s] Epoch 13/50 | train loss: 0.5976, train acc: 0.7900 | validation loss: 0.7702, validation acc: 0.7413
[     97.88s] Epoch 14/50 | train loss: 0.5507, train acc: 0.8079 | validation loss: 0.7905, validation acc: 0.7410
[    104.74s] Epoch 15/50 | train loss: 0.5112, train acc: 0.8217 | validation loss: 0.5970, validation acc: 0.8008
[    111.60s] Epoch 16/50 | train loss: 0.4730, train acc: 0.8353 | validation loss: 0.6329, validation acc: 0.7881
[    118.47s] Epoch 17/50 | train loss: 0.4467, train acc: 0.8438 | validation loss: 0.5547, validation acc: 0.8093
[    125.33s] Epoch 18/50 | train loss: 0.4165, train acc: 0.8540 | validation loss: 0.5212, validation acc: 0.8223
[    132.19s] Epoch 19/50 | train loss: 0.3918, train acc: 0.8623 | validation loss: 0.5895, validation acc: 0.8101
[    139.04s] Epoch 20/50 | train loss: 0.3657, train acc: 0.8721 | validation loss: 0.5852, validation acc: 0.8079
[    145.91s] Epoch 21/50 | train loss: 0.3318, train acc: 0.8839 | validation loss: 0.5109, validation acc: 0.8312
[    152.77s] Epoch 22/50 | train loss: 0.3117, train acc: 0.8916 | validation loss: 0.4911, validation acc: 0.8360
[    159.62s] Epoch 23/50 | train loss: 0.2983, train acc: 0.8949 | validation loss: 0.4776, validation acc: 0.8398
[    166.49s] Epoch 24/50 | train loss: 0.2684, train acc: 0.9046 | validation loss: 0.4946, validation acc: 0.8367
[    173.35s] Epoch 25/50 | train loss: 0.2569, train acc: 0.9094 | validation loss: 0.5559, validation acc: 0.8317
[    180.21s] Epoch 26/50 | train loss: 0.2374, train acc: 0.9162 | validation loss: 0.4955, validation acc: 0.8477
[    187.08s] Epoch 27/50 | train loss: 0.2123, train acc: 0.9259 | validation loss: 0.3839, validation acc: 0.8761
[    193.93s] Epoch 28/50 | train loss: 0.1931, train acc: 0.9338 | validation loss: 0.4537, validation acc: 0.8609
[    200.79s] Epoch 29/50 | train loss: 0.1809, train acc: 0.9370 | validation loss: 0.4296, validation acc: 0.8658
[    207.65s] Epoch 30/50 | train loss: 0.1608, train acc: 0.9429 | validation loss: 0.4144, validation acc: 0.8749
[    214.51s] Epoch 31/50 | train loss: 0.1431, train acc: 0.9493 | validation loss: 0.4055, validation acc: 0.8810
[    221.36s] Epoch 32/50 | train loss: 0.1274, train acc: 0.9563 | validation loss: 0.3475, validation acc: 0.8931
[    228.22s] Epoch 33/50 | train loss: 0.1122, train acc: 0.9614 | validation loss: 0.3572, validation acc: 0.8933
[    235.08s] Epoch 34/50 | train loss: 0.0970, train acc: 0.9665 | validation loss: 0.3689, validation acc: 0.8917
[    241.94s] Epoch 35/50 | train loss: 0.0845, train acc: 0.9706 | validation loss: 0.3833, validation acc: 0.8921
[    248.80s] Epoch 36/50 | train loss: 0.0685, train acc: 0.9778 | validation loss: 0.3489, validation acc: 0.9054
[    255.66s] Epoch 37/50 | train loss: 0.0563, train acc: 0.9815 | validation loss: 0.3516, validation acc: 0.9037
[    262.53s] Epoch 38/50 | train loss: 0.0483, train acc: 0.9845 | validation loss: 0.3385, validation acc: 0.9074
[    269.40s] Epoch 39/50 | train loss: 0.0397, train acc: 0.9880 | validation loss: 0.3691, validation acc: 0.9026
[    276.26s] Epoch 40/50 | train loss: 0.0318, train acc: 0.9910 | validation loss: 0.3444, validation acc: 0.9057
[    283.11s] Epoch 41/50 | train loss: 0.0269, train acc: 0.9923 | validation loss: 0.3316, validation acc: 0.9157
[    289.97s] Epoch 42/50 | train loss: 0.0214, train acc: 0.9950 | validation loss: 0.3370, validation acc: 0.9134
[    296.83s] Epoch 43/50 | train loss: 0.0191, train acc: 0.9959 | validation loss: 0.3304, validation acc: 0.9156
[    303.69s] Epoch 44/50 | train loss: 0.0168, train acc: 0.9961 | validation loss: 0.3309, validation acc: 0.9159
[    310.55s] Epoch 45/50 | train loss: 0.0146, train acc: 0.9971 | validation loss: 0.3306, validation acc: 0.9148
[    317.40s] Epoch 46/50 | train loss: 0.0137, train acc: 0.9974 | validation loss: 0.3269, validation acc: 0.9171
[    324.27s] Epoch 47/50 | train loss: 0.0130, train acc: 0.9977 | validation loss: 0.3274, validation acc: 0.9176
[    331.13s] Epoch 48/50 | train loss: 0.0120, train acc: 0.9981 | validation loss: 0.3265, validation acc: 0.9176
[    337.99s] Epoch 49/50 | train loss: 0.0123, train acc: 0.9979 | validation loss: 0.3272, validation acc: 0.9178
[    344.85s] Epoch 50/50 | train loss: 0.0118, train acc: 0.9978 | validation loss: 0.3266, validation acc: 0.9181
