[      0.00s] Arguments: epochs=50, batch_size=64, learning_rate=1.0
[      0.05s] Using device: cuda
[      9.23s] Epoch 01/50 | train loss: 2.3957, train acc: 0.1455 | validation loss: 2.0253, validation acc: 0.2244
[     16.54s] Epoch 02/50 | train loss: 2.0342, train acc: 0.1956 | validation loss: 2.0421, validation acc: 0.1962
[     23.84s] Epoch 03/50 | train loss: 2.0154, train acc: 0.2044 | validation loss: 2.2913, validation acc: 0.1540
[     31.15s] Epoch 04/50 | train loss: 2.0041, train acc: 0.2123 | validation loss: 2.4875, validation acc: 0.2122
[     38.45s] Epoch 05/50 | train loss: 1.9727, train acc: 0.2262 | validation loss: 2.1777, validation acc: 0.1996
[     45.77s] Epoch 06/50 | train loss: 1.9597, train acc: 0.2297 | validation loss: 1.9578, validation acc: 0.2409
[     53.08s] Epoch 07/50 | train loss: 1.9572, train acc: 0.2263 | validation loss: 4.3428, validation acc: 0.1137
[     60.38s] Epoch 08/50 | train loss: 1.9511, train acc: 0.2354 | validation loss: 2.3055, validation acc: 0.1302
[     67.68s] Epoch 09/50 | train loss: 1.9459, train acc: 0.2337 | validation loss: 3.8477, validation acc: 0.1480
[     74.97s] Epoch 10/50 | train loss: 1.9669, train acc: 0.2282 | validation loss: 2.3028, validation acc: 0.2026
[     82.27s] Epoch 11/50 | train loss: 1.9547, train acc: 0.2292 | validation loss: 2.3352, validation acc: 0.1813
[     89.54s] Epoch 12/50 | train loss: 1.9475, train acc: 0.2358 | validation loss: 2.2341, validation acc: 0.2134
[     96.83s] Epoch 13/50 | train loss: 1.9402, train acc: 0.2335 | validation loss: 2.2168, validation acc: 0.1972
[    104.09s] Epoch 14/50 | train loss: 1.9277, train acc: 0.2413 | validation loss: 2.0949, validation acc: 0.1922
[    111.38s] Epoch 15/50 | train loss: 1.9265, train acc: 0.2389 | validation loss: 2.0203, validation acc: 0.2169
[    118.67s] Epoch 16/50 | train loss: 1.9186, train acc: 0.2401 | validation loss: 2.0383, validation acc: 0.2614
[    125.97s] Epoch 17/50 | train loss: 1.8997, train acc: 0.2461 | validation loss: 2.0959, validation acc: 0.2330
[    133.26s] Epoch 18/50 | train loss: 1.8946, train acc: 0.2493 | validation loss: 2.2132, validation acc: 0.1670
[    140.52s] Epoch 19/50 | train loss: 1.9000, train acc: 0.2495 | validation loss: 2.1582, validation acc: 0.2014
[    147.80s] Epoch 20/50 | train loss: 1.8932, train acc: 0.2551 | validation loss: 2.0030, validation acc: 0.2013
[    155.07s] Epoch 21/50 | train loss: 1.8766, train acc: 0.2577 | validation loss: 1.9035, validation acc: 0.2506
[    162.35s] Epoch 22/50 | train loss: 1.8638, train acc: 0.2600 | validation loss: 1.9875, validation acc: 0.2352
[    169.64s] Epoch 23/50 | train loss: 1.8557, train acc: 0.2633 | validation loss: 4.5669, validation acc: 0.1824
[    176.93s] Epoch 24/50 | train loss: 1.8461, train acc: 0.2631 | validation loss: 2.0284, validation acc: 0.2603
[    184.21s] Epoch 25/50 | train loss: 1.8384, train acc: 0.2698 | validation loss: 2.2025, validation acc: 0.2141
[    191.51s] Epoch 26/50 | train loss: 1.8338, train acc: 0.2677 | validation loss: 1.8135, validation acc: 0.2579
[    198.78s] Epoch 27/50 | train loss: 1.8126, train acc: 0.2766 | validation loss: 1.8269, validation acc: 0.2750
[    206.06s] Epoch 28/50 | train loss: 1.8036, train acc: 0.2761 | validation loss: 1.9832, validation acc: 0.2189
[    213.37s] Epoch 29/50 | train loss: 1.7810, train acc: 0.2841 | validation loss: 1.9967, validation acc: 0.2426
[    220.64s] Epoch 30/50 | train loss: 1.7744, train acc: 0.2875 | validation loss: 2.2431, validation acc: 0.2422
[    227.91s] Epoch 31/50 | train loss: 1.7653, train acc: 0.2907 | validation loss: 2.2469, validation acc: 0.2100
[    235.20s] Epoch 32/50 | train loss: 1.7423, train acc: 0.3009 | validation loss: 2.5800, validation acc: 0.2289
[    242.48s] Epoch 33/50 | train loss: 1.7340, train acc: 0.3015 | validation loss: 2.1218, validation acc: 0.2306
[    249.76s] Epoch 34/50 | train loss: 1.7110, train acc: 0.3145 | validation loss: 2.0862, validation acc: 0.2400
[    257.04s] Epoch 35/50 | train loss: 1.6949, train acc: 0.3221 | validation loss: 2.1217, validation acc: 0.2378
[    264.30s] Epoch 36/50 | train loss: 1.6752, train acc: 0.3262 | validation loss: 1.7549, validation acc: 0.3138
[    271.59s] Epoch 37/50 | train loss: 1.6461, train acc: 0.3406 | validation loss: 2.0689, validation acc: 0.2292
[    278.86s] Epoch 38/50 | train loss: 1.6131, train acc: 0.3609 | validation loss: 1.7508, validation acc: 0.3181
[    286.15s] Epoch 39/50 | train loss: 1.5792, train acc: 0.3859 | validation loss: 2.2461, validation acc: 0.2782
[    293.43s] Epoch 40/50 | train loss: 1.5333, train acc: 0.4194 | validation loss: 1.5903, validation acc: 0.4002
[    300.71s] Epoch 41/50 | train loss: 1.4797, train acc: 0.4484 | validation loss: 1.6076, validation acc: 0.3856
[    308.00s] Epoch 42/50 | train loss: 1.4321, train acc: 0.4769 | validation loss: 1.4799, validation acc: 0.4861
[    315.28s] Epoch 43/50 | train loss: 1.3858, train acc: 0.5075 | validation loss: 1.9488, validation acc: 0.3579
[    322.57s] Epoch 44/50 | train loss: 1.3287, train acc: 0.5374 | validation loss: 1.8246, validation acc: 0.4324
[    329.84s] Epoch 45/50 | train loss: 1.2730, train acc: 0.5631 | validation loss: 1.2601, validation acc: 0.5670
[    337.12s] Epoch 46/50 | train loss: 1.2157, train acc: 0.5887 | validation loss: 1.2165, validation acc: 0.5888
[    344.39s] Epoch 47/50 | train loss: 1.1583, train acc: 0.6118 | validation loss: 1.3571, validation acc: 0.5563
[    351.67s] Epoch 48/50 | train loss: 1.0974, train acc: 0.6349 | validation loss: 1.1252, validation acc: 0.6421
[    358.95s] Epoch 49/50 | train loss: 1.0499, train acc: 0.6538 | validation loss: 1.0481, validation acc: 0.6550
[    366.21s] Epoch 50/50 | train loss: 1.0117, train acc: 0.6647 | validation loss: 1.0271, validation acc: 0.6686
