[      0.00s] Arguments: epochs=50, batch_size=1024, learning_rate=0.05
[      0.06s] Using device: cuda
[      8.89s] Epoch 01/50 | train loss: 1.9067, train acc: 0.3112 | validation loss: 1.7864, validation acc: 0.3708
[     15.83s] Epoch 02/50 | train loss: 1.4448, train acc: 0.4683 | validation loss: 1.3606, validation acc: 0.5041
[     22.77s] Epoch 03/50 | train loss: 1.2257, train acc: 0.5564 | validation loss: 1.2892, validation acc: 0.5444
[     29.72s] Epoch 04/50 | train loss: 1.0636, train acc: 0.6194 | validation loss: 1.1270, validation acc: 0.6160
[     36.68s] Epoch 05/50 | train loss: 0.9070, train acc: 0.6775 | validation loss: 1.0694, validation acc: 0.6322
[     43.63s] Epoch 06/50 | train loss: 0.7671, train acc: 0.7307 | validation loss: 0.8369, validation acc: 0.7126
[     50.57s] Epoch 07/50 | train loss: 0.6699, train acc: 0.7653 | validation loss: 0.7514, validation acc: 0.7512
[     57.52s] Epoch 08/50 | train loss: 0.5979, train acc: 0.7902 | validation loss: 0.9161, validation acc: 0.7046
[     64.48s] Epoch 09/50 | train loss: 0.5372, train acc: 0.8135 | validation loss: 0.6641, validation acc: 0.7751
[     71.43s] Epoch 10/50 | train loss: 0.4849, train acc: 0.8319 | validation loss: 0.7062, validation acc: 0.7729
[     78.38s] Epoch 11/50 | train loss: 0.4536, train acc: 0.8417 | validation loss: 0.5995, validation acc: 0.8010
[     85.34s] Epoch 12/50 | train loss: 0.4132, train acc: 0.8558 | validation loss: 0.6301, validation acc: 0.8003
[     92.29s] Epoch 13/50 | train loss: 0.3784, train acc: 0.8671 | validation loss: 0.6485, validation acc: 0.7912
[     99.24s] Epoch 14/50 | train loss: 0.3488, train acc: 0.8771 | validation loss: 0.5852, validation acc: 0.8111
[    106.21s] Epoch 15/50 | train loss: 0.3313, train acc: 0.8837 | validation loss: 0.5263, validation acc: 0.8324
[    113.17s] Epoch 16/50 | train loss: 0.3058, train acc: 0.8939 | validation loss: 0.6246, validation acc: 0.8141
[    120.12s] Epoch 17/50 | train loss: 0.2882, train acc: 0.8995 | validation loss: 0.4559, validation acc: 0.8516
[    127.08s] Epoch 18/50 | train loss: 0.2493, train acc: 0.9132 | validation loss: 0.6025, validation acc: 0.8162
[    134.03s] Epoch 19/50 | train loss: 0.2431, train acc: 0.9147 | validation loss: 0.5306, validation acc: 0.8339
[    140.99s] Epoch 20/50 | train loss: 0.2281, train acc: 0.9200 | validation loss: 0.7668, validation acc: 0.7953
[    147.94s] Epoch 21/50 | train loss: 0.2087, train acc: 0.9258 | validation loss: 0.4946, validation acc: 0.8499
[    154.90s] Epoch 22/50 | train loss: 0.1913, train acc: 0.9330 | validation loss: 0.4376, validation acc: 0.8712
[    161.85s] Epoch 23/50 | train loss: 0.1712, train acc: 0.9404 | validation loss: 0.5252, validation acc: 0.8483
[    168.80s] Epoch 24/50 | train loss: 0.1629, train acc: 0.9429 | validation loss: 0.4599, validation acc: 0.8697
[    175.75s] Epoch 25/50 | train loss: 0.1485, train acc: 0.9477 | validation loss: 0.4506, validation acc: 0.8648
[    182.69s] Epoch 26/50 | train loss: 0.1358, train acc: 0.9527 | validation loss: 0.4366, validation acc: 0.8729
[    189.64s] Epoch 27/50 | train loss: 0.1228, train acc: 0.9578 | validation loss: 0.4233, validation acc: 0.8778
[    196.59s] Epoch 28/50 | train loss: 0.1084, train acc: 0.9620 | validation loss: 0.4175, validation acc: 0.8844
[    203.54s] Epoch 29/50 | train loss: 0.0984, train acc: 0.9660 | validation loss: 0.6202, validation acc: 0.8468
[    210.50s] Epoch 30/50 | train loss: 0.0854, train acc: 0.9714 | validation loss: 0.4410, validation acc: 0.8814
[    217.46s] Epoch 31/50 | train loss: 0.0742, train acc: 0.9750 | validation loss: 0.4171, validation acc: 0.8861
[    224.42s] Epoch 32/50 | train loss: 0.0675, train acc: 0.9777 | validation loss: 0.4582, validation acc: 0.8814
[    231.37s] Epoch 33/50 | train loss: 0.0617, train acc: 0.9796 | validation loss: 0.4453, validation acc: 0.8864
[    238.33s] Epoch 34/50 | train loss: 0.0495, train acc: 0.9852 | validation loss: 0.3895, validation acc: 0.8984
[    245.28s] Epoch 35/50 | train loss: 0.0419, train acc: 0.9875 | validation loss: 0.3883, validation acc: 0.9053
[    252.24s] Epoch 36/50 | train loss: 0.0378, train acc: 0.9886 | validation loss: 0.4306, validation acc: 0.8922
[    259.21s] Epoch 37/50 | train loss: 0.0327, train acc: 0.9906 | validation loss: 0.3819, validation acc: 0.9052
[    266.17s] Epoch 38/50 | train loss: 0.0285, train acc: 0.9925 | validation loss: 0.3731, validation acc: 0.9061
[    273.13s] Epoch 39/50 | train loss: 0.0248, train acc: 0.9934 | validation loss: 0.3906, validation acc: 0.9024
[    280.09s] Epoch 40/50 | train loss: 0.0234, train acc: 0.9938 | validation loss: 0.3821, validation acc: 0.9072
[    287.06s] Epoch 41/50 | train loss: 0.0206, train acc: 0.9950 | validation loss: 0.3867, validation acc: 0.9026
[    294.02s] Epoch 42/50 | train loss: 0.0192, train acc: 0.9952 | validation loss: 0.3849, validation acc: 0.9060
[    300.99s] Epoch 43/50 | train loss: 0.0170, train acc: 0.9964 | validation loss: 0.3835, validation acc: 0.9069
[    307.95s] Epoch 44/50 | train loss: 0.0164, train acc: 0.9964 | validation loss: 0.3762, validation acc: 0.9076
[    314.91s] Epoch 45/50 | train loss: 0.0150, train acc: 0.9973 | validation loss: 0.3720, validation acc: 0.9093
[    321.87s] Epoch 46/50 | train loss: 0.0149, train acc: 0.9971 | validation loss: 0.3747, validation acc: 0.9097
[    328.84s] Epoch 47/50 | train loss: 0.0142, train acc: 0.9971 | validation loss: 0.3736, validation acc: 0.9094
[    335.81s] Epoch 48/50 | train loss: 0.0142, train acc: 0.9973 | validation loss: 0.3738, validation acc: 0.9082
[    342.79s] Epoch 49/50 | train loss: 0.0140, train acc: 0.9971 | validation loss: 0.3744, validation acc: 0.9088
[    349.77s] Epoch 50/50 | train loss: 0.0135, train acc: 0.9978 | validation loss: 0.3735, validation acc: 0.9090
