[      0.00s] Arguments: epochs=50, batch_size=128, learning_rate=0.1
[      0.05s] Using device: cuda
[      8.41s] Epoch 01/50 | train loss: 1.9566, train acc: 0.2835 | validation loss: 1.6769, validation acc: 0.3856
[     14.89s] Epoch 02/50 | train loss: 1.5372, train acc: 0.4310 | validation loss: 1.4534, validation acc: 0.4612
[     21.37s] Epoch 03/50 | train loss: 1.3293, train acc: 0.5180 | validation loss: 1.2697, validation acc: 0.5450
[     27.85s] Epoch 04/50 | train loss: 1.1383, train acc: 0.5943 | validation loss: 1.1439, validation acc: 0.5942
[     34.32s] Epoch 05/50 | train loss: 1.0030, train acc: 0.6449 | validation loss: 1.0229, validation acc: 0.6460
[     40.81s] Epoch 06/50 | train loss: 0.8906, train acc: 0.6855 | validation loss: 0.9372, validation acc: 0.6714
[     47.29s] Epoch 07/50 | train loss: 0.7786, train acc: 0.7272 | validation loss: 0.7991, validation acc: 0.7309
[     53.77s] Epoch 08/50 | train loss: 0.6911, train acc: 0.7600 | validation loss: 0.8362, validation acc: 0.7226
[     60.26s] Epoch 09/50 | train loss: 0.6325, train acc: 0.7828 | validation loss: 0.6743, validation acc: 0.7693
[     66.75s] Epoch 10/50 | train loss: 0.5757, train acc: 0.8009 | validation loss: 0.6221, validation acc: 0.7820
[     73.23s] Epoch 11/50 | train loss: 0.5367, train acc: 0.8137 | validation loss: 0.7146, validation acc: 0.7698
[     79.71s] Epoch 12/50 | train loss: 0.5034, train acc: 0.8289 | validation loss: 0.5391, validation acc: 0.8127
[     86.19s] Epoch 13/50 | train loss: 0.4816, train acc: 0.8342 | validation loss: 0.6532, validation acc: 0.7876
[     92.66s] Epoch 14/50 | train loss: 0.4585, train acc: 0.8433 | validation loss: 0.5688, validation acc: 0.8111
[     99.15s] Epoch 15/50 | train loss: 0.4332, train acc: 0.8508 | validation loss: 0.4750, validation acc: 0.8451
[    105.63s] Epoch 16/50 | train loss: 0.4183, train acc: 0.8564 | validation loss: 0.8650, validation acc: 0.7451
[    112.10s] Epoch 17/50 | train loss: 0.4010, train acc: 0.8629 | validation loss: 0.4968, validation acc: 0.8322
[    118.59s] Epoch 18/50 | train loss: 0.3859, train acc: 0.8680 | validation loss: 0.4910, validation acc: 0.8396
[    125.07s] Epoch 19/50 | train loss: 0.3720, train acc: 0.8730 | validation loss: 0.4676, validation acc: 0.8410
[    131.55s] Epoch 20/50 | train loss: 0.3537, train acc: 0.8783 | validation loss: 0.4461, validation acc: 0.8526
[    138.04s] Epoch 21/50 | train loss: 0.3397, train acc: 0.8836 | validation loss: 0.4914, validation acc: 0.8382
[    144.51s] Epoch 22/50 | train loss: 0.3231, train acc: 0.8894 | validation loss: 0.4362, validation acc: 0.8607
[    151.00s] Epoch 23/50 | train loss: 0.3161, train acc: 0.8914 | validation loss: 0.4199, validation acc: 0.8601
[    157.49s] Epoch 24/50 | train loss: 0.3008, train acc: 0.8970 | validation loss: 0.4221, validation acc: 0.8609
[    163.97s] Epoch 25/50 | train loss: 0.2836, train acc: 0.9009 | validation loss: 0.4029, validation acc: 0.8733
[    170.46s] Epoch 26/50 | train loss: 0.2686, train acc: 0.9075 | validation loss: 0.4422, validation acc: 0.8580
[    176.94s] Epoch 27/50 | train loss: 0.2565, train acc: 0.9116 | validation loss: 0.3866, validation acc: 0.8712
[    183.43s] Epoch 28/50 | train loss: 0.2430, train acc: 0.9167 | validation loss: 0.3801, validation acc: 0.8784
[    189.93s] Epoch 29/50 | train loss: 0.2277, train acc: 0.9217 | validation loss: 0.3198, validation acc: 0.8934
[    196.41s] Epoch 30/50 | train loss: 0.2093, train acc: 0.9264 | validation loss: 0.3813, validation acc: 0.8763
[    202.89s] Epoch 31/50 | train loss: 0.1983, train acc: 0.9309 | validation loss: 0.3196, validation acc: 0.8943
[    209.37s] Epoch 32/50 | train loss: 0.1758, train acc: 0.9398 | validation loss: 0.3736, validation acc: 0.8850
[    215.86s] Epoch 33/50 | train loss: 0.1664, train acc: 0.9439 | validation loss: 0.3303, validation acc: 0.8940
[    222.35s] Epoch 34/50 | train loss: 0.1490, train acc: 0.9487 | validation loss: 0.2921, validation acc: 0.9080
[    228.85s] Epoch 35/50 | train loss: 0.1258, train acc: 0.9563 | validation loss: 0.2985, validation acc: 0.9024
[    235.33s] Epoch 36/50 | train loss: 0.1155, train acc: 0.9600 | validation loss: 0.3227, validation acc: 0.9028
[    241.82s] Epoch 37/50 | train loss: 0.1001, train acc: 0.9657 | validation loss: 0.2991, validation acc: 0.9094
[    248.31s] Epoch 38/50 | train loss: 0.0830, train acc: 0.9720 | validation loss: 0.3096, validation acc: 0.9102
[    254.79s] Epoch 39/50 | train loss: 0.0659, train acc: 0.9785 | validation loss: 0.2612, validation acc: 0.9228
[    261.27s] Epoch 40/50 | train loss: 0.0498, train acc: 0.9834 | validation loss: 0.2790, validation acc: 0.9200
[    267.75s] Epoch 41/50 | train loss: 0.0414, train acc: 0.9870 | validation loss: 0.2499, validation acc: 0.9276
[    274.24s] Epoch 42/50 | train loss: 0.0311, train acc: 0.9905 | validation loss: 0.2386, validation acc: 0.9321
[    280.73s] Epoch 43/50 | train loss: 0.0243, train acc: 0.9930 | validation loss: 0.2354, validation acc: 0.9332
[    287.20s] Epoch 44/50 | train loss: 0.0183, train acc: 0.9950 | validation loss: 0.2370, validation acc: 0.9338
[    293.70s] Epoch 45/50 | train loss: 0.0140, train acc: 0.9965 | validation loss: 0.2276, validation acc: 0.9380
[    300.18s] Epoch 46/50 | train loss: 0.0114, train acc: 0.9976 | validation loss: 0.2276, validation acc: 0.9381
[    306.65s] Epoch 47/50 | train loss: 0.0104, train acc: 0.9977 | validation loss: 0.2231, validation acc: 0.9397
[    313.13s] Epoch 48/50 | train loss: 0.0089, train acc: 0.9984 | validation loss: 0.2229, validation acc: 0.9393
[    319.61s] Epoch 49/50 | train loss: 0.0090, train acc: 0.9981 | validation loss: 0.2238, validation acc: 0.9386
[    326.10s] Epoch 50/50 | train loss: 0.0087, train acc: 0.9983 | validation loss: 0.2236, validation acc: 0.9386
