[      0.00s] Arguments: epochs=50, batch_size=128, learning_rate=0.005
[      0.05s] Using device: cuda
[      8.48s] Epoch 01/50 | train loss: 1.5124, train acc: 0.4436 | validation loss: 1.4201, validation acc: 0.5130
[     15.00s] Epoch 02/50 | train loss: 1.0729, train acc: 0.6185 | validation loss: 1.0956, validation acc: 0.6213
[     21.51s] Epoch 03/50 | train loss: 0.8516, train acc: 0.6999 | validation loss: 0.7857, validation acc: 0.7194
[     28.02s] Epoch 04/50 | train loss: 0.7096, train acc: 0.7519 | validation loss: 0.7871, validation acc: 0.7359
[     34.54s] Epoch 05/50 | train loss: 0.6165, train acc: 0.7849 | validation loss: 0.7442, validation acc: 0.7514
[     41.06s] Epoch 06/50 | train loss: 0.5520, train acc: 0.8079 | validation loss: 0.6188, validation acc: 0.7911
[     47.58s] Epoch 07/50 | train loss: 0.4962, train acc: 0.8288 | validation loss: 0.5590, validation acc: 0.8090
[     54.12s] Epoch 08/50 | train loss: 0.4502, train acc: 0.8433 | validation loss: 0.5305, validation acc: 0.8216
[     60.61s] Epoch 09/50 | train loss: 0.4149, train acc: 0.8555 | validation loss: 0.4900, validation acc: 0.8369
[     67.13s] Epoch 10/50 | train loss: 0.3791, train acc: 0.8683 | validation loss: 0.5383, validation acc: 0.8279
[     73.64s] Epoch 11/50 | train loss: 0.3555, train acc: 0.8758 | validation loss: 0.4761, validation acc: 0.8422
[     80.15s] Epoch 12/50 | train loss: 0.3265, train acc: 0.8859 | validation loss: 0.5174, validation acc: 0.8297
[     86.65s] Epoch 13/50 | train loss: 0.3083, train acc: 0.8921 | validation loss: 0.4892, validation acc: 0.8412
[     93.17s] Epoch 14/50 | train loss: 0.2867, train acc: 0.8994 | validation loss: 0.4425, validation acc: 0.8577
[     99.67s] Epoch 15/50 | train loss: 0.2646, train acc: 0.9085 | validation loss: 0.4904, validation acc: 0.8500
[    106.15s] Epoch 16/50 | train loss: 0.2478, train acc: 0.9129 | validation loss: 0.4363, validation acc: 0.8643
[    112.66s] Epoch 17/50 | train loss: 0.2302, train acc: 0.9197 | validation loss: 0.4092, validation acc: 0.8713
[    119.19s] Epoch 18/50 | train loss: 0.2117, train acc: 0.9257 | validation loss: 0.4251, validation acc: 0.8694
[    125.71s] Epoch 19/50 | train loss: 0.1982, train acc: 0.9296 | validation loss: 0.3957, validation acc: 0.8806
[    132.21s] Epoch 20/50 | train loss: 0.1841, train acc: 0.9356 | validation loss: 0.4004, validation acc: 0.8813
[    138.71s] Epoch 21/50 | train loss: 0.1678, train acc: 0.9419 | validation loss: 0.4329, validation acc: 0.8733
[    145.23s] Epoch 22/50 | train loss: 0.1547, train acc: 0.9457 | validation loss: 0.3932, validation acc: 0.8880
[    151.76s] Epoch 23/50 | train loss: 0.1411, train acc: 0.9502 | validation loss: 0.3774, validation acc: 0.8887
[    158.32s] Epoch 24/50 | train loss: 0.1289, train acc: 0.9543 | validation loss: 0.4153, validation acc: 0.8788
[    164.96s] Epoch 25/50 | train loss: 0.1207, train acc: 0.9568 | validation loss: 0.4007, validation acc: 0.8869
[    171.45s] Epoch 26/50 | train loss: 0.1041, train acc: 0.9640 | validation loss: 0.3941, validation acc: 0.8921
[    177.95s] Epoch 27/50 | train loss: 0.0972, train acc: 0.9669 | validation loss: 0.3785, validation acc: 0.8940
[    184.45s] Epoch 28/50 | train loss: 0.0872, train acc: 0.9693 | validation loss: 0.3979, validation acc: 0.8906
[    190.98s] Epoch 29/50 | train loss: 0.0769, train acc: 0.9736 | validation loss: 0.3625, validation acc: 0.9016
[    197.52s] Epoch 30/50 | train loss: 0.0682, train acc: 0.9760 | validation loss: 0.3575, validation acc: 0.9023
[    204.05s] Epoch 31/50 | train loss: 0.0587, train acc: 0.9811 | validation loss: 0.3561, validation acc: 0.9028
[    210.56s] Epoch 32/50 | train loss: 0.0519, train acc: 0.9830 | validation loss: 0.3553, validation acc: 0.9032
[    217.09s] Epoch 33/50 | train loss: 0.0479, train acc: 0.9848 | validation loss: 0.3719, validation acc: 0.9039
[    223.64s] Epoch 34/50 | train loss: 0.0391, train acc: 0.9884 | validation loss: 0.3567, validation acc: 0.9098
[    230.27s] Epoch 35/50 | train loss: 0.0368, train acc: 0.9886 | validation loss: 0.3594, validation acc: 0.9074
[    236.76s] Epoch 36/50 | train loss: 0.0310, train acc: 0.9911 | validation loss: 0.3629, validation acc: 0.9071
[    243.24s] Epoch 37/50 | train loss: 0.0271, train acc: 0.9925 | validation loss: 0.3438, validation acc: 0.9114
[    249.74s] Epoch 38/50 | train loss: 0.0248, train acc: 0.9932 | validation loss: 0.3514, validation acc: 0.9107
[    256.21s] Epoch 39/50 | train loss: 0.0223, train acc: 0.9941 | validation loss: 0.3537, validation acc: 0.9102
[    262.69s] Epoch 40/50 | train loss: 0.0209, train acc: 0.9942 | validation loss: 0.3501, validation acc: 0.9107
[    269.17s] Epoch 41/50 | train loss: 0.0183, train acc: 0.9954 | validation loss: 0.3509, validation acc: 0.9112
[    275.66s] Epoch 42/50 | train loss: 0.0178, train acc: 0.9956 | validation loss: 0.3501, validation acc: 0.9104
[    282.14s] Epoch 43/50 | train loss: 0.0159, train acc: 0.9965 | validation loss: 0.3493, validation acc: 0.9114
[    288.63s] Epoch 44/50 | train loss: 0.0156, train acc: 0.9966 | validation loss: 0.3491, validation acc: 0.9116
[    295.18s] Epoch 45/50 | train loss: 0.0144, train acc: 0.9972 | validation loss: 0.3480, validation acc: 0.9128
[    301.72s] Epoch 46/50 | train loss: 0.0149, train acc: 0.9968 | validation loss: 0.3476, validation acc: 0.9132
[    308.22s] Epoch 47/50 | train loss: 0.0137, train acc: 0.9975 | validation loss: 0.3464, validation acc: 0.9134
[    314.70s] Epoch 48/50 | train loss: 0.0141, train acc: 0.9975 | validation loss: 0.3463, validation acc: 0.9137
[    321.20s] Epoch 49/50 | train loss: 0.0131, train acc: 0.9974 | validation loss: 0.3460, validation acc: 0.9131
[    327.71s] Epoch 50/50 | train loss: 0.0131, train acc: 0.9975 | validation loss: 0.3462, validation acc: 0.9144
