[      0.00s] Arguments: epochs=50, batch_size=1024, learning_rate=0.1
[      0.05s] Using device: cuda
[      8.89s] Epoch 01/50 | train loss: 2.7882, train acc: 0.1536 | validation loss: 2.7145, validation acc: 0.2390
[     15.85s] Epoch 02/50 | train loss: 1.8495, train acc: 0.2944 | validation loss: 1.7837, validation acc: 0.3329
[     22.82s] Epoch 03/50 | train loss: 1.6528, train acc: 0.3761 | validation loss: 1.6226, validation acc: 0.4034
[     29.78s] Epoch 04/50 | train loss: 1.5328, train acc: 0.4313 | validation loss: 1.4613, validation acc: 0.4632
[     36.75s] Epoch 05/50 | train loss: 1.4125, train acc: 0.4814 | validation loss: 1.3964, validation acc: 0.4818
[     43.71s] Epoch 06/50 | train loss: 1.2959, train acc: 0.5290 | validation loss: 1.2620, validation acc: 0.5453
[     50.67s] Epoch 07/50 | train loss: 1.1689, train acc: 0.5793 | validation loss: 1.3117, validation acc: 0.5323
[     57.63s] Epoch 08/50 | train loss: 1.0784, train acc: 0.6144 | validation loss: 1.0726, validation acc: 0.6148
[     64.60s] Epoch 09/50 | train loss: 1.0006, train acc: 0.6443 | validation loss: 0.9836, validation acc: 0.6503
[     71.56s] Epoch 10/50 | train loss: 0.9190, train acc: 0.6751 | validation loss: 0.9858, validation acc: 0.6511
[     78.53s] Epoch 11/50 | train loss: 0.8607, train acc: 0.6949 | validation loss: 1.0388, validation acc: 0.6501
[     85.50s] Epoch 12/50 | train loss: 0.8011, train acc: 0.7176 | validation loss: 0.8742, validation acc: 0.6946
[     92.48s] Epoch 13/50 | train loss: 0.7402, train acc: 0.7370 | validation loss: 0.7738, validation acc: 0.7296
[     99.45s] Epoch 14/50 | train loss: 0.6904, train acc: 0.7551 | validation loss: 0.8209, validation acc: 0.7103
[    106.42s] Epoch 15/50 | train loss: 0.6541, train acc: 0.7707 | validation loss: 0.7623, validation acc: 0.7362
[    113.40s] Epoch 16/50 | train loss: 0.6086, train acc: 0.7868 | validation loss: 0.7417, validation acc: 0.7498
[    120.37s] Epoch 17/50 | train loss: 0.5612, train acc: 0.8042 | validation loss: 0.7088, validation acc: 0.7547
[    127.34s] Epoch 18/50 | train loss: 0.5291, train acc: 0.8144 | validation loss: 0.6154, validation acc: 0.7909
[    134.31s] Epoch 19/50 | train loss: 0.4995, train acc: 0.8257 | validation loss: 0.6263, validation acc: 0.7822
[    141.28s] Epoch 20/50 | train loss: 0.4651, train acc: 0.8357 | validation loss: 0.6799, validation acc: 0.7727
[    148.25s] Epoch 21/50 | train loss: 0.4404, train acc: 0.8462 | validation loss: 0.5997, validation acc: 0.7980
[    155.22s] Epoch 22/50 | train loss: 0.4049, train acc: 0.8583 | validation loss: 0.5965, validation acc: 0.7983
[    162.18s] Epoch 23/50 | train loss: 0.3840, train acc: 0.8655 | validation loss: 0.5473, validation acc: 0.8161
[    169.16s] Epoch 24/50 | train loss: 0.3648, train acc: 0.8723 | validation loss: 0.5806, validation acc: 0.8076
[    176.12s] Epoch 25/50 | train loss: 0.3382, train acc: 0.8820 | validation loss: 0.5064, validation acc: 0.8298
[    183.09s] Epoch 26/50 | train loss: 0.3233, train acc: 0.8856 | validation loss: 0.5126, validation acc: 0.8350
[    190.05s] Epoch 27/50 | train loss: 0.3021, train acc: 0.8946 | validation loss: 0.5955, validation acc: 0.8154
[    197.01s] Epoch 28/50 | train loss: 0.2847, train acc: 0.8999 | validation loss: 0.4831, validation acc: 0.8411
[    203.98s] Epoch 29/50 | train loss: 0.2656, train acc: 0.9080 | validation loss: 0.5128, validation acc: 0.8372
[    210.95s] Epoch 30/50 | train loss: 0.2433, train acc: 0.9153 | validation loss: 0.5203, validation acc: 0.8381
[    217.91s] Epoch 31/50 | train loss: 0.2223, train acc: 0.9211 | validation loss: 0.4823, validation acc: 0.8482
[    224.87s] Epoch 32/50 | train loss: 0.2051, train acc: 0.9277 | validation loss: 0.4916, validation acc: 0.8497
[    231.83s] Epoch 33/50 | train loss: 0.1903, train acc: 0.9336 | validation loss: 0.4404, validation acc: 0.8608
[    238.80s] Epoch 34/50 | train loss: 0.1720, train acc: 0.9394 | validation loss: 0.4200, validation acc: 0.8678
[    245.77s] Epoch 35/50 | train loss: 0.1533, train acc: 0.9464 | validation loss: 0.4643, validation acc: 0.8613
[    252.74s] Epoch 36/50 | train loss: 0.1416, train acc: 0.9511 | validation loss: 0.4378, validation acc: 0.8678
[    259.71s] Epoch 37/50 | train loss: 0.1299, train acc: 0.9549 | validation loss: 0.4609, validation acc: 0.8669
[    266.68s] Epoch 38/50 | train loss: 0.1156, train acc: 0.9616 | validation loss: 0.4561, validation acc: 0.8689
[    273.64s] Epoch 39/50 | train loss: 0.1002, train acc: 0.9675 | validation loss: 0.4118, validation acc: 0.8784
[    280.61s] Epoch 40/50 | train loss: 0.0916, train acc: 0.9702 | validation loss: 0.4226, validation acc: 0.8796
[    287.58s] Epoch 41/50 | train loss: 0.0797, train acc: 0.9749 | validation loss: 0.4120, validation acc: 0.8794
[    294.54s] Epoch 42/50 | train loss: 0.0703, train acc: 0.9786 | validation loss: 0.4012, validation acc: 0.8832
[    301.51s] Epoch 43/50 | train loss: 0.0661, train acc: 0.9808 | validation loss: 0.4059, validation acc: 0.8871
[    308.47s] Epoch 44/50 | train loss: 0.0599, train acc: 0.9827 | validation loss: 0.4019, validation acc: 0.8870
[    315.45s] Epoch 45/50 | train loss: 0.0549, train acc: 0.9850 | validation loss: 0.3950, validation acc: 0.8877
[    322.41s] Epoch 46/50 | train loss: 0.0513, train acc: 0.9862 | validation loss: 0.4004, validation acc: 0.8873
[    329.38s] Epoch 47/50 | train loss: 0.0487, train acc: 0.9872 | validation loss: 0.3950, validation acc: 0.8863
[    336.36s] Epoch 48/50 | train loss: 0.0468, train acc: 0.9877 | validation loss: 0.3954, validation acc: 0.8878
[    343.32s] Epoch 49/50 | train loss: 0.0480, train acc: 0.9872 | validation loss: 0.3942, validation acc: 0.8880
[    350.29s] Epoch 50/50 | train loss: 0.0463, train acc: 0.9879 | validation loss: 0.3939, validation acc: 0.8884
