[      0.00s] Arguments: epochs=50, batch_size=512, learning_rate=0.001
[      0.05s] Using device: cuda
[      8.86s] Epoch 01/50 | train loss: 1.9534, train acc: 0.2813 | validation loss: 1.7141, validation acc: 0.3586
[     15.74s] Epoch 02/50 | train loss: 1.5944, train acc: 0.4100 | validation loss: 1.5341, validation acc: 0.4256
[     22.64s] Epoch 03/50 | train loss: 1.4591, train acc: 0.4640 | validation loss: 1.4310, validation acc: 0.4709
[     29.53s] Epoch 04/50 | train loss: 1.3506, train acc: 0.5084 | validation loss: 1.3312, validation acc: 0.5159
[     36.44s] Epoch 05/50 | train loss: 1.2571, train acc: 0.5467 | validation loss: 1.2590, validation acc: 0.5516
[     43.37s] Epoch 06/50 | train loss: 1.1767, train acc: 0.5779 | validation loss: 1.1747, validation acc: 0.5783
[     50.28s] Epoch 07/50 | train loss: 1.1149, train acc: 0.6009 | validation loss: 1.1576, validation acc: 0.5907
[     57.19s] Epoch 08/50 | train loss: 1.0559, train acc: 0.6211 | validation loss: 1.0944, validation acc: 0.6191
[     64.11s] Epoch 09/50 | train loss: 1.0016, train acc: 0.6449 | validation loss: 1.0274, validation acc: 0.6304
[     71.02s] Epoch 10/50 | train loss: 0.9557, train acc: 0.6596 | validation loss: 0.9865, validation acc: 0.6509
[     77.93s] Epoch 11/50 | train loss: 0.9137, train acc: 0.6760 | validation loss: 0.9603, validation acc: 0.6624
[     84.82s] Epoch 12/50 | train loss: 0.8892, train acc: 0.6844 | validation loss: 0.9301, validation acc: 0.6737
[     91.71s] Epoch 13/50 | train loss: 0.8445, train acc: 0.7007 | validation loss: 1.0365, validation acc: 0.6468
[     98.59s] Epoch 14/50 | train loss: 0.8224, train acc: 0.7093 | validation loss: 0.8895, validation acc: 0.6929
[    105.54s] Epoch 15/50 | train loss: 0.7931, train acc: 0.7205 | validation loss: 0.8648, validation acc: 0.6951
[    112.51s] Epoch 16/50 | train loss: 0.7622, train acc: 0.7303 | validation loss: 0.8309, validation acc: 0.7112
[    119.47s] Epoch 17/50 | train loss: 0.7364, train acc: 0.7405 | validation loss: 0.8174, validation acc: 0.7172
[    126.40s] Epoch 18/50 | train loss: 0.7154, train acc: 0.7484 | validation loss: 0.8244, validation acc: 0.7186
[    133.36s] Epoch 19/50 | train loss: 0.6977, train acc: 0.7534 | validation loss: 0.7596, validation acc: 0.7406
[    140.30s] Epoch 20/50 | train loss: 0.6697, train acc: 0.7653 | validation loss: 0.7514, validation acc: 0.7401
[    147.21s] Epoch 21/50 | train loss: 0.6559, train acc: 0.7710 | validation loss: 0.7564, validation acc: 0.7380
[    154.11s] Epoch 22/50 | train loss: 0.6350, train acc: 0.7760 | validation loss: 0.7521, validation acc: 0.7460
[    161.01s] Epoch 23/50 | train loss: 0.6203, train acc: 0.7813 | validation loss: 0.7303, validation acc: 0.7521
[    167.89s] Epoch 24/50 | train loss: 0.6087, train acc: 0.7844 | validation loss: 0.7428, validation acc: 0.7483
[    174.78s] Epoch 25/50 | train loss: 0.5935, train acc: 0.7937 | validation loss: 0.7032, validation acc: 0.7620
[    181.67s] Epoch 26/50 | train loss: 0.5788, train acc: 0.7968 | validation loss: 0.7094, validation acc: 0.7622
[    188.60s] Epoch 27/50 | train loss: 0.5650, train acc: 0.8021 | validation loss: 0.6862, validation acc: 0.7614
[    195.50s] Epoch 28/50 | train loss: 0.5538, train acc: 0.8082 | validation loss: 0.6853, validation acc: 0.7634
[    202.36s] Epoch 29/50 | train loss: 0.5438, train acc: 0.8106 | validation loss: 0.6574, validation acc: 0.7731
[    209.24s] Epoch 30/50 | train loss: 0.5310, train acc: 0.8143 | validation loss: 0.6632, validation acc: 0.7701
[    216.11s] Epoch 31/50 | train loss: 0.5238, train acc: 0.8176 | validation loss: 0.6430, validation acc: 0.7792
[    222.98s] Epoch 32/50 | train loss: 0.5158, train acc: 0.8199 | validation loss: 0.6477, validation acc: 0.7797
[    229.85s] Epoch 33/50 | train loss: 0.5048, train acc: 0.8258 | validation loss: 0.6476, validation acc: 0.7791
[    236.72s] Epoch 34/50 | train loss: 0.5001, train acc: 0.8249 | validation loss: 0.6359, validation acc: 0.7802
[    243.59s] Epoch 35/50 | train loss: 0.4919, train acc: 0.8272 | validation loss: 0.6414, validation acc: 0.7828
[    250.47s] Epoch 36/50 | train loss: 0.4873, train acc: 0.8304 | validation loss: 0.6312, validation acc: 0.7859
[    257.34s] Epoch 37/50 | train loss: 0.4793, train acc: 0.8328 | validation loss: 0.6309, validation acc: 0.7841
[    264.21s] Epoch 38/50 | train loss: 0.4732, train acc: 0.8362 | validation loss: 0.6257, validation acc: 0.7878
[    271.08s] Epoch 39/50 | train loss: 0.4664, train acc: 0.8385 | validation loss: 0.6172, validation acc: 0.7889
[    277.95s] Epoch 40/50 | train loss: 0.4626, train acc: 0.8378 | validation loss: 0.6176, validation acc: 0.7872
[    284.83s] Epoch 41/50 | train loss: 0.4603, train acc: 0.8395 | validation loss: 0.6182, validation acc: 0.7890
[    291.71s] Epoch 42/50 | train loss: 0.4552, train acc: 0.8435 | validation loss: 0.6119, validation acc: 0.7920
[    298.59s] Epoch 43/50 | train loss: 0.4575, train acc: 0.8410 | validation loss: 0.6103, validation acc: 0.7906
[    305.46s] Epoch 44/50 | train loss: 0.4505, train acc: 0.8438 | validation loss: 0.6051, validation acc: 0.7927
[    312.34s] Epoch 45/50 | train loss: 0.4544, train acc: 0.8417 | validation loss: 0.6058, validation acc: 0.7938
[    319.21s] Epoch 46/50 | train loss: 0.4506, train acc: 0.8438 | validation loss: 0.6043, validation acc: 0.7938
[    326.07s] Epoch 47/50 | train loss: 0.4485, train acc: 0.8457 | validation loss: 0.6026, validation acc: 0.7936
[    332.94s] Epoch 48/50 | train loss: 0.4463, train acc: 0.8453 | validation loss: 0.6026, validation acc: 0.7933
[    339.80s] Epoch 49/50 | train loss: 0.4455, train acc: 0.8451 | validation loss: 0.6030, validation acc: 0.7928
[    346.66s] Epoch 50/50 | train loss: 0.4456, train acc: 0.8461 | validation loss: 0.6028, validation acc: 0.7936
