[      0.00s] Arguments: epochs=50, batch_size=256, learning_rate=0.5
[      0.05s] Using device: cuda
[      8.51s] Epoch 01/50 | train loss: 2.9018, train acc: 0.1244 | validation loss: 2.1627, validation acc: 0.1486
[     15.10s] Epoch 02/50 | train loss: 1.9992, train acc: 0.2160 | validation loss: 1.9948, validation acc: 0.2628
[     21.67s] Epoch 03/50 | train loss: 1.7650, train acc: 0.3242 | validation loss: 1.6506, validation acc: 0.3813
[     28.26s] Epoch 04/50 | train loss: 1.5715, train acc: 0.4140 | validation loss: 1.5953, validation acc: 0.4267
[     34.85s] Epoch 05/50 | train loss: 1.3624, train acc: 0.5051 | validation loss: 1.6073, validation acc: 0.4522
[     41.44s] Epoch 06/50 | train loss: 1.1284, train acc: 0.5981 | validation loss: 1.5054, validation acc: 0.5302
[     48.01s] Epoch 07/50 | train loss: 0.9639, train acc: 0.6604 | validation loss: 1.5316, validation acc: 0.5236
[     54.60s] Epoch 08/50 | train loss: 0.8539, train acc: 0.7047 | validation loss: 1.0279, validation acc: 0.6593
[     61.18s] Epoch 09/50 | train loss: 0.7904, train acc: 0.7278 | validation loss: 1.2156, validation acc: 0.6147
[     67.78s] Epoch 10/50 | train loss: 0.7436, train acc: 0.7458 | validation loss: 1.2348, validation acc: 0.6101
[     74.36s] Epoch 11/50 | train loss: 0.7203, train acc: 0.7533 | validation loss: 1.0857, validation acc: 0.6407
[     80.96s] Epoch 12/50 | train loss: 0.6801, train acc: 0.7656 | validation loss: 1.0917, validation acc: 0.6440
[     87.54s] Epoch 13/50 | train loss: 0.6743, train acc: 0.7696 | validation loss: 1.0186, validation acc: 0.6860
[     94.13s] Epoch 14/50 | train loss: 0.6447, train acc: 0.7793 | validation loss: 0.9676, validation acc: 0.6810
[    100.72s] Epoch 15/50 | train loss: 0.6334, train acc: 0.7836 | validation loss: 0.8964, validation acc: 0.7061
[    107.31s] Epoch 16/50 | train loss: 0.6181, train acc: 0.7883 | validation loss: 1.5508, validation acc: 0.5707
[    113.89s] Epoch 17/50 | train loss: 0.5986, train acc: 0.7970 | validation loss: 0.7182, validation acc: 0.7631
[    120.48s] Epoch 18/50 | train loss: 0.5925, train acc: 0.7978 | validation loss: 0.9673, validation acc: 0.6862
[    127.06s] Epoch 19/50 | train loss: 0.5673, train acc: 0.8083 | validation loss: 0.9015, validation acc: 0.7136
[    133.64s] Epoch 20/50 | train loss: 0.5582, train acc: 0.8095 | validation loss: 0.8094, validation acc: 0.7394
[    140.22s] Epoch 21/50 | train loss: 0.5421, train acc: 0.8167 | validation loss: 1.0402, validation acc: 0.6657
[    146.81s] Epoch 22/50 | train loss: 0.5333, train acc: 0.8177 | validation loss: 1.0242, validation acc: 0.6742
[    153.40s] Epoch 23/50 | train loss: 0.5150, train acc: 0.8241 | validation loss: 0.6740, validation acc: 0.7754
[    159.98s] Epoch 24/50 | train loss: 0.4993, train acc: 0.8296 | validation loss: 0.6482, validation acc: 0.7806
[    166.59s] Epoch 25/50 | train loss: 0.4798, train acc: 0.8367 | validation loss: 0.6929, validation acc: 0.7677
[    173.18s] Epoch 26/50 | train loss: 0.4644, train acc: 0.8403 | validation loss: 1.1133, validation acc: 0.6770
[    179.76s] Epoch 27/50 | train loss: 0.4511, train acc: 0.8457 | validation loss: 0.6025, validation acc: 0.8031
[    186.34s] Epoch 28/50 | train loss: 0.4387, train acc: 0.8508 | validation loss: 0.6358, validation acc: 0.7944
[    192.93s] Epoch 29/50 | train loss: 0.4129, train acc: 0.8585 | validation loss: 0.6978, validation acc: 0.7734
[    199.50s] Epoch 30/50 | train loss: 0.3950, train acc: 0.8658 | validation loss: 0.6878, validation acc: 0.7728
[    206.10s] Epoch 31/50 | train loss: 0.3829, train acc: 0.8696 | validation loss: 0.6292, validation acc: 0.7883
[    212.68s] Epoch 32/50 | train loss: 0.3635, train acc: 0.8741 | validation loss: 0.6575, validation acc: 0.7883
[    219.27s] Epoch 33/50 | train loss: 0.3447, train acc: 0.8828 | validation loss: 0.6027, validation acc: 0.7996
[    225.85s] Epoch 34/50 | train loss: 0.3195, train acc: 0.8900 | validation loss: 0.5353, validation acc: 0.8218
[    232.44s] Epoch 35/50 | train loss: 0.3022, train acc: 0.8956 | validation loss: 0.5146, validation acc: 0.8296
[    239.04s] Epoch 36/50 | train loss: 0.2828, train acc: 0.9018 | validation loss: 0.5604, validation acc: 0.8241
[    245.63s] Epoch 37/50 | train loss: 0.2638, train acc: 0.9081 | validation loss: 0.4427, validation acc: 0.8530
[    252.20s] Epoch 38/50 | train loss: 0.2371, train acc: 0.9186 | validation loss: 0.4986, validation acc: 0.8494
[    258.79s] Epoch 39/50 | train loss: 0.2120, train acc: 0.9255 | validation loss: 0.3804, validation acc: 0.8786
[    265.36s] Epoch 40/50 | train loss: 0.1855, train acc: 0.9356 | validation loss: 0.4322, validation acc: 0.8670
[    271.95s] Epoch 41/50 | train loss: 0.1624, train acc: 0.9437 | validation loss: 0.3029, validation acc: 0.9028
[    278.53s] Epoch 42/50 | train loss: 0.1384, train acc: 0.9529 | validation loss: 0.2921, validation acc: 0.9073
[    285.12s] Epoch 43/50 | train loss: 0.1187, train acc: 0.9592 | validation loss: 0.2989, validation acc: 0.9064
[    291.70s] Epoch 44/50 | train loss: 0.0915, train acc: 0.9700 | validation loss: 0.2657, validation acc: 0.9170
[    298.30s] Epoch 45/50 | train loss: 0.0724, train acc: 0.9762 | validation loss: 0.2556, validation acc: 0.9221
[    304.88s] Epoch 46/50 | train loss: 0.0535, train acc: 0.9826 | validation loss: 0.2489, validation acc: 0.9254
[    311.46s] Epoch 47/50 | train loss: 0.0428, train acc: 0.9869 | validation loss: 0.2423, validation acc: 0.9294
[    318.04s] Epoch 48/50 | train loss: 0.0370, train acc: 0.9889 | validation loss: 0.2370, validation acc: 0.9282
[    324.63s] Epoch 49/50 | train loss: 0.0312, train acc: 0.9912 | validation loss: 0.2360, validation acc: 0.9300
[    331.21s] Epoch 50/50 | train loss: 0.0299, train acc: 0.9918 | validation loss: 0.2382, validation acc: 0.9311
