[      0.00s] Arguments: epochs=50, batch_size=64, learning_rate=0.05
[      0.06s] Using device: cuda
[      9.26s] Epoch 01/50 | train loss: 1.7449, train acc: 0.3538 | validation loss: 1.4926, validation acc: 0.4362
[     16.59s] Epoch 02/50 | train loss: 1.3298, train acc: 0.5160 | validation loss: 1.1157, validation acc: 0.6023
[     23.91s] Epoch 03/50 | train loss: 1.0398, train acc: 0.6306 | validation loss: 0.9449, validation acc: 0.6652
[     31.23s] Epoch 04/50 | train loss: 0.8357, train acc: 0.7069 | validation loss: 0.9400, validation acc: 0.6722
[     38.55s] Epoch 05/50 | train loss: 0.7054, train acc: 0.7573 | validation loss: 0.7664, validation acc: 0.7450
[     45.88s] Epoch 06/50 | train loss: 0.6216, train acc: 0.7854 | validation loss: 0.6529, validation acc: 0.7756
[     53.20s] Epoch 07/50 | train loss: 0.5723, train acc: 0.8029 | validation loss: 0.6401, validation acc: 0.7862
[     60.51s] Epoch 08/50 | train loss: 0.5294, train acc: 0.8180 | validation loss: 0.7065, validation acc: 0.7740
[     67.84s] Epoch 09/50 | train loss: 0.5047, train acc: 0.8273 | validation loss: 0.5909, validation acc: 0.8063
[     75.15s] Epoch 10/50 | train loss: 0.4810, train acc: 0.8349 | validation loss: 0.6476, validation acc: 0.7874
[     82.46s] Epoch 11/50 | train loss: 0.4671, train acc: 0.8391 | validation loss: 0.5779, validation acc: 0.8132
[     89.78s] Epoch 12/50 | train loss: 0.4428, train acc: 0.8480 | validation loss: 0.6039, validation acc: 0.8006
[     97.10s] Epoch 13/50 | train loss: 0.4258, train acc: 0.8549 | validation loss: 0.4551, validation acc: 0.8466
[    104.44s] Epoch 14/50 | train loss: 0.4140, train acc: 0.8587 | validation loss: 0.5528, validation acc: 0.8157
[    111.76s] Epoch 15/50 | train loss: 0.4004, train acc: 0.8633 | validation loss: 0.5391, validation acc: 0.8237
[    119.08s] Epoch 16/50 | train loss: 0.3834, train acc: 0.8691 | validation loss: 0.4388, validation acc: 0.8551
[    126.39s] Epoch 17/50 | train loss: 0.3704, train acc: 0.8735 | validation loss: 0.3922, validation acc: 0.8668
[    133.70s] Epoch 18/50 | train loss: 0.3598, train acc: 0.8768 | validation loss: 0.4697, validation acc: 0.8453
[    141.02s] Epoch 19/50 | train loss: 0.3459, train acc: 0.8801 | validation loss: 0.5014, validation acc: 0.8342
[    148.35s] Epoch 20/50 | train loss: 0.3325, train acc: 0.8859 | validation loss: 0.4663, validation acc: 0.8446
[    155.67s] Epoch 21/50 | train loss: 0.3249, train acc: 0.8876 | validation loss: 0.3895, validation acc: 0.8704
[    163.00s] Epoch 22/50 | train loss: 0.3072, train acc: 0.8948 | validation loss: 0.4315, validation acc: 0.8651
[    170.32s] Epoch 23/50 | train loss: 0.2926, train acc: 0.8989 | validation loss: 0.3744, validation acc: 0.8720
[    177.66s] Epoch 24/50 | train loss: 0.2827, train acc: 0.9016 | validation loss: 0.3476, validation acc: 0.8827
[    184.99s] Epoch 25/50 | train loss: 0.2654, train acc: 0.9104 | validation loss: 0.4218, validation acc: 0.8671
[    192.30s] Epoch 26/50 | train loss: 0.2576, train acc: 0.9111 | validation loss: 0.3656, validation acc: 0.8824
[    199.63s] Epoch 27/50 | train loss: 0.2458, train acc: 0.9160 | validation loss: 0.3906, validation acc: 0.8732
[    206.96s] Epoch 28/50 | train loss: 0.2309, train acc: 0.9217 | validation loss: 0.3518, validation acc: 0.8907
[    214.27s] Epoch 29/50 | train loss: 0.2139, train acc: 0.9268 | validation loss: 0.3279, validation acc: 0.8938
[    221.58s] Epoch 30/50 | train loss: 0.2042, train acc: 0.9290 | validation loss: 0.3347, validation acc: 0.8963
[    228.91s] Epoch 31/50 | train loss: 0.1893, train acc: 0.9348 | validation loss: 0.3251, validation acc: 0.8976
[    236.24s] Epoch 32/50 | train loss: 0.1785, train acc: 0.9385 | validation loss: 0.2692, validation acc: 0.9122
[    243.55s] Epoch 33/50 | train loss: 0.1544, train acc: 0.9464 | validation loss: 0.3450, validation acc: 0.8941
[    250.86s] Epoch 34/50 | train loss: 0.1432, train acc: 0.9492 | validation loss: 0.2728, validation acc: 0.9134
[    258.18s] Epoch 35/50 | train loss: 0.1284, train acc: 0.9561 | validation loss: 0.2872, validation acc: 0.9107
[    265.52s] Epoch 36/50 | train loss: 0.1045, train acc: 0.9643 | validation loss: 0.2898, validation acc: 0.9140
[    272.84s] Epoch 37/50 | train loss: 0.0938, train acc: 0.9681 | validation loss: 0.2647, validation acc: 0.9208
[    280.15s] Epoch 38/50 | train loss: 0.0790, train acc: 0.9733 | validation loss: 0.2589, validation acc: 0.9227
[    287.46s] Epoch 39/50 | train loss: 0.0663, train acc: 0.9780 | validation loss: 0.2520, validation acc: 0.9219
[    294.78s] Epoch 40/50 | train loss: 0.0504, train acc: 0.9830 | validation loss: 0.2335, validation acc: 0.9287
[    302.11s] Epoch 41/50 | train loss: 0.0399, train acc: 0.9871 | validation loss: 0.2221, validation acc: 0.9374
[    309.44s] Epoch 42/50 | train loss: 0.0312, train acc: 0.9903 | validation loss: 0.2292, validation acc: 0.9354
[    316.77s] Epoch 43/50 | train loss: 0.0242, train acc: 0.9928 | validation loss: 0.2180, validation acc: 0.9378
[    324.10s] Epoch 44/50 | train loss: 0.0172, train acc: 0.9954 | validation loss: 0.2215, validation acc: 0.9379
[    331.43s] Epoch 45/50 | train loss: 0.0140, train acc: 0.9967 | validation loss: 0.2152, validation acc: 0.9403
[    338.75s] Epoch 46/50 | train loss: 0.0116, train acc: 0.9970 | validation loss: 0.2102, validation acc: 0.9429
[    346.07s] Epoch 47/50 | train loss: 0.0102, train acc: 0.9977 | validation loss: 0.2076, validation acc: 0.9421
[    353.40s] Epoch 48/50 | train loss: 0.0090, train acc: 0.9984 | validation loss: 0.2080, validation acc: 0.9429
[    360.72s] Epoch 49/50 | train loss: 0.0080, train acc: 0.9985 | validation loss: 0.2074, validation acc: 0.9433
[    368.04s] Epoch 50/50 | train loss: 0.0082, train acc: 0.9983 | validation loss: 0.2095, validation acc: 0.9423
