[      0.00s] Arguments: epochs=50, batch_size=512, learning_rate=1.0
[      0.06s] Using device: cuda
[      8.78s] Epoch 01/50 | train loss: 3.4175, train acc: 0.1151 | validation loss: 2.2246, validation acc: 0.1461
[     15.64s] Epoch 02/50 | train loss: 2.1355, train acc: 0.1831 | validation loss: 2.1431, validation acc: 0.1647
[     22.49s] Epoch 03/50 | train loss: 2.0335, train acc: 0.1980 | validation loss: 2.0084, validation acc: 0.2022
[     29.36s] Epoch 04/50 | train loss: 1.8684, train acc: 0.2709 | validation loss: 1.8069, validation acc: 0.3123
[     36.23s] Epoch 05/50 | train loss: 1.6756, train acc: 0.3612 | validation loss: 1.7029, validation acc: 0.3596
[     43.09s] Epoch 06/50 | train loss: 1.5616, train acc: 0.4152 | validation loss: 1.6749, validation acc: 0.4092
[     49.94s] Epoch 07/50 | train loss: 1.3678, train acc: 0.4960 | validation loss: 1.6582, validation acc: 0.4632
[     56.80s] Epoch 08/50 | train loss: 1.1852, train acc: 0.5734 | validation loss: 1.3317, validation acc: 0.5431
[     63.66s] Epoch 09/50 | train loss: 1.0240, train acc: 0.6331 | validation loss: 3.1790, validation acc: 0.3347
[     70.52s] Epoch 10/50 | train loss: 0.8935, train acc: 0.6852 | validation loss: 1.5215, validation acc: 0.5621
[     77.38s] Epoch 11/50 | train loss: 0.8226, train acc: 0.7166 | validation loss: 1.0137, validation acc: 0.6531
[     84.23s] Epoch 12/50 | train loss: 0.7841, train acc: 0.7274 | validation loss: 0.9941, validation acc: 0.6551
[     91.09s] Epoch 13/50 | train loss: 0.7356, train acc: 0.7459 | validation loss: 1.9267, validation acc: 0.4849
[     97.96s] Epoch 14/50 | train loss: 0.7069, train acc: 0.7559 | validation loss: 1.1272, validation acc: 0.6277
[    104.82s] Epoch 15/50 | train loss: 0.6880, train acc: 0.7622 | validation loss: 0.8586, validation acc: 0.7071
[    111.68s] Epoch 16/50 | train loss: 0.6592, train acc: 0.7716 | validation loss: 1.6481, validation acc: 0.5986
[    118.54s] Epoch 17/50 | train loss: 0.6418, train acc: 0.7790 | validation loss: 1.2523, validation acc: 0.6009
[    125.40s] Epoch 18/50 | train loss: 0.6195, train acc: 0.7867 | validation loss: 1.5574, validation acc: 0.5698
[    132.26s] Epoch 19/50 | train loss: 0.5974, train acc: 0.7954 | validation loss: 0.9280, validation acc: 0.6910
[    139.12s] Epoch 20/50 | train loss: 0.5800, train acc: 0.8016 | validation loss: 0.8450, validation acc: 0.7069
[    145.97s] Epoch 21/50 | train loss: 0.5753, train acc: 0.8024 | validation loss: 0.8396, validation acc: 0.7157
[    152.83s] Epoch 22/50 | train loss: 0.5558, train acc: 0.8090 | validation loss: 1.6163, validation acc: 0.6127
[    159.69s] Epoch 23/50 | train loss: 0.5363, train acc: 0.8145 | validation loss: 1.4652, validation acc: 0.5888
[    166.54s] Epoch 24/50 | train loss: 0.5205, train acc: 0.8204 | validation loss: 0.8999, validation acc: 0.7076
[    173.40s] Epoch 25/50 | train loss: 0.4997, train acc: 0.8294 | validation loss: 0.7455, validation acc: 0.7591
[    180.27s] Epoch 26/50 | train loss: 0.4876, train acc: 0.8342 | validation loss: 1.0466, validation acc: 0.6749
[    187.14s] Epoch 27/50 | train loss: 0.4630, train acc: 0.8413 | validation loss: 0.7582, validation acc: 0.7376
[    194.01s] Epoch 28/50 | train loss: 0.4546, train acc: 0.8448 | validation loss: 0.8715, validation acc: 0.7233
[    200.87s] Epoch 29/50 | train loss: 0.4372, train acc: 0.8505 | validation loss: 0.9173, validation acc: 0.7379
[    207.73s] Epoch 30/50 | train loss: 0.4199, train acc: 0.8553 | validation loss: 0.6012, validation acc: 0.8036
[    214.59s] Epoch 31/50 | train loss: 0.4001, train acc: 0.8615 | validation loss: 0.7986, validation acc: 0.7447
[    221.45s] Epoch 32/50 | train loss: 0.3813, train acc: 0.8691 | validation loss: 0.6513, validation acc: 0.7959
[    228.31s] Epoch 33/50 | train loss: 0.3627, train acc: 0.8747 | validation loss: 0.5044, validation acc: 0.8306
[    235.17s] Epoch 34/50 | train loss: 0.3455, train acc: 0.8808 | validation loss: 0.6527, validation acc: 0.8001
[    242.03s] Epoch 35/50 | train loss: 0.3277, train acc: 0.8884 | validation loss: 0.5587, validation acc: 0.8194
[    248.88s] Epoch 36/50 | train loss: 0.2969, train acc: 0.8986 | validation loss: 0.5758, validation acc: 0.8173
[    255.73s] Epoch 37/50 | train loss: 0.2714, train acc: 0.9067 | validation loss: 0.4687, validation acc: 0.8506
[    262.58s] Epoch 38/50 | train loss: 0.2571, train acc: 0.9111 | validation loss: 0.4060, validation acc: 0.8671
[    269.44s] Epoch 39/50 | train loss: 0.2317, train acc: 0.9203 | validation loss: 0.4682, validation acc: 0.8522
[    276.30s] Epoch 40/50 | train loss: 0.2061, train acc: 0.9290 | validation loss: 0.4180, validation acc: 0.8662
[    283.15s] Epoch 41/50 | train loss: 0.1823, train acc: 0.9375 | validation loss: 0.3751, validation acc: 0.8799
[    290.01s] Epoch 42/50 | train loss: 0.1627, train acc: 0.9440 | validation loss: 0.3357, validation acc: 0.8908
[    296.86s] Epoch 43/50 | train loss: 0.1288, train acc: 0.9563 | validation loss: 0.3132, validation acc: 0.9012
[    303.73s] Epoch 44/50 | train loss: 0.1130, train acc: 0.9613 | validation loss: 0.3415, validation acc: 0.8937
[    310.59s] Epoch 45/50 | train loss: 0.0931, train acc: 0.9680 | validation loss: 0.2988, validation acc: 0.9094
[    317.46s] Epoch 46/50 | train loss: 0.0711, train acc: 0.9764 | validation loss: 0.2888, validation acc: 0.9173
[    324.33s] Epoch 47/50 | train loss: 0.0558, train acc: 0.9824 | validation loss: 0.2876, validation acc: 0.9146
[    331.18s] Epoch 48/50 | train loss: 0.0488, train acc: 0.9843 | validation loss: 0.2727, validation acc: 0.9208
[    338.04s] Epoch 49/50 | train loss: 0.0428, train acc: 0.9868 | validation loss: 0.2743, validation acc: 0.9204
[    344.90s] Epoch 50/50 | train loss: 0.0412, train acc: 0.9878 | validation loss: 0.2763, validation acc: 0.9199
