[      0.00s] Arguments: epochs=50, batch_size=1024, learning_rate=1.0
[      0.05s] Using device: cuda
[      8.89s] Epoch 01/50 | train loss: 4.0494, train acc: 0.1001 | validation loss: 2.3062, validation acc: 0.0978
[     15.85s] Epoch 02/50 | train loss: 2.3040, train acc: 0.1029 | validation loss: 2.3049, validation acc: 0.0940
[     22.79s] Epoch 03/50 | train loss: 2.3012, train acc: 0.1049 | validation loss: 2.3064, validation acc: 0.1061
[     29.75s] Epoch 04/50 | train loss: 2.2732, train acc: 0.1276 | validation loss: 2.3086, validation acc: 0.1196
[     36.70s] Epoch 05/50 | train loss: 2.0634, train acc: 0.1947 | validation loss: 2.0514, validation acc: 0.2003
[     43.66s] Epoch 06/50 | train loss: 1.9824, train acc: 0.2090 | validation loss: 2.0128, validation acc: 0.2088
[     50.62s] Epoch 07/50 | train loss: 1.8729, train acc: 0.2581 | validation loss: 1.9118, validation acc: 0.2593
[     57.59s] Epoch 08/50 | train loss: 1.7483, train acc: 0.3226 | validation loss: 1.7861, validation acc: 0.3189
[     64.56s] Epoch 09/50 | train loss: 1.6349, train acc: 0.3707 | validation loss: 1.8488, validation acc: 0.3578
[     71.51s] Epoch 10/50 | train loss: 1.5542, train acc: 0.4151 | validation loss: 1.9703, validation acc: 0.3476
[     78.46s] Epoch 11/50 | train loss: 1.4517, train acc: 0.4612 | validation loss: 1.6824, validation acc: 0.3821
[     85.43s] Epoch 12/50 | train loss: 1.3268, train acc: 0.5176 | validation loss: 1.5110, validation acc: 0.4733
[     92.39s] Epoch 13/50 | train loss: 1.2028, train acc: 0.5648 | validation loss: 1.7896, validation acc: 0.4351
[     99.35s] Epoch 14/50 | train loss: 1.0766, train acc: 0.6149 | validation loss: 1.2559, validation acc: 0.5678
[    106.31s] Epoch 15/50 | train loss: 0.9560, train acc: 0.6606 | validation loss: 1.1956, validation acc: 0.5998
[    113.27s] Epoch 16/50 | train loss: 0.8498, train acc: 0.6991 | validation loss: 1.3906, validation acc: 0.5656
[    120.22s] Epoch 17/50 | train loss: 0.7874, train acc: 0.7262 | validation loss: 1.4154, validation acc: 0.5960
[    127.19s] Epoch 18/50 | train loss: 0.6992, train acc: 0.7594 | validation loss: 1.4181, validation acc: 0.5778
[    134.14s] Epoch 19/50 | train loss: 0.6515, train acc: 0.7743 | validation loss: 1.0767, validation acc: 0.6687
[    141.10s] Epoch 20/50 | train loss: 0.6048, train acc: 0.7920 | validation loss: 0.7618, validation acc: 0.7438
[    148.05s] Epoch 21/50 | train loss: 0.5778, train acc: 0.7997 | validation loss: 0.8339, validation acc: 0.7199
[    155.01s] Epoch 22/50 | train loss: 0.5388, train acc: 0.8145 | validation loss: 0.9859, validation acc: 0.6910
[    161.97s] Epoch 23/50 | train loss: 0.5198, train acc: 0.8205 | validation loss: 1.5447, validation acc: 0.5964
[    168.94s] Epoch 24/50 | train loss: 0.4864, train acc: 0.8335 | validation loss: 0.9764, validation acc: 0.7000
[    175.90s] Epoch 25/50 | train loss: 0.4527, train acc: 0.8443 | validation loss: 0.8157, validation acc: 0.7378
[    182.87s] Epoch 26/50 | train loss: 0.4429, train acc: 0.8471 | validation loss: 0.6384, validation acc: 0.7841
[    189.82s] Epoch 27/50 | train loss: 0.4143, train acc: 0.8569 | validation loss: 1.1624, validation acc: 0.6784
[    196.79s] Epoch 28/50 | train loss: 0.4007, train acc: 0.8626 | validation loss: 0.6834, validation acc: 0.7772
[    203.75s] Epoch 29/50 | train loss: 0.3670, train acc: 0.8737 | validation loss: 1.0083, validation acc: 0.7112
[    210.72s] Epoch 30/50 | train loss: 0.3593, train acc: 0.8755 | validation loss: 0.5191, validation acc: 0.8286
[    217.68s] Epoch 31/50 | train loss: 0.3412, train acc: 0.8830 | validation loss: 0.5846, validation acc: 0.8186
[    224.65s] Epoch 32/50 | train loss: 0.3069, train acc: 0.8929 | validation loss: 0.6174, validation acc: 0.8023
[    231.62s] Epoch 33/50 | train loss: 0.2885, train acc: 0.9009 | validation loss: 0.5443, validation acc: 0.8202
[    238.58s] Epoch 34/50 | train loss: 0.2781, train acc: 0.9033 | validation loss: 0.4665, validation acc: 0.8457
[    245.54s] Epoch 35/50 | train loss: 0.2527, train acc: 0.9134 | validation loss: 0.4641, validation acc: 0.8484
[    252.50s] Epoch 36/50 | train loss: 0.2349, train acc: 0.9178 | validation loss: 0.5124, validation acc: 0.8382
[    259.46s] Epoch 37/50 | train loss: 0.2126, train acc: 0.9282 | validation loss: 0.4469, validation acc: 0.8537
[    266.42s] Epoch 38/50 | train loss: 0.1911, train acc: 0.9343 | validation loss: 0.3740, validation acc: 0.8799
[    273.39s] Epoch 39/50 | train loss: 0.1668, train acc: 0.9435 | validation loss: 0.3856, validation acc: 0.8764
[    280.35s] Epoch 40/50 | train loss: 0.1389, train acc: 0.9526 | validation loss: 0.3417, validation acc: 0.8936
[    287.31s] Epoch 41/50 | train loss: 0.1240, train acc: 0.9572 | validation loss: 0.3690, validation acc: 0.8910
[    294.27s] Epoch 42/50 | train loss: 0.1041, train acc: 0.9644 | validation loss: 0.3222, validation acc: 0.8999
[    301.23s] Epoch 43/50 | train loss: 0.0874, train acc: 0.9710 | validation loss: 0.2991, validation acc: 0.9107
[    308.19s] Epoch 44/50 | train loss: 0.0706, train acc: 0.9774 | validation loss: 0.2943, validation acc: 0.9116
[    315.14s] Epoch 45/50 | train loss: 0.0585, train acc: 0.9812 | validation loss: 0.2923, validation acc: 0.9132
[    322.11s] Epoch 46/50 | train loss: 0.0479, train acc: 0.9851 | validation loss: 0.2862, validation acc: 0.9150
[    329.07s] Epoch 47/50 | train loss: 0.0414, train acc: 0.9870 | validation loss: 0.2856, validation acc: 0.9163
[    336.02s] Epoch 48/50 | train loss: 0.0373, train acc: 0.9891 | validation loss: 0.2805, validation acc: 0.9181
[    342.98s] Epoch 49/50 | train loss: 0.0336, train acc: 0.9904 | validation loss: 0.2809, validation acc: 0.9187
[    349.93s] Epoch 50/50 | train loss: 0.0324, train acc: 0.9908 | validation loss: 0.2813, validation acc: 0.9179
