[      0.00s] Arguments: epochs=50, batch_size=512, learning_rate=0.005
[      0.06s] Using device: cuda
[      8.78s] Epoch 01/50 | train loss: 1.7183, train acc: 0.3624 | validation loss: 1.4879, validation acc: 0.4424
[     15.65s] Epoch 02/50 | train loss: 1.3173, train acc: 0.5209 | validation loss: 1.2609, validation acc: 0.5553
[     22.51s] Epoch 03/50 | train loss: 1.1152, train acc: 0.6003 | validation loss: 1.0620, validation acc: 0.6193
[     29.38s] Epoch 04/50 | train loss: 0.9556, train acc: 0.6591 | validation loss: 0.9655, validation acc: 0.6607
[     36.26s] Epoch 05/50 | train loss: 0.8435, train acc: 0.6997 | validation loss: 0.9359, validation acc: 0.6787
[     43.13s] Epoch 06/50 | train loss: 0.7519, train acc: 0.7352 | validation loss: 1.0331, validation acc: 0.6738
[     50.00s] Epoch 07/50 | train loss: 0.6844, train acc: 0.7599 | validation loss: 0.8667, validation acc: 0.7152
[     56.88s] Epoch 08/50 | train loss: 0.6240, train acc: 0.7823 | validation loss: 0.7333, validation acc: 0.7544
[     63.76s] Epoch 09/50 | train loss: 0.5854, train acc: 0.7955 | validation loss: 0.8394, validation acc: 0.7202
[     70.64s] Epoch 10/50 | train loss: 0.5454, train acc: 0.8082 | validation loss: 0.7968, validation acc: 0.7387
[     77.51s] Epoch 11/50 | train loss: 0.4916, train acc: 0.8291 | validation loss: 0.7212, validation acc: 0.7654
[     84.39s] Epoch 12/50 | train loss: 0.4714, train acc: 0.8354 | validation loss: 0.6778, validation acc: 0.7759
[     91.26s] Epoch 13/50 | train loss: 0.4349, train acc: 0.8492 | validation loss: 0.7589, validation acc: 0.7603
[     98.13s] Epoch 14/50 | train loss: 0.4147, train acc: 0.8559 | validation loss: 0.5700, validation acc: 0.8124
[    105.00s] Epoch 15/50 | train loss: 0.3956, train acc: 0.8625 | validation loss: 0.5994, validation acc: 0.8116
[    111.87s] Epoch 16/50 | train loss: 0.3635, train acc: 0.8741 | validation loss: 0.5793, validation acc: 0.8124
[    118.73s] Epoch 17/50 | train loss: 0.3518, train acc: 0.8775 | validation loss: 0.5942, validation acc: 0.8097
[    125.60s] Epoch 18/50 | train loss: 0.3312, train acc: 0.8851 | validation loss: 0.5418, validation acc: 0.8238
[    132.46s] Epoch 19/50 | train loss: 0.3040, train acc: 0.8953 | validation loss: 0.4953, validation acc: 0.8422
[    139.34s] Epoch 20/50 | train loss: 0.2963, train acc: 0.8954 | validation loss: 0.5143, validation acc: 0.8391
[    146.22s] Epoch 21/50 | train loss: 0.2754, train acc: 0.9054 | validation loss: 0.5060, validation acc: 0.8401
[    153.09s] Epoch 22/50 | train loss: 0.2660, train acc: 0.9076 | validation loss: 0.4842, validation acc: 0.8494
[    159.96s] Epoch 23/50 | train loss: 0.2479, train acc: 0.9134 | validation loss: 0.4850, validation acc: 0.8466
[    166.83s] Epoch 24/50 | train loss: 0.2360, train acc: 0.9179 | validation loss: 0.5151, validation acc: 0.8437
[    173.70s] Epoch 25/50 | train loss: 0.2253, train acc: 0.9229 | validation loss: 0.4774, validation acc: 0.8503
[    180.56s] Epoch 26/50 | train loss: 0.2080, train acc: 0.9262 | validation loss: 0.5667, validation acc: 0.8364
[    187.43s] Epoch 27/50 | train loss: 0.1933, train acc: 0.9334 | validation loss: 0.4815, validation acc: 0.8593
[    194.30s] Epoch 28/50 | train loss: 0.1827, train acc: 0.9365 | validation loss: 0.4681, validation acc: 0.8607
[    201.18s] Epoch 29/50 | train loss: 0.1722, train acc: 0.9399 | validation loss: 0.4461, validation acc: 0.8630
[    208.07s] Epoch 30/50 | train loss: 0.1607, train acc: 0.9444 | validation loss: 0.4713, validation acc: 0.8617
[    214.94s] Epoch 31/50 | train loss: 0.1501, train acc: 0.9483 | validation loss: 0.4669, validation acc: 0.8626
[    221.80s] Epoch 32/50 | train loss: 0.1405, train acc: 0.9525 | validation loss: 0.4878, validation acc: 0.8641
[    228.68s] Epoch 33/50 | train loss: 0.1314, train acc: 0.9552 | validation loss: 0.4415, validation acc: 0.8729
[    235.54s] Epoch 34/50 | train loss: 0.1209, train acc: 0.9589 | validation loss: 0.4738, validation acc: 0.8689
[    242.41s] Epoch 35/50 | train loss: 0.1155, train acc: 0.9615 | validation loss: 0.4452, validation acc: 0.8742
[    249.28s] Epoch 36/50 | train loss: 0.1063, train acc: 0.9654 | validation loss: 0.4375, validation acc: 0.8741
[    256.15s] Epoch 37/50 | train loss: 0.0996, train acc: 0.9677 | validation loss: 0.4759, validation acc: 0.8702
[    263.03s] Epoch 38/50 | train loss: 0.0953, train acc: 0.9690 | validation loss: 0.4435, validation acc: 0.8760
[    269.90s] Epoch 39/50 | train loss: 0.0902, train acc: 0.9710 | validation loss: 0.4425, validation acc: 0.8782
[    276.77s] Epoch 40/50 | train loss: 0.0854, train acc: 0.9728 | validation loss: 0.4321, validation acc: 0.8817
[    283.64s] Epoch 41/50 | train loss: 0.0811, train acc: 0.9744 | validation loss: 0.4314, validation acc: 0.8813
[    290.51s] Epoch 42/50 | train loss: 0.0808, train acc: 0.9746 | validation loss: 0.4359, validation acc: 0.8803
[    297.38s] Epoch 43/50 | train loss: 0.0750, train acc: 0.9775 | validation loss: 0.4318, validation acc: 0.8822
[    304.25s] Epoch 44/50 | train loss: 0.0741, train acc: 0.9776 | validation loss: 0.4351, validation acc: 0.8804
[    311.13s] Epoch 45/50 | train loss: 0.0709, train acc: 0.9785 | validation loss: 0.4359, validation acc: 0.8797
[    318.02s] Epoch 46/50 | train loss: 0.0705, train acc: 0.9784 | validation loss: 0.4311, validation acc: 0.8812
[    324.88s] Epoch 47/50 | train loss: 0.0687, train acc: 0.9794 | validation loss: 0.4302, validation acc: 0.8807
[    331.75s] Epoch 48/50 | train loss: 0.0665, train acc: 0.9807 | validation loss: 0.4318, validation acc: 0.8821
[    338.62s] Epoch 49/50 | train loss: 0.0687, train acc: 0.9799 | validation loss: 0.4315, validation acc: 0.8811
[    345.50s] Epoch 50/50 | train loss: 0.0670, train acc: 0.9798 | validation loss: 0.4312, validation acc: 0.8811
